02-24 10:19:38.504  3569 17433 I Icing   : Indexing com.google.android.apps.docs-internal.3p:DigitalDocument from com.google.android.apps.docs using seqno 0
02-24 10:19:38.504  3569 17433 I Icing   : Indexing com.google.android.apps.docs-internal.3p:DigitalDocument from com.google.android.apps.docs using seqno 0
02-24 10:19:38.514 22129 22129 D TimaKeyStoreProvider: TimaSignature is unavailable
02-24 10:19:38.514 22129 22129 D ActivityThread: Added TimaKeyStore provider
02-24 10:19:38.514  3569 17433 I Icing   : Indexing com.google.android.apps.docs-internal.3p:DigitalDocument from com.google.android.apps.docs using seqno 0
02-24 10:19:38.514 18160 18216 D ScanRecord: parseFromBytes
02-24 10:19:38.514 18160 18216 D ScanRecord: first manudata for manu ID
02-24 10:19:38.514 13023 19896 W CelloCake: [LOGGING68f5d8f9-5] Completed: updateFile(request=# com.google.apps.drive.dataservice.UpdateItemRequest@73666b0c){account=68f5d8f9, submitTimeMs=475860807, startTimeMs=475860827, waitTimeMs=20, endTimeMs=475890901, durationMs=30094, succeeded, timedOut}
02-24 10:19:38.514 18160 18216 D ScanRecord: parseFromBytes
02-24 10:19:38.514 18160 18216 D ScanRecord: first manudata for manu ID
02-24 10:19:38.514 18160 16515 D BtGatt.ContextMap: sendClientScanResult for app id 8
02-24 10:19:38.514 11718 11728 D ScanRecord: parseFromBytes
02-24 10:19:38.514 11718 11728 D ScanRecord: first manudata for manu ID
02-24 10:19:38.514  2772  4272 I ActivityManager: Killing 21668:com.sec.android.widgetapp.samsungapps/u0a82 (adj 15): DHA:empty #17
02-24 10:19:38.514  2772  3066 V AlarmManager:  remove PendingIntent] PendingIntent{af50e63: PendingIntentRecord{a1388a com.android.bluetooth broadcastIntent}}
02-24 10:19:38.524 21902 21902 I Finsky  : [1] trt.a(37): Cancelling existing jobscheduler jobs: 9002 9003 9012 9008 9016 9011 9000 9010 9017 9001 
02-24 10:19:38.524 21902 21902 I Finsky  : [1] trt.a(30): Scheduling job Id: 9004, L: 14450, D: 72684821, C: false, I: false, N: 1
02-24 10:19:38.524  3569 17433 I Icing   : Indexing com.google.android.apps.docs-internal.3p:DigitalDocument from com.google.android.apps.docs using seqno 0
02-24 10:19:38.524 22129 22129 D ResourcesManager: For user 0 new overlays fetched Null
02-24 10:19:38.534  2772  4077 D ActivityManager: removeProcessNameLocked mProcessNames.remove pid=21668 ,hash=148350588 ,name=com.sec.android.widgetapp.samsungapps
02-24 10:19:38.534  3569 17433 I Icing   : Indexing com.google.android.apps.docs-internal.3p:DigitalDocument from com.google.android.apps.docs using seqno 0
02-24 10:19:38.534  3569 17433 I Icing   : Indexing com.google.android.apps.docs-internal.3p:DigitalDocument from com.google.android.apps.docs using seqno 0
02-24 10:19:38.534 21902 21902 I Finsky  : [1] trt.a(14): Throttling wakeup for job 9005 (expected to run in 0 ms) due to recent wakeup
02-24 10:19:38.534 21902 21902 I Finsky  : [1] trt.a(30): Scheduling job Id: 9005, L: 30000, D: 86399819, C: true, I: false, N: 2
02-24 10:19:38.534  2772  4077 D ActivityManager: cleanUpApplicationRecord -- 21668
02-24 10:19:38.534  2772  4077 D ActivityManager: isAutoRunBlockedApp:: com.sec.android.widgetapp.samsungapps, Auto Run ON
02-24 10:19:38.544 18160 18216 D ScanRecord: parseFromBytes
02-24 10:19:38.544 21902 21902 I Finsky  : [1] trt.a(14): Throttling wakeup for job 9006 (expected to run in 0 ms) due to recent wakeup
02-24 10:19:38.544 18160 18216 D ScanRecord: first manudata for manu ID
02-24 10:19:38.544 18160 18216 D ScanRecord: parseFromBytes
02-24 10:19:38.544 18160 18216 D ScanRecord: first manudata for manu ID
02-24 10:19:38.544 18160 16515 D BtGatt.ContextMap: sendClientScanResult for app id 8
02-24 10:19:38.544  3569 17433 I Icing   : Indexing com.google.android.apps.docs-internal.3p:DigitalDocument from com.google.android.apps.docs using seqno 0
02-24 10:19:38.544 21902 21902 I Finsky  : [1] trt.a(30): Scheduling job Id: 9006, L: 30000, D: 1282385700, C: false, I: true, N: 2
02-24 10:19:38.544 11718 11729 D ScanRecord: parseFromBytes
02-24 10:19:38.544 11718 11729 D ScanRecord: first manudata for manu ID
02-24 10:19:38.544 21902 21902 I Finsky  : [1] trt.a(14): Throttling wakeup for job 9007 (expected to run in 0 ms) due to recent wakeup
02-24 10:19:38.544 21902 21902 I Finsky  : [1] trt.a(30): Scheduling job Id: 9007, L: 30000, D: 1282385700, C: true, I: true, N: 2
02-24 10:19:38.544  3569 17433 I Icing   : Indexing com.google.android.apps.docs-internal.3p:DigitalDocument from com.google.android.apps.docs using seqno 0
02-24 10:19:38.544 22129 22129 W System  : ClassLoader referenced unknown path: /system/priv-app/Shell/lib/arm
02-24 10:19:38.544 21902 21902 I Finsky  : [1] trt.a(30): Scheduling job Id: 9009, L: 28828, D: 58828, C: false, I: false, N: 0
02-24 10:19:38.544  3569 17433 I Icing   : Indexing com.google.android.apps.docs-internal.3p:DigitalDocument from com.google.android.apps.docs using seqno 0
02-24 10:19:38.544  2772  3305 V AlarmManager:  remove PendingIntent] PendingIntent{32f07de: PendingIntentRecord{a1388a com.android.bluetooth broadcastIntent}}
02-24 10:19:38.554  3569 17433 I Icing   : Indexing com.google.android.apps.docs-internal.3p:DigitalDocument from com.google.android.apps.docs using seqno 0
02-24 10:19:38.554 21902 21902 I Finsky  : [1] trt.a(30): Scheduling job Id: 9013, L: 14450, D: 72684821, C: false, I: false, N: 1
02-24 10:19:38.554  3569 17433 I Icing   : Indexing com.google.android.apps.docs-internal.3p:DigitalDocument from com.google.android.apps.docs using seqno 0
02-24 10:19:38.554 21902 21902 I Finsky  : [1] trt.a(14): Throttling wakeup for job 9014 (expected to run in 0 ms) due to recent wakeup
02-24 10:19:38.554 21902 21902 I Finsky  : [1] trt.a(30): Scheduling job Id: 9014, L: 30000, D: 86399819, C: true, I: false, N: 2
02-24 10:19:38.564 21902 21902 I Finsky  : [1] trt.a(14): Throttling wakeup for job 9015 (expected to run in 0 ms) due to recent wakeup
02-24 10:19:38.564  3569 17433 I Icing   : Indexing com.google.android.apps.docs-internal.3p:DigitalDocument from com.google.android.apps.docs using seqno 0
02-24 10:19:38.564 21902 21902 I Finsky  : [1] trt.a(30): Scheduling job Id: 9015, L: 30000, D: 1282385700, C: false, I: true, N: 2
02-24 10:19:38.564 21902 21902 I Finsky  : [1] trt.a(14): Throttling wakeup for job 9018 (expected to run in 0 ms) due to recent wakeup
02-24 10:19:38.564 21902 21902 I Finsky  : [1] trt.a(30): Scheduling job Id: 9018, L: 30000, D: 1282385700, C: true, I: true, N: 2
02-24 10:19:38.564  3569 17433 I Icing   : Indexing com.google.android.apps.docs-internal.3p:DigitalDocument from com.google.android.apps.docs using seqno 0
02-24 10:19:38.564 13023 19897 W CelloCake: [LOGGING68f5d8f9-6] Completed: updateFile(request=# com.google.apps.drive.dataservice.UpdateItemRequest@e95d343b){account=68f5d8f9, submitTimeMs=475860807, startTimeMs=475860827, waitTimeMs=20, endTimeMs=475890949, durationMs=30142, succeeded, timedOut}
02-24 10:19:38.564 21902 21902 I Finsky  : [1] trt.a(30): Scheduling job Id: 9019, L: 28828, D: 58828, C: false, I: false, N: 0
02-24 10:19:38.564  3569 17433 I Icing   : Indexing com.google.android.apps.docs-internal.3p:DigitalDocument from com.google.android.apps.docs using seqno 0
02-24 10:19:38.564 18160 18216 D ScanRecord: parseFromBytes
02-24 10:19:38.564 18160 18216 D ScanRecord: first manudata for manu ID
02-24 10:19:38.564 18160 18216 D ScanRecord: parseFromBytes
02-24 10:19:38.564 18160 18216 D ScanRecord: first manudata for manu ID
02-24 10:19:38.564  2772  3315 V AlarmManager:  remove PendingIntent] PendingIntent{b0015b7: PendingIntentRecord{a1388a com.android.bluetooth broadcastIntent}}
02-24 10:19:38.574 18160 16515 D BtGatt.ContextMap: sendClientScanResult for app id 8
02-24 10:19:38.574 11718 11728 D ScanRecord: parseFromBytes
02-24 10:19:38.574 11718 11728 D ScanRecord: first manudata for manu ID
02-24 10:19:38.574 21902 21902 I Finsky  : [1] ttj.a(7): SCH: Jobs in database: 1-1337 3-28395 12-1 26-1414141414 29-29 34-529 34-534 34-535 
02-24 10:19:38.574 21902 22060 I Finsky  : [74782] nan.c(27): IQ: Creating job 28396, for (REQ_DEVICE_IDLE, REQ_GEARHEAD_PROJECTION_OFF, MIN_BATTERY=50, SHOULD_APPLY_BUDGET=true, NETWORK=UNMETERED, PROVISIONING_STATE=PROVISIONED)
02-24 10:19:38.574  3569 17433 I Icing   : Indexing com.google.android.apps.docs-internal.3p:DigitalDocument from com.google.android.apps.docs using seqno 0
02-24 10:19:38.574 21902 21902 I Finsky  : [1] tpg.a(58): SCH: ConstraintMapping: 34-534, 1-1337, 12-1,  -> L: 14319ms, D: 72684690ms, C: false, I: false, N: 1
02-24 10:19:38.574 21902 21902 I Finsky  : [1] tpg.a(58): SCH: ConstraintMapping: 3-28395,  -> L: 0ms, D: 86399688ms, C: true, I: false, N: 2
02-24 10:19:38.574 21902 21902 I Finsky  : [1] tpg.a(58): SCH: ConstraintMapping: 34-535, 34-529,  -> L: 0ms, D: 1282385569ms, C: false, I: true, N: 2
02-24 10:19:38.574 21902 21902 I Finsky  : [1] tpg.a(58): SCH: ConstraintMapping: 34-535, 34-529,  -> L: 0ms, D: 1282385569ms, C: true, I: true, N: 2
02-24 10:19:38.574 21902 21902 I Finsky  : [1] tpg.a(58): SCH: ConstraintMapping: 29-29, 26-1414141414,  -> L: 28698ms, D: 58698ms, C: false, I: false, N: 0
02-24 10:19:38.584  3569 17433 I Icing   : Indexing com.google.android.apps.docs-internal.3p:DigitalDocument from com.google.android.apps.docs using seqno 0
02-24 10:19:38.584  3569 17433 I Icing   : Indexing com.google.android.apps.docs-internal.3p:DigitalDocument from com.google.android.apps.docs using seqno 0
02-24 10:19:38.584  3569 17433 I Icing   : Indexing com.google.android.apps.docs-internal.3p:DigitalDocument from com.google.android.apps.docs using seqno 0
02-24 10:19:38.594  3569 17433 I Icing   : Indexing com.google.android.apps.docs-internal.3p:DigitalDocument from com.google.android.apps.docs using seqno 0
02-24 10:19:38.594  3569 17433 I Icing   : Indexing com.google.android.apps.docs-internal.3p:DigitalDocument from com.google.android.apps.docs using seqno 0
02-24 10:19:38.594  3569 17433 I Icing   : Indexing com.google.android.apps.docs-internal.3p:DigitalDocument from com.google.android.apps.docs using seqno 0
02-24 10:19:38.604 13023 19896 W CelloCake: [LOGGING68f5d8f9-5] Completed: updateFile(request=# com.google.apps.drive.dataservice.UpdateItemRequest@7aa2ad60){account=68f5d8f9, submitTimeMs=475860807, startTimeMs=475860827, waitTimeMs=20, endTimeMs=475890986, durationMs=30179, succeeded, timedOut}
02-24 10:19:38.604  3569 17433 I Icing   : Indexing com.google.android.apps.docs-internal.3p:DigitalDocument from com.google.android.apps.docs using seqno 0
02-24 10:19:38.604  3569 17433 I Icing   : Indexing com.google.android.apps.docs-internal.3p:DigitalDocument from com.google.android.apps.docs using seqno 0
02-24 10:19:38.604  3569 17433 I Icing   : Indexing com.google.android.apps.docs-internal.3p:DigitalDocument from com.google.android.apps.docs using seqno 0
02-24 10:19:38.614  3569 17433 I Icing   : Indexing com.google.android.apps.docs-internal.3p:DigitalDocument from com.google.android.apps.docs using seqno 0
02-24 10:19:38.614  3569 17433 I Icing   : Indexing com.google.android.apps.docs-internal.3p:DigitalDocument from com.google.android.apps.docs using seqno 0
02-24 10:19:38.624  3569 17433 I Icing   : Indexing com.google.android.apps.docs-internal.3p:DigitalDocument from com.google.android.apps.docs using seqno 0
02-24 10:19:38.624 18160 18216 D ScanRecord: parseFromBytes
02-24 10:19:38.624 18160 18216 D ScanRecord: first manudata for manu ID
02-24 10:19:38.624 18160 18216 D ScanRecord: parseFromBytes
02-24 10:19:38.624 18160 18216 D ScanRecord: first manudata for manu ID
02-24 10:19:38.624 18160 16515 D BtGatt.ContextMap: sendClientScanResult for app id 8
02-24 10:19:38.624 11718 11729 D ScanRecord: parseFromBytes
02-24 10:19:38.624 11718 11729 D ScanRecord: first manudata for manu ID
02-24 10:19:38.624 18160 18216 D ScanRecord: parseFromBytes
02-24 10:19:38.624 18160 18216 D ScanRecord: first manudata for manu ID
02-24 10:19:38.624 18160 18216 D ScanRecord: parseFromBytes
02-24 10:19:38.624 18160 18216 D ScanRecord: first manudata for manu ID
02-24 10:19:38.624 18160 16515 D BtGatt.ContextMap: sendClientScanResult for app id 8
02-24 10:19:38.624 11718 11728 D ScanRecord: parseFromBytes
02-24 10:19:38.624 11718 11728 D ScanRecord: first manudata for manu ID
02-24 10:19:38.624  3569 17433 I Icing   : Indexing com.google.android.apps.docs-internal.3p:DigitalDocument from com.google.android.apps.docs using seqno 0
02-24 10:19:38.624  3569 17433 I Icing   : Indexing com.google.android.apps.docs-internal.3p:DigitalDocument from com.google.android.apps.docs using seqno 0
02-24 10:19:38.624  2772  3305 V AlarmManager:  remove PendingIntent] PendingIntent{8313124: PendingIntentRecord{a1388a com.android.bluetooth broadcastIntent}}
02-24 10:19:38.624  2772  3304 V AlarmManager:  remove PendingIntent] PendingIntent{fc3148d: PendingIntentRecord{a1388a com.android.bluetooth broadcastIntent}}
02-24 10:19:38.634  3569 17433 I Icing   : Indexing com.google.android.apps.docs-internal.3p:DigitalDocument from com.google.android.apps.docs using seqno 0
02-24 10:19:38.634  3569 17433 I Icing   : Indexing com.google.android.apps.docs-internal.3p:DigitalDocument from com.google.android.apps.docs using seqno 0
02-24 10:19:38.634 13023 19896 W CelloCake: [LOGGING68f5d8f9-5] Completed: updateFile(request=# com.google.apps.drive.dataservice.UpdateItemRequest@c1759da2){account=68f5d8f9, submitTimeMs=475860808, startTimeMs=475860827, waitTimeMs=19, endTimeMs=475891018, durationMs=30210, succeeded, timedOut}
02-24 10:19:38.634  3569 17433 I Icing   : Indexing com.google.android.apps.docs-internal.3p:DigitalDocument from com.google.android.apps.docs using seqno 0
02-24 10:19:38.644  3569 17433 I Icing   : Indexing com.google.android.apps.docs-internal.3p:DigitalDocument from com.google.android.apps.docs using seqno 0
02-24 10:19:38.644  3569 17433 I Icing   : Indexing com.google.android.apps.docs-internal.3p:DigitalDocument from com.google.android.apps.docs using seqno 0
02-24 10:19:38.644  3569 17433 I Icing   : Indexing com.google.android.apps.docs-internal.3p:DigitalDocument from com.google.android.apps.docs using seqno 0
02-24 10:19:38.654 21902 21902 I Finsky  : [1] trt.a(37): Cancelling existing jobscheduler jobs: 9006 9015 9007 9013 9014 9004 9009 9018 9019 9005 
02-24 10:19:38.654 21902 21902 I Finsky  : [1] trt.a(30): Scheduling job Id: 9000, L: 14319, D: 72684690, C: false, I: false, N: 1
02-24 10:19:38.654 21902 21902 I Finsky  : [1] trt.a(14): Throttling wakeup for job 9001 (expected to run in 0 ms) due to recent wakeup
02-24 10:19:38.654 21902 21902 I Finsky  : [1] trt.a(30): Scheduling job Id: 9001, L: 30000, D: 86399688, C: true, I: false, N: 2
02-24 10:19:38.654 21902 21902 I Finsky  : [1] trt.a(14): Throttling wakeup for job 9002 (expected to run in 0 ms) due to recent wakeup
02-24 10:19:38.654 21902 21902 I Finsky  : [1] trt.a(30): Scheduling job Id: 9002, L: 30000, D: 1282385569, C: false, I: true, N: 2
02-24 10:19:38.654 21902 21902 I Finsky  : [1] trt.a(14): Throttling wakeup for job 9003 (expected to run in 0 ms) due to recent wakeup
02-24 10:19:38.654 21902 21902 I Finsky  : [1] trt.a(30): Scheduling job Id: 9003, L: 30000, D: 1282385569, C: true, I: true, N: 2
02-24 10:19:38.664 21902 21902 I Finsky  : [1] trt.a(30): Scheduling job Id: 9008, L: 28698, D: 58698, C: false, I: false, N: 0
02-24 10:19:38.664 21902 21902 I Finsky  : [1] trt.a(30): Scheduling job Id: 9010, L: 14319, D: 72684690, C: false, I: false, N: 1
02-24 10:19:38.664 21902 21902 I Finsky  : [1] trt.a(14): Throttling wakeup for job 9011 (expected to run in 0 ms) due to recent wakeup
02-24 10:19:38.664 21902 21902 I Finsky  : [1] trt.a(30): Scheduling job Id: 9011, L: 30000, D: 86399688, C: true, I: false, N: 2
02-24 10:19:38.664 13023 19896 W CelloCake: [LOGGING68f5d8f9-5] Completed: updateFile(request=# com.google.apps.drive.dataservice.UpdateItemRequest@9264ac86){account=68f5d8f9, submitTimeMs=475860808, startTimeMs=475860827, waitTimeMs=19, endTimeMs=475891050, durationMs=30242, succeeded, timedOut}
02-24 10:19:38.664 21902 21902 I Finsky  : [1] trt.a(14): Throttling wakeup for job 9012 (expected to run in 0 ms) due to recent wakeup
02-24 10:19:38.664 21902 21902 I Finsky  : [1] trt.a(30): Scheduling job Id: 9012, L: 30000, D: 1282385569, C: false, I: true, N: 2
02-24 10:19:38.664 21902 21902 I Finsky  : [1] trt.a(14): Throttling wakeup for job 9016 (expected to run in 0 ms) due to recent wakeup
02-24 10:19:38.674 21902 21902 I Finsky  : [1] trt.a(30): Scheduling job Id: 9016, L: 30000, D: 1282385569, C: true, I: true, N: 2
02-24 10:19:38.674 21902 21902 I Finsky  : [1] trt.a(30): Scheduling job Id: 9017, L: 28698, D: 58698, C: false, I: false, N: 0
02-24 10:19:38.684 21902 21902 I Finsky  : [1] ttj.a(7): SCH: Jobs in database: 1-1337 3-28395 3-28396 12-1 26-1414141414 29-29 34-529 34-534 34-535 
02-24 10:19:38.684 21902 22060 I Finsky  : [74782] nan.c(27): IQ: Creating job 28397, for (REQ_CHARGING, REQ_DEVICE_IDLE, REQ_GEARHEAD_PROJECTION_OFF, NETWORK=UNMETERED, PROVISIONING_STATE=PROVISIONED)
02-24 10:19:38.684 21902 21902 I Finsky  : [1] tpg.a(58): SCH: ConstraintMapping: 34-534, 1-1337, 12-1,  -> L: 14211ms, D: 72684583ms, C: false, I: false, N: 1
02-24 10:19:38.684 21902 21902 I Finsky  : [1] tpg.a(58): SCH: ConstraintMapping: 3-28395,  -> L: 0ms, D: 86399580ms, C: true, I: false, N: 2
02-24 10:19:38.684 21902 21902 I Finsky  : [1] tpg.a(58): SCH: ConstraintMapping: 34-535, 34-529, 3-28396,  -> L: 0ms, D: 86399892ms, C: false, I: true, N: 2
02-24 10:19:38.684 21902 21902 I Finsky  : [1] tpg.a(58): SCH: ConstraintMapping: 34-535, 34-529,  -> L: 0ms, D: 1282385461ms, C: true, I: true, N: 2
02-24 10:19:38.684 21902 21902 I Finsky  : [1] tpg.a(58): SCH: ConstraintMapping: 26-1414141414, 29-29,  -> L: 28590ms, D: 58590ms, C: false, I: false, N: 0
02-24 10:19:38.684  3569 17433 I Icing   : Indexing com.google.android.apps.docs-internal.3p:DigitalDocument from com.google.android.apps.docs using seqno 0
02-24 10:19:38.694  3569 17433 I Icing   : Indexing com.google.android.apps.docs-internal.3p:DigitalDocument from com.google.android.apps.docs using seqno 0
02-24 10:19:38.694  3569 17433 I Icing   : Indexing com.google.android.apps.docs-internal.3p:DigitalDocument from com.google.android.apps.docs using seqno 0
02-24 10:19:38.694  3569 17433 I Icing   : Indexing com.google.android.apps.docs-internal.3p:DigitalDocument from com.google.android.apps.docs using seqno 0
02-24 10:19:38.704 13023 19896 W CelloCake: [LOGGING68f5d8f9-5] Completed: updateFile(request=# com.google.apps.drive.dataservice.UpdateItemRequest@f4080454){account=68f5d8f9, submitTimeMs=475860809, startTimeMs=475860827, waitTimeMs=18, endTimeMs=475891084, durationMs=30275, succeeded, timedOut}
02-24 10:19:38.704  3569 17433 I Icing   : Indexing com.google.android.apps.docs-internal.3p:DigitalDocument from com.google.android.apps.docs using seqno 0
02-24 10:19:38.704  3569 17433 I Icing   : Indexing com.google.android.apps.docs-internal.3p:DigitalDocument from com.google.android.apps.docs using seqno 0
02-24 10:19:38.704 18160 18216 D ScanRecord: parseFromBytes
02-24 10:19:38.704 18160 18216 D ScanRecord: first manudata for manu ID
02-24 10:19:38.704 18160 18216 D ScanRecord: parseFromBytes
02-24 10:19:38.704 18160 18216 D ScanRecord: first manudata for manu ID
02-24 10:19:38.704 18160 16515 D BtGatt.ContextMap: sendClientScanResult for app id 8
02-24 10:19:38.704 11718 11729 D ScanRecord: parseFromBytes
02-24 10:19:38.704 11718 11729 D ScanRecord: first manudata for manu ID
02-24 10:19:38.704  3569 17433 I Icing   : Indexing com.google.android.apps.docs-internal.3p:DigitalDocument from com.google.android.apps.docs using seqno 0
02-24 10:19:38.704  2772  3305 V AlarmManager:  remove PendingIntent] PendingIntent{e79eca8: PendingIntentRecord{a1388a com.android.bluetooth broadcastIntent}}
02-24 10:19:38.714  3569 17433 I Icing   : Indexing com.google.android.apps.docs-internal.3p:DigitalDocument from com.google.android.apps.docs using seqno 0
02-24 10:19:38.714  3569 17433 I Icing   : Indexing com.google.android.apps.docs-internal.3p:DigitalDocument from com.google.android.apps.docs using seqno 0
02-24 10:19:38.714  3569 17433 I Icing   : Indexing com.google.android.apps.docs-internal.3p:DigitalDocument from com.google.android.apps.docs using seqno 0
02-24 10:19:38.714  3569 17433 I Icing   : Indexing com.google.android.apps.docs-internal.3p:DigitalDocument from com.google.android.apps.docs using seqno 0
02-24 10:19:38.714  2772  5592 D SSRM:n  : SIOP:: AP = 410, CUR = -1, LCD = 118
02-24 10:19:38.724  3569 17433 I Icing   : Indexing com.google.android.apps.docs-internal.3p:DigitalDocument from com.google.android.apps.docs using seqno 0
02-24 10:19:38.724  3569 17433 I Icing   : Indexing com.google.android.apps.docs-internal.3p:DigitalDocument from com.google.android.apps.docs using seqno 0
02-24 10:19:38.724  3569 17433 I Icing   : Indexing com.google.android.apps.docs-internal.3p:DigitalDocument from com.google.android.apps.docs using seqno 0
02-24 10:19:38.734  3569 17433 I Icing   : Indexing com.google.android.apps.docs-internal.3p:DigitalDocument from com.google.android.apps.docs using seqno 0
02-24 10:19:38.734 13023 19897 W CelloCake: [LOGGING68f5d8f9-6] Completed: updateFile(request=# com.google.apps.drive.dataservice.UpdateItemRequest@c71e5aa3){account=68f5d8f9, submitTimeMs=475860809, startTimeMs=475860827, waitTimeMs=18, endTimeMs=475891117, durationMs=30308, succeeded, timedOut}
02-24 10:19:38.734  3569 17433 I Icing   : Indexing com.google.android.apps.docs-internal.3p:DigitalDocument from com.google.android.apps.docs using seqno 0
02-24 10:19:38.734  3569 17433 I Icing   : Indexing com.google.android.apps.docs-internal.3p:DigitalDocument from com.google.android.apps.docs using seqno 0
02-24 10:19:38.744  3569 17433 I Icing   : Indexing com.google.android.apps.docs-internal.3p:DigitalDocument from com.google.android.apps.docs using seqno 0
02-24 10:19:38.744  3569 17433 I Icing   : Indexing com.google.android.apps.docs-internal.3p:DigitalDocument from com.google.android.apps.docs using seqno 0
02-24 10:19:38.754  3569 17433 I Icing   : Indexing com.google.android.apps.docs-internal.3p:DigitalDocument from com.google.android.apps.docs using seqno 0
02-24 10:19:38.754 13023 13121 W System.err: remove failed: ENOTEMPTY (Directory not empty) : /data/user/0/com.google.android.apps.docs/cache/shiny_blobs
02-24 10:19:38.754 13023 19897 W CelloCake: [LOGGING68f5d8f9-6] Completed: updateFile(request=# com.google.apps.drive.dataservice.UpdateItemRequest@1d5ce149){account=68f5d8f9, submitTimeMs=475860809, startTimeMs=475860827, waitTimeMs=18, endTimeMs=475891138, durationMs=30329, succeeded, timedOut}
02-24 10:19:38.754 13023 13121 W System.err: remove failed: ENOTEMPTY (Directory not empty) : /data/user/0/com.google.android.apps.docs/cache/101580525254732043014
02-24 10:19:38.754  3569 17433 I Icing   : Indexing com.google.android.apps.docs-internal.3p:DigitalDocument from com.google.android.apps.docs using seqno 0
02-24 10:19:38.754 13023 13121 W System.err: remove failed: ENOTEMPTY (Directory not empty) : /data/user/0/com.google.android.apps.docs/cache/docs_glide
02-24 10:19:38.754 13023 13121 W System.err: remove failed: ENOTEMPTY (Directory not empty) : /data/user/0/com.google.android.apps.docs/cache/111894275678233523415
02-24 10:19:38.754 21902 21902 I Finsky  : [1] trt.a(37): Cancelling existing jobscheduler jobs: 9001 9010 9017 9012 9002 9000 9008 9003 9011 9016 
02-24 10:19:38.754  3569 17433 I Icing   : Indexing com.google.android.apps.docs-internal.3p:DigitalDocument from com.google.android.apps.docs using seqno 0
02-24 10:19:38.754 21902 21902 I Finsky  : [1] trt.a(30): Scheduling job Id: 9004, L: 14211, D: 72684583, C: false, I: false, N: 1
02-24 10:19:38.764  3569 17433 I Icing   : Indexing com.google.android.apps.docs-internal.3p:DigitalDocument from com.google.android.apps.docs using seqno 0
02-24 10:19:38.764 21902 21902 I Finsky  : [1] trt.a(14): Throttling wakeup for job 9005 (expected to run in 0 ms) due to recent wakeup
02-24 10:19:38.764 21902 21902 I Finsky  : [1] trt.a(30): Scheduling job Id: 9005, L: 30000, D: 86399580, C: true, I: false, N: 2
02-24 10:19:38.764 18160 18216 D ScanRecord: parseFromBytes
02-24 10:19:38.764 18160 18216 D ScanRecord: first manudata for manu ID
02-24 10:19:38.764 18160 18216 D ScanRecord: parseFromBytes
02-24 10:19:38.764 18160 18216 D ScanRecord: first manudata for manu ID
02-24 10:19:38.764 18160 16515 D BtGatt.ContextMap: sendClientScanResult for app id 8
02-24 10:19:38.764 11718 11728 D ScanRecord: parseFromBytes
02-24 10:19:38.764 11718 11728 D ScanRecord: first manudata for manu ID
02-24 10:19:38.764 21902 21902 I Finsky  : [1] trt.a(14): Throttling wakeup for job 9006 (expected to run in 0 ms) due to recent wakeup
02-24 10:19:38.764 21902 21902 I Finsky  : [1] trt.a(30): Scheduling job Id: 9006, L: 30000, D: 86399892, C: false, I: true, N: 2
02-24 10:19:38.764  3569 17433 I Icing   : Indexing com.google.android.apps.docs-internal.3p:DigitalDocument from com.google.android.apps.docs using seqno 0
02-24 10:19:38.764 21902 21902 I Finsky  : [1] trt.a(14): Throttling wakeup for job 9007 (expected to run in 0 ms) due to recent wakeup
02-24 10:19:38.764 21902 21902 I Finsky  : [1] trt.a(30): Scheduling job Id: 9007, L: 30000, D: 1282385461, C: true, I: true, N: 2
02-24 10:19:38.764 13023 13121 W System.err: remove failed: ENOTEMPTY (Directory not empty) : /data/user/0/com.google.android.apps.docs/cache/116041142636179456443
02-24 10:19:38.764 21902 21902 I Finsky  : [1] trt.a(30): Scheduling job Id: 9009, L: 28590, D: 58590, C: false, I: false, N: 0
02-24 10:19:38.764  3569 17433 I Icing   : Indexing com.google.android.apps.docs-internal.3p:DigitalDocument from com.google.android.apps.docs using seqno 0
02-24 10:19:38.764  2772  2961 V AlarmManager:  remove PendingIntent] PendingIntent{e8363f2: PendingIntentRecord{a1388a com.android.bluetooth broadcastIntent}}
02-24 10:19:38.774 13023 13121 W System.err: remove failed: ENOTEMPTY (Directory not empty) : /data/user/0/com.google.android.apps.docs/cache/grpc_cache_voltagehealth@gmail.com
02-24 10:19:38.774  3569 17433 I Icing   : Indexing com.google.android.apps.docs-internal.3p:DigitalDocument from com.google.android.apps.docs using seqno 0
02-24 10:19:38.774 13023 13121 W System.err: remove failed: ENOTEMPTY (Directory not empty) : /data/user/0/com.google.android.apps.docs/cache/grpc_cache_yaircohenth@gmail.com
02-24 10:19:38.774 13023 13121 W System.err: remove failed: ENOTEMPTY (Directory not empty) : /data/user/0/com.google.android.apps.docs/cache/projector
02-24 10:19:38.774 21902 21902 I Finsky  : [1] trt.a(30): Scheduling job Id: 9013, L: 14211, D: 72684583, C: false, I: false, N: 1
02-24 10:19:38.774  3569 17433 I Icing   : Indexing com.google.android.apps.docs-internal.3p:DigitalDocument from com.google.android.apps.docs using seqno 0
02-24 10:19:38.774 21902 21902 I Finsky  : [1] trt.a(14): Throttling wakeup for job 9014 (expected to run in 0 ms) due to recent wakeup
02-24 10:19:38.774  3569 17433 I Icing   : Indexing com.google.android.apps.docs-internal.3p:DigitalDocument from com.google.android.apps.docs using seqno 0
02-24 10:19:38.774 21902 21902 I Finsky  : [1] trt.a(30): Scheduling job Id: 9014, L: 30000, D: 86399580, C: true, I: false, N: 2
02-24 10:19:38.774 13023 13121 W System.err: remove failed: ENOTEMPTY (Directory not empty) : /data/user/0/com.google.android.apps.docs/cache/112677789085096644376
02-24 10:19:38.774 21902 21902 I Finsky  : [1] trt.a(14): Throttling wakeup for job 9015 (expected to run in 0 ms) due to recent wakeup
02-24 10:19:38.774 21902 21902 I Finsky  : [1] trt.a(30): Scheduling job Id: 9015, L: 30000, D: 86399892, C: false, I: true, N: 2
02-24 10:19:38.784  3569 17433 I Icing   : Indexing com.google.android.apps.docs-internal.3p:DigitalDocument from com.google.android.apps.docs using seqno 0
02-24 10:19:38.784 21902 21902 I Finsky  : [1] trt.a(14): Throttling wakeup for job 9018 (expected to run in 0 ms) due to recent wakeup
02-24 10:19:38.784 13023 13121 W System.err: remove failed: ENOTEMPTY (Directory not empty) : /data/user/0/com.google.android.apps.docs/cache/100143573768391623473
02-24 10:19:38.784 21902 21902 I Finsky  : [1] trt.a(30): Scheduling job Id: 9018, L: 30000, D: 1282385461, C: true, I: true, N: 2
02-24 10:19:38.784  3569 17433 I Icing   : Indexing com.google.android.apps.docs-internal.3p:DigitalDocument from com.google.android.apps.docs using seqno 0
02-24 10:19:38.784 13023 13121 W System.err: remove failed: ENOTEMPTY (Directory not empty) : /data/user/0/com.google.android.apps.docs/cache/112118617586534110588
02-24 10:19:38.784 13023 13121 W System.err: remove failed: ENOTEMPTY (Directory not empty) : /data/user/0/com.google.android.apps.docs/cache/116222190580592605075
02-24 10:19:38.784 13023 13121 W System.err: remove failed: ENOTEMPTY (Directory not empty) : /data/user/0/com.google.android.apps.docs/cache/113409951760601179784
02-24 10:19:38.784 13023 19897 W CelloCake: [LOGGING68f5d8f9-6] Completed: updateFile(request=# com.google.apps.drive.dataservice.UpdateItemRequest@2201a4c){account=68f5d8f9, submitTimeMs=475860810, startTimeMs=475860828, waitTimeMs=18, endTimeMs=475891168, durationMs=30358, succeeded, timedOut}
02-24 10:19:38.784 21902 21902 I Finsky  : [1] trt.a(30): Scheduling job Id: 9019, L: 28590, D: 58590, C: false, I: false, N: 0
02-24 10:19:38.784  3569 17433 I Icing   : Indexing com.google.android.apps.docs-internal.3p:DigitalDocument from com.google.android.apps.docs using seqno 0
02-24 10:19:38.784  3569 17433 I Icing   : Indexing com.google.android.apps.docs-internal.3p:DigitalDocument from com.google.android.apps.docs using seqno 0
02-24 10:19:38.804 13023 19897 W CelloCake: [LOGGING68f5d8f9-6] Completed: updateFile(request=# com.google.apps.drive.dataservice.UpdateItemRequest@327be9){account=68f5d8f9, submitTimeMs=475860810, startTimeMs=475860828, waitTimeMs=18, endTimeMs=475891184, durationMs=30374, succeeded, timedOut}
02-24 10:19:38.804 21902 21902 I Finsky  : [1] ttj.a(7): SCH: Jobs in database: 1-1337 3-28395 3-28396 3-28397 12-1 26-1414141414 29-29 34-529 34-534 34-535 
02-24 10:19:38.804 21902 22060 I Finsky  : [74782] nan.b(48): IQ: Notifying installation update. package=com.flashdev.tahara_android, status=UNINSTALLED
02-24 10:19:38.804 21902 21902 I Finsky  : [1] tpg.a(58): SCH: ConstraintMapping: 34-534, 12-1, 1-1337,  -> L: 14087ms, D: 72684459ms, C: false, I: false, N: 1
02-24 10:19:38.804 21902 21902 I Finsky  : [1] tpg.a(58): SCH: ConstraintMapping: 3-28395,  -> L: 0ms, D: 86399456ms, C: true, I: false, N: 2
02-24 10:19:38.804 21902 21902 I Finsky  : [1] tpg.a(58): SCH: ConstraintMapping: 34-529, 34-535, 3-28396,  -> L: 0ms, D: 86399768ms, C: false, I: true, N: 2
02-24 10:19:38.804 21902 21902 I Finsky  : [1] tpg.a(58): SCH: ConstraintMapping: 34-529, 34-535, 3-28397,  -> L: 0ms, D: 86399875ms, C: true, I: true, N: 2
02-24 10:19:38.804 21902 21902 I Finsky  : [1] tpg.a(58): SCH: ConstraintMapping: 29-29, 26-1414141414,  -> L: 28466ms, D: 58466ms, C: false, I: false, N: 0
02-24 10:19:38.814 22086 22100 D Documents: Update found 16 roots in 560ms
02-24 10:19:38.824 22086 22128 D Documents: Update found 16 roots in 457ms
02-24 10:19:38.824 13023 19897 W CelloCake: [LOGGING68f5d8f9-6] Completed: updateFile(request=# com.google.apps.drive.dataservice.UpdateItemRequest@ca209c0c){account=68f5d8f9, submitTimeMs=475860810, startTimeMs=475860828, waitTimeMs=18, endTimeMs=475891212, durationMs=30402, succeeded, timedOut}
02-24 10:19:38.844  3569 17433 I Icing   : Indexing com.google.android.apps.docs-internal.3p:DigitalDocument from com.google.android.apps.docs using seqno 0
02-24 10:19:38.844  3569 17433 I Icing   : Indexing com.google.android.apps.docs-internal.3p:DigitalDocument from com.google.android.apps.docs using seqno 0
02-24 10:19:38.854  3569 17433 I Icing   : Indexing com.google.android.apps.docs-internal.3p:DigitalDocument from com.google.android.apps.docs using seqno 0
02-24 10:19:38.854  3569 17433 I Icing   : Indexing com.google.android.apps.docs-internal.3p:DigitalDocument from com.google.android.apps.docs using seqno 0
02-24 10:19:38.854 13023 13177 W CelloCake: [LOGGING68f5d8f9-0] Completed: updateFile(request=# com.google.apps.drive.dataservice.UpdateItemRequest@7077dc34){account=68f5d8f9, submitTimeMs=475860810, startTimeMs=475860828, waitTimeMs=18, endTimeMs=475891238, durationMs=30428, succeeded, timedOut}
02-24 10:19:38.854  3569 17433 I Icing   : Indexing com.google.android.apps.docs-internal.3p:DigitalDocument from com.google.android.apps.docs using seqno 0
02-24 10:19:38.864  3569 17433 I Icing   : Indexing com.google.android.apps.docs-internal.3p:DigitalDocument from com.google.android.apps.docs using seqno 0
02-24 10:19:38.864 21902 22060 I Finsky  : [74782] nan.b(33): IQ: No matching installs to run for jobs: []
02-24 10:19:38.864  3569 17433 I Icing   : Indexing com.google.android.apps.docs-internal.3p:DigitalDocument from com.google.android.apps.docs using seqno 0
02-24 10:19:38.864  3569 17433 I Icing   : Indexing com.google.android.apps.docs-internal.3p:DigitalDocument from com.google.android.apps.docs using seqno 0
02-24 10:19:38.874  3569 17433 I Icing   : Indexing com.google.android.apps.docs-internal.3p:DigitalDocument from com.google.android.apps.docs using seqno 0
02-24 10:19:38.874  3569 17433 I Icing   : Indexing com.google.android.apps.docs-internal.3p:DigitalDocument from com.google.android.apps.docs using seqno 0
02-24 10:19:38.874 21902 21902 I Finsky  : [1] trt.a(37): Cancelling existing jobscheduler jobs: 9015 9009 9004 9007 9006 9019 9018 9014 9005 9013 
02-24 10:19:38.874 21902 21902 I Finsky  : [1] trt.a(30): Scheduling job Id: 9000, L: 14087, D: 72684459, C: false, I: false, N: 1
02-24 10:19:38.874  3569 17433 I Icing   : Indexing com.google.android.apps.docs-internal.3p:DigitalDocument from com.google.android.apps.docs using seqno 0
02-24 10:19:38.874 21902 21902 I Finsky  : [1] trt.a(14): Throttling wakeup for job 9001 (expected to run in 0 ms) due to recent wakeup
02-24 10:19:38.874 21902 21902 I Finsky  : [1] trt.a(30): Scheduling job Id: 9001, L: 30000, D: 86399456, C: true, I: false, N: 2
02-24 10:19:38.884  3569 17433 I Icing   : Indexing com.google.android.apps.docs-internal.3p:DigitalDocument from com.google.android.apps.docs using seqno 0
02-24 10:19:38.884 13023 19897 W CelloCake: [LOGGING68f5d8f9-6] Completed: updateFile(request=# com.google.apps.drive.dataservice.UpdateItemRequest@8cd047b1){account=68f5d8f9, submitTimeMs=475860811, startTimeMs=475860828, waitTimeMs=17, endTimeMs=475891263, durationMs=30452, succeeded, timedOut}
02-24 10:19:38.884 21902 21902 I Finsky  : [1] trt.a(14): Throttling wakeup for job 9002 (expected to run in 0 ms) due to recent wakeup
02-24 10:19:38.884 21902 21902 I Finsky  : [1] trt.a(30): Scheduling job Id: 9002, L: 30000, D: 86399768, C: false, I: true, N: 2
02-24 10:19:38.884  3569 17433 I Icing   : Indexing com.google.android.apps.docs-internal.3p:DigitalDocument from com.google.android.apps.docs using seqno 0
02-24 10:19:38.884 21902 21902 I Finsky  : [1] trt.a(14): Throttling wakeup for job 9003 (expected to run in 0 ms) due to recent wakeup
02-24 10:19:38.884 21902 21902 I Finsky  : [1] trt.a(30): Scheduling job Id: 9003, L: 30000, D: 86399875, C: true, I: true, N: 2
02-24 10:19:38.884 21902 21902 I Finsky  : [1] trt.a(30): Scheduling job Id: 9008, L: 28466, D: 58466, C: false, I: false, N: 0
02-24 10:19:38.884  3569 17433 I Icing   : Indexing com.google.android.apps.docs-internal.3p:DigitalDocument from com.google.android.apps.docs using seqno 0
02-24 10:19:38.884  3569 17433 I Icing   : Indexing com.google.android.apps.docs-internal.3p:DigitalDocument from com.google.android.apps.docs using seqno 0
02-24 10:19:38.884 13023 19897 W CelloCake: [LOGGING68f5d8f9-6] Completed: updateFile(request=# com.google.apps.drive.dataservice.UpdateItemRequest@49061e84){account=68f5d8f9, submitTimeMs=475860814, startTimeMs=475860828, waitTimeMs=14, endTimeMs=475891272, durationMs=30458, succeeded, timedOut}
02-24 10:19:38.894  3569 17433 I Icing   : Indexing com.google.android.apps.docs-internal.3p:DigitalDocument from com.google.android.apps.docs using seqno 0
02-24 10:19:38.894 21902 21902 I Finsky  : [1] trt.a(30): Scheduling job Id: 9010, L: 14087, D: 72684459, C: false, I: false, N: 1
02-24 10:19:38.894 21902 21902 I Finsky  : [1] trt.a(14): Throttling wakeup for job 9011 (expected to run in 0 ms) due to recent wakeup
02-24 10:19:38.894 21902 21902 I Finsky  : [1] trt.a(30): Scheduling job Id: 9011, L: 30000, D: 86399456, C: true, I: false, N: 2
02-24 10:19:38.894 21902 21902 I Finsky  : [1] trt.a(14): Throttling wakeup for job 9012 (expected to run in 0 ms) due to recent wakeup
02-24 10:19:38.894 21902 21902 I Finsky  : [1] trt.a(30): Scheduling job Id: 9012, L: 30000, D: 86399768, C: false, I: true, N: 2
02-24 10:19:38.894 21902 21902 I Finsky  : [1] trt.a(14): Throttling wakeup for job 9016 (expected to run in 0 ms) due to recent wakeup
02-24 10:19:38.894 21902 21902 I Finsky  : [1] trt.a(30): Scheduling job Id: 9016, L: 30000, D: 86399875, C: true, I: true, N: 2
02-24 10:19:38.894 21902 21902 I Finsky  : [1] trt.a(30): Scheduling job Id: 9017, L: 28466, D: 58466, C: false, I: false, N: 0
02-24 10:19:38.894  2772  3315 V BroadcastQueue: [background] Process cur broadcast BroadcastRecord{79752cd u0 android.intent.action.PACKAGE_FULLY_REMOVED qIdx=4}, state= (APP_RECEIVE) DELIVERED for app ProcessRecord{4dee280 21749:com.microsoft.office.excel/u0a10}
02-24 10:19:38.904  2772  3315 D PackageManager: setEnabledSetting : userId = 0 packageName = com.microsoft.office.excel cmp = com.microsoft.android.crosssell.activities.WordCrossSellHandlerActivity newState = 2 callingPackage = 10010
02-24 10:19:38.904  2772  4077 D PackageManager: setEnabledSetting : userId = 0 packageName = com.microsoft.office.excel cmp = com.microsoft.android.crosssell.activities.PowerpointCrossSellHandlerActivity newState = 2 callingPackage = 10010
02-24 10:19:38.904 13023 19897 W CelloCake: [LOGGING68f5d8f9-6] Completed: updateFile(request=# com.google.apps.drive.dataservice.UpdateItemRequest@a54d9c61){account=68f5d8f9, submitTimeMs=475860814, startTimeMs=475860828, waitTimeMs=14, endTimeMs=475891292, durationMs=30478, succeeded, timedOut}
02-24 10:19:38.904  2772  3066 V BroadcastQueue: [background] Process cur broadcast BroadcastRecord{79752cd u0 android.intent.action.PACKAGE_FULLY_REMOVED qIdx=4}, state= (APP_RECEIVE) DELIVERED for app ProcessRecord{4dee280 21749:com.microsoft.office.excel/u0a10}
02-24 10:19:38.904  2772  2787 V BroadcastQueue: [background] Process cur broadcast BroadcastRecord{79752cd u0 android.intent.action.PACKAGE_FULLY_REMOVED qIdx=4}, state= (APP_RECEIVE) DELIVERED for app ProcessRecord{ae9a0b9 21775:com.microsoft.office.word/u0a10}
02-24 10:19:38.914 21902 21902 I Finsky  : [1] vdt.a(25): Connecting InstallListener to SplitInstallService broadcaster...
02-24 10:19:38.914  2772  4081 V BroadcastQueue: [background] Process cur broadcast BroadcastRecord{79752cd u0 android.intent.action.PACKAGE_FULLY_REMOVED qIdx=4}, state= (APP_RECEIVE) DELIVERED for app ProcessRecord{ae9a0b9 21775:com.microsoft.office.word/u0a10}
02-24 10:19:38.924  2772  2786 D PackageManager: setEnabledSetting : userId = 0 packageName = com.microsoft.office.word cmp = com.microsoft.android.crosssell.activities.ExcelCrossSellHandlerActivity newState = 2 callingPackage = 10010
02-24 10:19:38.924 13023 19897 W CelloCake: [LOGGING68f5d8f9-6] Completed: updateFile(request=# com.google.apps.drive.dataservice.UpdateItemRequest@cec7225a){account=68f5d8f9, submitTimeMs=475860815, startTimeMs=475860828, waitTimeMs=13, endTimeMs=475891307, durationMs=30492, succeeded, timedOut}
02-24 10:19:38.924  2772  3066 D PackageManager: setEnabledSetting : userId = 0 packageName = com.microsoft.office.word cmp = com.microsoft.android.crosssell.activities.PowerpointCrossSellHandlerActivity newState = 1 callingPackage = 10010
02-24 10:19:38.934 22151 22151 E Zygote  : v2
02-24 10:19:38.934 22151 22151 W SELinux : Function: selinux_compare_spd_ram, index[1], priority [2], priority version is VE=SEPF_SECMOBILE_6.0.1_0034
02-24 10:19:38.934 22151 22151 E Zygote  : accessInfo : 0
02-24 10:19:38.934 22151 22151 W SELinux : SELinux: seapp_context_lookup: seinfo=default, level=s0:c512,c768, pkgname=com.facebook.appmanager 
02-24 10:19:38.934 22151 22151 I libpersona: KNOX_SDCARD checking this for 10078
02-24 10:19:38.934 22151 22151 I libpersona: KNOX_SDCARD not a persona
02-24 10:19:38.934  2772  4077 I ActivityManager: Start proc 22151:com.facebook.appmanager/u0a78 for broadcast-3 com.facebook.appmanager/com.facebook.oxygen.common.packages.event.manifest.ManifestPackageEventReceiver
02-24 10:19:38.934  2772  4077 I ActivityManager: Killing 21681:com.samsung.android.app.watchmanagerstub/u0a83 (adj 15): DHA:empty #17
02-24 10:19:38.944 13023 19897 W CelloCake: [LOGGING68f5d8f9-6] Completed: updateFile(request=# com.google.apps.drive.dataservice.UpdateItemRequest@67bfe4a5){account=68f5d8f9, submitTimeMs=475860815, startTimeMs=475860828, waitTimeMs=13, endTimeMs=475891329, durationMs=30514, succeeded, timedOut}
02-24 10:19:38.954  2772  2961 D ActivityManager: removeProcessNameLocked mProcessNames.remove pid=21681 ,hash=131867265 ,name=com.samsung.android.app.watchmanagerstub
02-24 10:19:38.954  2772  2961 D ActivityManager: cleanUpApplicationRecord -- 21681
02-24 10:19:38.954  2772  2961 D ActivityManager: isAutoRunBlockedApp:: com.samsung.android.app.watchmanagerstub, Auto Run ON
02-24 10:19:38.964 22151 22151 D TimaKeyStoreProvider: TimaSignature is unavailable
02-24 10:19:38.964 22151 22151 D ActivityThread: Added TimaKeyStore provider
02-24 10:19:38.964  2772  3150 V BroadcastQueue: [background] Process cur broadcast BroadcastRecord{79752cd u0 android.intent.action.PACKAGE_FULLY_REMOVED qIdx=4}, state= (APP_RECEIVE) DELIVERED for app ProcessRecord{bd3e369 22151:com.facebook.appmanager/u0a78}
02-24 10:19:38.974 13023 13177 W CelloCake: [LOGGING68f5d8f9-0] Completed: updateFile(request=# com.google.apps.drive.dataservice.UpdateItemRequest@23ad410b){account=68f5d8f9, submitTimeMs=475860816, startTimeMs=475860828, waitTimeMs=12, endTimeMs=475891356, durationMs=30540, succeeded, timedOut}
02-24 10:19:38.974 22075 22075 D AndroidRuntime: >>>>>> START com.android.internal.os.RuntimeInit uid 2000 <<<<<<
02-24 10:19:38.974  3569 17433 I Icing   : Usage reports ok 0, Failed Usage reports 0, indexed 0, rejected 0
02-24 10:19:38.974  3569 17433 I Icing   : Indexing com.google.android.gms-apps from com.google.android.gms
02-24 10:19:38.974 22151 22151 D ResourcesManager: For user 0 new overlays fetched Null
02-24 10:19:38.984 22075 22075 D AndroidRuntime: CheckJNI is OFF
02-24 10:19:38.984 22075 22075 D AndroidRuntime: readGMSProperty: start
02-24 10:19:38.984 22075 22075 D AndroidRuntime: readGMSProperty: already setted!!
02-24 10:19:38.984 22075 22075 D AndroidRuntime: propertySet: couldn't set property (it is from app)
02-24 10:19:38.984 22075 22075 D AndroidRuntime: readGMSProperty: could not set the property(default)!!
02-24 10:19:38.984 22075 22075 D AndroidRuntime: readGMSProperty: end
02-24 10:19:38.984 22075 22075 D AndroidRuntime: addProductProperty: start
02-24 10:19:38.994 13023 13177 W CelloCake: [LOGGING68f5d8f9-0] Completed: updateFile(request=# com.google.apps.drive.dataservice.UpdateItemRequest@6f04cdca){account=68f5d8f9, submitTimeMs=475860816, startTimeMs=475860828, waitTimeMs=12, endTimeMs=475891373, durationMs=30557, succeeded, timedOut}
02-24 10:19:38.994  3569 17433 I Icing   : Indexing done com.google.android.gms-apps
02-24 10:19:39.004 13023 19897 W CelloCake: [LOGGING68f5d8f9-6] Completed: updateFile(request=# com.google.apps.drive.dataservice.UpdateItemRequest@fa24a9f6){account=68f5d8f9, submitTimeMs=475860817, startTimeMs=475860829, waitTimeMs=12, endTimeMs=475891388, durationMs=30571, succeeded, timedOut}
02-24 10:19:39.024 13023 19897 W CelloCake: [LOGGING68f5d8f9-6] Completed: updateFile(request=# com.google.apps.drive.dataservice.UpdateItemRequest@dddf334f){account=68f5d8f9, submitTimeMs=475860817, startTimeMs=475860829, waitTimeMs=12, endTimeMs=475891404, durationMs=30587, succeeded, timedOut}
02-24 10:19:39.034 22151 22151 D c       : ExceptionHandlerManager not explicitly initialized, using default mode
02-24 10:19:39.034 22151 22151 D c       : initializing exception handler manager, prioritized=true
02-24 10:19:39.034 22151 22151 W System.err: remove failed: ENOENT (No such file or directory) : /data/user/0/com.facebook.appmanager/files/acraconfig_logcat_native_crash_periodic_interval_mins
02-24 10:19:39.034 13023 19897 W CelloCake: [LOGGING68f5d8f9-6] Completed: updateFile(request=# com.google.apps.drive.dataservice.UpdateItemRequest@ecd3d9aa){account=68f5d8f9, submitTimeMs=475860820, startTimeMs=475860829, waitTimeMs=9, endTimeMs=475891418, durationMs=30598, succeeded, timedOut}
02-24 10:19:39.034 22151 22151 E ACRA    : Initializing ANR detector for process: com.facebook.appmanager
02-24 10:19:39.044 22075 22075 D ICU     : No timezone override file found: /data/misc/zoneinfo/current/icu/icu_tzdata.dat
02-24 10:19:39.044 22151 22151 D SoLoader: init start
02-24 10:19:39.044 22151 22151 D SoLoader: adding system library source: /vendor/lib
02-24 10:19:39.044 22151 22151 D SoLoader: adding system library source: /system/lib
02-24 10:19:39.044 22151 22151 D SoLoader: adding backup source from : com.facebook.soloader.b[root = /data/data/com.facebook.appmanager/lib-main flags = 1]
02-24 10:19:39.044 22151 22151 D SoLoader: Preparing SO source: com.facebook.soloader.e[root = /system/lib flags = 2]
02-24 10:19:39.044 22151 22151 D SoLoader: Preparing SO source: com.facebook.soloader.e[root = /system/vendor/lib flags = 2]
02-24 10:19:39.044 22151 22151 D SoLoader: Preparing SO source: com.facebook.soloader.b[root = /data/data/com.facebook.appmanager/lib-main flags = 1]
02-24 10:19:39.054 22151 22151 V fb-UnpackingSoSource: locked dso store /data/user/0/com.facebook.appmanager/lib-main
02-24 10:19:39.054 22151 22151 I fb-UnpackingSoSource: dso store is up-to-date: /data/user/0/com.facebook.appmanager/lib-main
02-24 10:19:39.054 22151 22151 V fb-UnpackingSoSource: releasing dso store lock for /data/user/0/com.facebook.appmanager/lib-main
02-24 10:19:39.054 22151 22151 D SoLoader: init finish: 3 SO sources prepared
02-24 10:19:39.054 22151 22151 D SoLoader: init exiting
02-24 10:19:39.054 13023 19897 W CelloCake: [LOGGING68f5d8f9-6] Completed: updateFile(request=# com.google.apps.drive.dataservice.UpdateItemRequest@ea33ccad){account=68f5d8f9, submitTimeMs=475860821, startTimeMs=475860829, waitTimeMs=8, endTimeMs=475891437, durationMs=30616, succeeded, timedOut}
02-24 10:19:39.064 13023 13177 W CelloCake: [LOGGING68f5d8f9-0] Completed: updateFile(request=# com.google.apps.drive.dataservice.UpdateItemRequest@274ce545){account=68f5d8f9, submitTimeMs=475860822, startTimeMs=475860829, waitTimeMs=7, endTimeMs=475891451, durationMs=30629, succeeded, timedOut}
02-24 10:19:39.084 13023 13177 W CelloCake: [LOGGING68f5d8f9-0] Completed: updateFile(request=# com.google.apps.drive.dataservice.UpdateItemRequest@851d9b59){account=68f5d8f9, submitTimeMs=475860823, startTimeMs=475860829, waitTimeMs=6, endTimeMs=475891466, durationMs=30643, succeeded, timedOut}
02-24 10:19:39.094 13023 19897 W CelloCake: [LOGGING68f5d8f9-6] Completed: updateFile(request=# com.google.apps.drive.dataservice.UpdateItemRequest@d4befe78){account=68f5d8f9, submitTimeMs=475860823, startTimeMs=475860829, waitTimeMs=6, endTimeMs=475891480, durationMs=30657, succeeded, timedOut}
02-24 10:19:39.104 22075 22075 I Radio-JNI: register_android_hardware_Radio DONE
02-24 10:19:39.114 13023 19897 W CelloCake: [LOGGING68f5d8f9-6] Completed: updateFile(request=# com.google.apps.drive.dataservice.UpdateItemRequest@43f15c8a){account=68f5d8f9, submitTimeMs=475860823, startTimeMs=475860829, waitTimeMs=6, endTimeMs=475891495, durationMs=30672, succeeded, timedOut}
02-24 10:19:39.114 22075 22075 E AffinityControl: AffinityControl: registerfunction enter
02-24 10:19:39.124 13023 19897 W CelloCake: [LOGGING68f5d8f9-6] Completed: updateFile(request=# com.google.apps.drive.dataservice.UpdateItemRequest@200dca30){account=68f5d8f9, submitTimeMs=475860824, startTimeMs=475860829, waitTimeMs=5, endTimeMs=475891510, durationMs=30686, succeeded, timedOut}
02-24 10:19:39.124 22151 22151 W SQLiteLog: (28) failed to open "/data/user/0/com.facebook.appmanager/databases/androidx.work.workdb" with flag (131074) and mode_t (0) due to error (2)
02-24 10:19:39.124 22151 22151 W SQLiteLog: (28) failed to open "/data/user/0/com.facebook.appmanager/databases/androidx.work.workdb" with flag (131072) and mode_t (0) due to error (2)
02-24 10:19:39.124 22151 22151 E SQLiteLog: (14) cannot open file at line 31517 of [2ef4f3a5b1]
02-24 10:19:39.124 22151 22151 E SQLiteLog: (14) os_unix.c:31517: (2) open(/data/user/0/com.facebook.appmanager/databases/androidx.work.workdb) - 
02-24 10:19:39.134 22151 22151 E SQLiteDatabase: Failed to open database '/data/user/0/com.facebook.appmanager/databases/androidx.work.workdb'.
02-24 10:19:39.134 22151 22151 E SQLiteDatabase: android.database.sqlite.SQLiteCantOpenDatabaseException: unknown error (code 1294): Could not open database
02-24 10:19:39.134 22151 22151 E SQLiteDatabase: #################################################################
02-24 10:19:39.134 22151 22151 E SQLiteDatabase: Error Code : 1294 (SQLITE_CANTOPEN_ENOENT)
02-24 10:19:39.134 22151 22151 E SQLiteDatabase: Caused By : Specified directory or database file does not exist.
02-24 10:19:39.134 22151 22151 E SQLiteDatabase: 	(unknown error (code 1294): Could not open database)
