02-24 10:19:37.834  3569 17433 I Icing   : Indexing com.google.android.apps.docs-internal.3p:DigitalDocument from com.google.android.apps.docs using seqno 0
02-24 10:19:37.834  3297  3457 D Launcher.Model: return, setPackageState(),  installInfo is null
02-24 10:19:37.834  3569 17433 I Icing   : Indexing com.google.android.apps.docs-internal.3p:DigitalDocument from com.google.android.apps.docs using seqno 0
02-24 10:19:37.834  3297  3457 D Launcher.Model: return, setPackageState(),  installInfo is null
02-24 10:19:37.844  3569 17433 I Icing   : Indexing com.google.android.apps.docs-internal.3p:DigitalDocument from com.google.android.apps.docs using seqno 0
02-24 10:19:37.844  3297  3457 D Launcher.Model: return, setPackageState(),  installInfo is null
02-24 10:19:37.844  3297  3457 D Launcher.Model: return, setPackageState(),  installInfo is null
02-24 10:19:37.844  3569 17433 I Icing   : Indexing com.google.android.apps.docs-internal.3p:DigitalDocument from com.google.android.apps.docs using seqno 0
02-24 10:19:37.844  3297  3457 D Launcher.Model: return, setPackageState(),  installInfo is null
02-24 10:19:37.844 21902 21902 I Finsky  : [1] mni.a(83): Installer: Notifying status update. package=com.flashdev.tahara_android, status=UNINSTALLED
02-24 10:19:37.844  3569 17433 I Icing   : Indexing com.google.android.apps.docs-internal.3p:DigitalDocument from com.google.android.apps.docs using seqno 0
02-24 10:19:37.844 21902 21902 I Finsky  : [1] mni.a(236): Installer kick - no action, not running yet
02-24 10:19:37.844  3297  3457 D Launcher.Model: return, setPackageState(),  installInfo is null
02-24 10:19:37.854  3569 17433 I Icing   : Indexing com.google.android.apps.docs-internal.3p:DigitalDocument from com.google.android.apps.docs using seqno 0
02-24 10:19:37.854  3297  3457 D Launcher.Model: return, setPackageState(),  installInfo is null
02-24 10:19:37.854  3569 17433 I Icing   : Indexing com.google.android.apps.docs-internal.3p:DigitalDocument from com.google.android.apps.docs using seqno 0
02-24 10:19:37.854  3569 17433 I Icing   : Indexing com.google.android.apps.docs-internal.3p:DigitalDocument from com.google.android.apps.docs using seqno 0
02-24 10:19:37.854  3297  3457 D Launcher.Model: return, setPackageState(),  installInfo is null
02-24 10:19:37.864 22047 22047 E Zygote  : v2
02-24 10:19:37.864  3297  3457 D Launcher.Model: return, setPackageState(),  installInfo is null
02-24 10:19:37.864 22047 22047 W SELinux : Function: selinux_compare_spd_ram, index[1], priority [2], priority version is VE=SEPF_SECMOBILE_6.0.1_0034
02-24 10:19:37.864 22047 22047 E Zygote  : accessInfo : 0
02-24 10:19:37.864 22047 22047 W SELinux : SELinux: seapp_context_lookup: seinfo=untrusted, level=s0:c512,c768, pkgname=com.google.android.apps.enterprise.dmagent 
02-24 10:19:37.864 22047 22047 I libpersona: KNOX_SDCARD checking this for 10182
02-24 10:19:37.864 22047 22047 I libpersona: KNOX_SDCARD not a persona
02-24 10:19:37.864  2772  2961 I ActivityManager: Start proc 22047:com.google.android.apps.enterprise.dmagent/u0a182 for broadcast-3 com.google.android.apps.enterprise.dmagent/.AppUpdateReceiver
02-24 10:19:37.864  2772  2961 I ActivityManager: Killing 21629:com.samsung.android.sm.devicesecurity/5012 (adj 15): DHA:empty #17
02-24 10:19:37.864  2772  2961 I ActivityManager: Killing 21616:com.android.settings/1000 (adj 15): DHA:empty #17
02-24 10:19:37.874  3297  3457 D Launcher.Model: return, setPackageState(),  installInfo is null
02-24 10:19:37.874  3297  3457 D Launcher.Model: return, setPackageState(),  installInfo is null
02-24 10:19:37.874  3297  3457 D Launcher.Model: return, setPackageState(),  installInfo is null
02-24 10:19:37.884 21902 21902 I Finsky  : [1] mni.a(18): Installer: Attempting to start installer
02-24 10:19:37.884  3297  3457 D Launcher.Model: return, setPackageState(),  installInfo is null
02-24 10:19:37.884  3569 17433 I Icing   : Indexing com.google.android.apps.docs-internal.3p:DigitalDocument from com.google.android.apps.docs using seqno 0
02-24 10:19:37.884  3297  3457 D Launcher.Model: return, setPackageState(),  installInfo is null
02-24 10:19:37.884 22047 22047 D TimaKeyStoreProvider: TimaSignature is unavailable
02-24 10:19:37.884 22047 22047 D ActivityThread: Added TimaKeyStore provider
02-24 10:19:37.884  3569 17433 I Icing   : Indexing com.google.android.apps.docs-internal.3p:DigitalDocument from com.google.android.apps.docs using seqno 0
02-24 10:19:37.884 21902 21902 I Finsky  : [1] mio.<init>(8): Not checking if recovering from paused session because experiment is off
02-24 10:19:37.884  3569 17433 I Icing   : Indexing com.google.android.apps.docs-internal.3p:DigitalDocument from com.google.android.apps.docs using seqno 0
02-24 10:19:37.884  2772  4273 V BroadcastQueue: [background] Process cur broadcast BroadcastRecord{a3f752c u0 android.intent.action.PACKAGE_REMOVED qIdx=4}, state= (APP_RECEIVE) DELIVERED for app ProcessRecord{71c5e91 22047:com.google.android.apps.enterprise.dmagent/u0a182}
02-24 10:19:37.894  3297  3457 D Launcher.Model: return, setPackageState(),  installInfo is null
02-24 10:19:37.894  3297  3457 D Launcher.Model: return, setPackageState(),  installInfo is null
02-24 10:19:37.894 21902 21902 I Finsky  : [1] qeq.a(12): notification count changed for account [[unqvgf0ZPvc3wtkRDWvI7Hnf2BexxOqLkKQzqtGtyAM]]: old=[0], new=[1], notifications=[[2X7K4sxpInZcNOM3CgkPNNtes06X5C4cYWKll9F13So]]
02-24 10:19:37.894  3297  3457 D Launcher.Model: return, setPackageState(),  installInfo is null
02-24 10:19:37.894  3297  3457 D Launcher.Model: return, setPackageState(),  installInfo is null
02-24 10:19:37.904  3297  3457 D Launcher.Model: return, setPackageState(),  installInfo is null
02-24 10:19:37.904  2772  2961 D ActivityManager: removeProcessNameLocked mProcessNames.remove pid=21629 ,hash=190392834 ,name=com.samsung.android.sm.devicesecurity
02-24 10:19:37.904  3569 17433 I Icing   : Indexing com.google.android.apps.docs-internal.3p:DigitalDocument from com.google.android.apps.docs using seqno 0
02-24 10:19:37.904  3297  3457 D Launcher.Model: return, setPackageState(),  installInfo is null
02-24 10:19:37.904  3569 17433 I Icing   : Indexing com.google.android.apps.docs-internal.3p:DigitalDocument from com.google.android.apps.docs using seqno 0
02-24 10:19:37.904  3297  3457 D Launcher.Model: return, setPackageState(),  installInfo is null
02-24 10:19:37.904 21902 21959 I System.out: (HTTPLog)-Static: isSBSettingEnabled false
02-24 10:19:37.904 22047 22047 D ResourcesManager: For user 0 new overlays fetched Null
02-24 10:19:37.904  2772  2961 D ActivityManager: cleanUpApplicationRecord -- 21629
02-24 10:19:37.904  2772  2961 D ActivityManager: isAutoRunBlockedApp:: com.samsung.android.sm.devicesecurity, Auto Run ON
02-24 10:19:37.914 21902 21959 I System.out: (HTTPLog)-Static: isSBSettingEnabled false
02-24 10:19:37.914  2307  2856 D EnterpriseController: netId is 0
02-24 10:19:37.914  2307  2856 D Netd    : getNetworkForDns: using netid 516 for uid 10025
02-24 10:19:37.914 21902 21902 I Finsky  : [1] gwl.onSubscriptionsChanged(1): onSubscriptionsChanged
02-24 10:19:37.914  3297  3457 D Launcher.Model: return, setPackageState(),  installInfo is null
02-24 10:19:37.914  3569 17433 I Icing   : Indexing com.google.android.apps.docs-internal.3p:DigitalDocument from com.google.android.apps.docs using seqno 0
02-24 10:19:37.914 22047 22047 W System  : ClassLoader referenced unknown path: /data/app/com.google.android.apps.enterprise.dmagent-2/lib/arm
02-24 10:19:37.914  3569 17433 I Icing   : Indexing com.google.android.apps.docs-internal.3p:DigitalDocument from com.google.android.apps.docs using seqno 0
02-24 10:19:37.924 21902 21902 I Finsky  : [1] mni.a(236): Installer kick - no action, not running yet
02-24 10:19:37.924  3297  3457 D Launcher.Model: return, setPackageState(),  installInfo is null
02-24 10:19:37.924  3569 17433 I Icing   : Indexing com.google.android.apps.docs-internal.3p:DigitalDocument from com.google.android.apps.docs using seqno 0
02-24 10:19:37.924  3297  3457 D Launcher.Model: return, setPackageState(),  installInfo is null
02-24 10:19:37.924  3569 17433 I Icing   : Indexing com.google.android.apps.docs-internal.3p:DigitalDocument from com.google.android.apps.docs using seqno 0
02-24 10:19:37.924  3297  3457 D Launcher.Model: return, setPackageState(),  installInfo is null
02-24 10:19:37.924  3569 17433 I Icing   : Indexing com.google.android.apps.docs-internal.3p:DigitalDocument from com.google.android.apps.docs using seqno 0
02-24 10:19:37.924  3297  3457 D Launcher.Model: return, setPackageState(),  installInfo is null
02-24 10:19:37.934  3569 17433 I Icing   : Indexing com.google.android.apps.docs-internal.3p:DigitalDocument from com.google.android.apps.docs using seqno 0
02-24 10:19:37.934  3297  3457 D Launcher.Model: return, setPackageState(),  installInfo is null
02-24 10:19:37.934 21902 21958 I System.out: (HTTPLog)-Static: isSBSettingEnabled false
02-24 10:19:37.934 21902 21958 I System.out: (HTTPLog)-Static: isSBSettingEnabled false
02-24 10:19:37.934  2307  2856 D EnterpriseController: netId is 0
02-24 10:19:37.934  2307  2856 D Netd    : getNetworkForDns: using netid 516 for uid 10025
02-24 10:19:37.934  3569 17433 I Icing   : Indexing com.google.android.apps.docs-internal.3p:DigitalDocument from com.google.android.apps.docs using seqno 0
02-24 10:19:37.934  3297  3457 D Launcher.Model: return, setPackageState(),  installInfo is null
02-24 10:19:37.934  3569 17433 I Icing   : Indexing com.google.android.apps.docs-internal.3p:DigitalDocument from com.google.android.apps.docs using seqno 0
02-24 10:19:37.934  3297  3457 D Launcher.Model: return, setPackageState(),  installInfo is null
02-24 10:19:37.944  3569 17433 I Icing   : Indexing com.google.android.apps.docs-internal.3p:DigitalDocument from com.google.android.apps.docs using seqno 0
02-24 10:19:37.944  3297  3457 D Launcher.Model: return, setPackageState(),  installInfo is null
02-24 10:19:37.944  3297  3457 D Launcher.Model: return, setPackageState(),  installInfo is null
02-24 10:19:37.944  3297  3457 D Launcher.Model: return, setPackageState(),  installInfo is null
02-24 10:19:37.954 21902 21902 I Finsky  : [1] tss.a(3): SCH: Canceling job 3-28392
02-24 10:19:37.954  2772  4077 D ActivityManager: removeProcessNameLocked mProcessNames.remove pid=21616 ,hash=128388941 ,name=com.android.settings
02-24 10:19:37.954 21902 21902 I Finsky  : [1] ttj.a(7): SCH: Jobs in database: 1-1337 3-28393 3-28394 12-1 26-1414141414 29-29 34-529 34-534 34-535 
02-24 10:19:37.954  2772  4077 D ActivityManager: cleanUpApplicationRecord -- 21616
02-24 10:19:37.954  2772  4077 D ActivityManager: isAutoRunBlockedApp:: com.android.settings, Auto Run ON
02-24 10:19:37.964 21902 21902 I Finsky  : [1] tpg.a(58): SCH: ConstraintMapping: 34-534, 1-1337, 12-1,  -> L: 14929ms, D: 72685301ms, C: false, I: false, N: 1
02-24 10:19:37.964 21902 21902 I Finsky  : [1] tpg.a(58): SCH: ConstraintMapping: 34-535, 34-529, 3-28393,  -> L: 0ms, D: 86375139ms, C: false, I: true, N: 2
02-24 10:19:37.964 21902 21902 I Finsky  : [1] tpg.a(58): SCH: ConstraintMapping: 34-535, 34-529, 3-28394,  -> L: 0ms, D: 86375189ms, C: true, I: true, N: 2
02-24 10:19:37.964 21902 21902 I Finsky  : [1] tpg.a(58): SCH: ConstraintMapping: 26-1414141414, 29-29,  -> L: 29308ms, D: 59308ms, C: false, I: false, N: 0
02-24 10:19:37.964  2772  2787 I ActivityManager: Killing 21185:com.samsung.android.sm/1000 (adj 15): DHA:empty #17
02-24 10:19:37.964  2772  2787 V BroadcastQueue: [background] Process cur broadcast BroadcastRecord{79752cd u0 android.intent.action.PACKAGE_FULLY_REMOVED qIdx=4}, state= (APP_RECEIVE) DELIVERED for app ProcessRecord{7ec1c61 2772:system/1000}
02-24 10:19:37.984  2772  4081 D ActivityManager: removeProcessNameLocked mProcessNames.remove pid=21185 ,hash=205808889 ,name=com.samsung.android.sm
02-24 10:19:37.984  2772  4081 D ActivityManager: cleanUpApplicationRecord -- 21185
02-24 10:19:37.984  2772  4081 D ActivityManager: isAutoRunBlockedApp:: com.samsung.android.sm, Auto Run ON
02-24 10:19:38.034 21902 21902 I Finsky  : [1] trt.a(37): Cancelling existing jobscheduler jobs: 9010 9008 9001 9018 9000 9012 9013 9002 9011 9003 
02-24 10:19:38.034 21902 21902 I Finsky  : [1] trt.a(30): Scheduling job Id: 9004, L: 14929, D: 72685301, C: false, I: false, N: 1
02-24 10:19:38.044 21902 21902 I Finsky  : [1] trt.a(14): Throttling wakeup for job 9005 (expected to run in 0 ms) due to recent wakeup
02-24 10:19:38.044 21902 21902 I Finsky  : [1] trt.a(30): Scheduling job Id: 9005, L: 30000, D: 86375139, C: false, I: true, N: 2
02-24 10:19:38.044 21902 21902 I Finsky  : [1] trt.a(14): Throttling wakeup for job 9006 (expected to run in 0 ms) due to recent wakeup
02-24 10:19:38.044 21902 21902 I Finsky  : [1] trt.a(30): Scheduling job Id: 9006, L: 30000, D: 86375189, C: true, I: true, N: 2
02-24 10:19:38.044 21902 21902 I Finsky  : [1] trt.a(30): Scheduling job Id: 9007, L: 29308, D: 59308, C: false, I: false, N: 0
02-24 10:19:38.044 21951 21951 I art     : System.exit called, status: 0
02-24 10:19:38.044 21951 21951 I AndroidRuntime: VM exiting with result code 0.
02-24 10:19:38.054  3569 17433 I Icing   : Indexing com.google.android.apps.docs-internal.3p:DigitalDocument from com.google.android.apps.docs using seqno 0
02-24 10:19:38.054 22070 22070 E Zygote  : v2
02-24 10:19:38.054 22070 22070 W SELinux : Function: selinux_compare_spd_ram, index[1], priority [2], priority version is VE=SEPF_SECMOBILE_6.0.1_0034
02-24 10:19:38.054 22070 22070 E Zygote  : accessInfo : 0
02-24 10:19:38.054  3569 17433 I Icing   : Indexing com.google.android.apps.docs-internal.3p:DigitalDocument from com.google.android.apps.docs using seqno 0
02-24 10:19:38.054 22070 22070 I libpersona: KNOX_SDCARD checking this for 1000
02-24 10:19:38.054 22070 22070 I libpersona: KNOX_SDCARD not a persona
02-24 10:19:38.054  2772  2772 I ActivityManager: Start proc 22070:com.samsung.android.bbc.bbcagent/1000 for broadcast-3 com.samsung.android.bbc.bbcagent/.bbccontroller.receiver.PackageEventReceiver
02-24 10:19:38.064  3569 17433 I Icing   : Indexing com.google.android.apps.docs-internal.3p:DigitalDocument from com.google.android.apps.docs using seqno 0
02-24 10:19:38.064 21902 21902 I Finsky  : [1] trt.a(30): Scheduling job Id: 9009, L: 14929, D: 72685301, C: false, I: false, N: 1
02-24 10:19:38.064 21902 21902 I Finsky  : [1] trt.a(14): Throttling wakeup for job 9014 (expected to run in 0 ms) due to recent wakeup
02-24 10:19:38.064  3569 17433 I Icing   : Indexing com.google.android.apps.docs-internal.3p:DigitalDocument from com.google.android.apps.docs using seqno 0
02-24 10:19:38.064 21902 21902 I Finsky  : [1] trt.a(30): Scheduling job Id: 9014, L: 30000, D: 86375139, C: false, I: true, N: 2
02-24 10:19:38.064 21902 21902 I Finsky  : [1] trt.a(14): Throttling wakeup for job 9015 (expected to run in 0 ms) due to recent wakeup
02-24 10:19:38.074 21902 21902 I Finsky  : [1] trt.a(30): Scheduling job Id: 9015, L: 30000, D: 86375189, C: true, I: true, N: 2
02-24 10:19:38.074 21902 21902 I Finsky  : [1] trt.a(30): Scheduling job Id: 9016, L: 29308, D: 59308, C: false, I: false, N: 0
02-24 10:19:38.074  3569 17433 I Icing   : Indexing com.google.android.apps.docs-internal.3p:DigitalDocument from com.google.android.apps.docs using seqno 0
02-24 10:19:38.074  2171 16456 I display : [PrimaryDisplay] [DYNAMIC_RECOMP] HWC_2_GLES by low FPS(0)
02-24 10:19:38.074  3569 17433 I Icing   : Indexing com.google.android.apps.docs-internal.3p:DigitalDocument from com.google.android.apps.docs using seqno 0
02-24 10:19:38.084 22070 22070 D TimaKeyStoreProvider: TimaSignature is unavailable
02-24 10:19:38.084 22070 22070 D ActivityThread: Added TimaKeyStore provider
02-24 10:19:38.084  3569 17433 I Icing   : Indexing com.google.android.apps.docs-internal.3p:DigitalDocument from com.google.android.apps.docs using seqno 0
02-24 10:19:38.084 21902 21902 I Finsky  : [1] tss.a(3): SCH: Canceling job 3-28393
02-24 10:19:38.084 21902 22084 I Finsky  : [74789] mmj.run(2): Installer: Installer starting.
02-24 10:19:38.084 21902 22084 I Finsky  : [74789] mmj.run(4): Installer: Installer started.
02-24 10:19:38.084 21902 21902 I Finsky  : [1] mni.a(243): Installer: found apps to install. isMultiUserMode=false, apps=[]
02-24 10:19:38.084  3569 17433 I Icing   : Indexing com.google.android.apps.docs-internal.3p:DigitalDocument from com.google.android.apps.docs using seqno 0
02-24 10:19:38.084  2772  3154 D ConnectivityService: returning getNetworkInfo for network type 1 : [type: WIFI[] - WIFI, state: DISCONNECTED/DISCONNECTED, reason: (unspecified), extra: (none), roaming: false, failover: false, isAvailable: true]
02-24 10:19:38.084  2772  3315 V BroadcastQueue: [background] Process cur broadcast BroadcastRecord{79752cd u0 android.intent.action.PACKAGE_FULLY_REMOVED qIdx=4}, state= (APP_RECEIVE) DELIVERED for app ProcessRecord{deff9ce 22070:com.samsung.android.bbc.bbcagent/1000}
02-24 10:19:38.094  3569 17433 I Icing   : Indexing com.google.android.apps.docs-internal.3p:DigitalDocument from com.google.android.apps.docs using seqno 0
02-24 10:19:38.094  3569 17433 I Icing   : Indexing com.google.android.apps.docs-internal.3p:DigitalDocument from com.google.android.apps.docs using seqno 0
02-24 10:19:38.094 22070 22070 D ResourcesManager: For user 0 new overlays fetched Null
02-24 10:19:38.104  3569 17433 I Icing   : Indexing com.google.android.apps.docs-internal.3p:DigitalDocument from com.google.android.apps.docs using seqno 0
02-24 10:19:38.104 22070 22070 W System  : ClassLoader referenced unknown path: /system/app/BBCAgent/lib/arm
02-24 10:19:38.104  3569 17433 I Icing   : Indexing com.google.android.apps.docs-internal.3p:DigitalDocument from com.google.android.apps.docs using seqno 0
02-24 10:19:38.114  3569 17433 I Icing   : Indexing com.google.android.apps.docs-internal.3p:DigitalDocument from com.google.android.apps.docs using seqno 0
02-24 10:19:38.114 21902 21902 I Finsky  : [1] ttj.a(7): SCH: Jobs in database: 1-1337 3-28394 12-1 26-1414141414 29-29 34-529 34-534 34-535 
02-24 10:19:38.114 21902 21902 I Finsky  : [1] tpg.a(58): SCH: ConstraintMapping: 34-534, 1-1337, 12-1,  -> L: 14780ms, D: 72685151ms, C: false, I: false, N: 1
02-24 10:19:38.114  3569 17433 I Icing   : Indexing com.google.android.apps.docs-internal.3p:DigitalDocument from com.google.android.apps.docs using seqno 0
02-24 10:19:38.114 21902 21902 I Finsky  : [1] tpg.a(58): SCH: ConstraintMapping: 34-535, 34-529,  -> L: 0ms, D: 1282386030ms, C: false, I: true, N: 2
02-24 10:19:38.114 21902 21902 I Finsky  : [1] tpg.a(58): SCH: ConstraintMapping: 34-535, 34-529, 3-28394,  -> L: 0ms, D: 86375040ms, C: true, I: true, N: 2
02-24 10:19:38.114 21902 21902 I Finsky  : [1] tpg.a(58): SCH: ConstraintMapping: 29-29, 26-1414141414,  -> L: 29159ms, D: 59159ms, C: false, I: false, N: 0
02-24 10:19:38.114  3569 17433 I Icing   : Indexing com.google.android.apps.docs-internal.3p:DigitalDocument from com.google.android.apps.docs using seqno 0
02-24 10:19:38.124  3569 17433 I Icing   : Indexing com.google.android.apps.docs-internal.3p:DigitalDocument from com.google.android.apps.docs using seqno 0
02-24 10:19:38.124  3569 17433 I Icing   : Indexing com.google.android.apps.docs-internal.3p:DigitalDocument from com.google.android.apps.docs using seqno 0
02-24 10:19:38.134  3569 17433 I Icing   : Indexing com.google.android.apps.docs-internal.3p:DigitalDocument from com.google.android.apps.docs using seqno 0
02-24 10:19:38.134  3569 17433 I Icing   : Indexing com.google.android.apps.docs-internal.3p:DigitalDocument from com.google.android.apps.docs using seqno 0
02-24 10:19:38.134  3569 17433 I Icing   : Indexing com.google.android.apps.docs-internal.3p:DigitalDocument from com.google.android.apps.docs using seqno 0
02-24 10:19:38.144 22086 22086 E Zygote  : v2
02-24 10:19:38.144 22086 22086 W SELinux : Function: selinux_compare_spd_ram, index[1], priority [2], priority version is VE=SEPF_SECMOBILE_6.0.1_0034
02-24 10:19:38.144 22086 22086 E Zygote  : accessInfo : 0
02-24 10:19:38.144 22086 22086 W SELinux : SELinux: seapp_context_lookup: seinfo=platform, level=s0:c512,c768, pkgname=com.android.documentsui 
02-24 10:19:38.144  3569 17433 I Icing   : Indexing com.google.android.apps.docs-internal.3p:DigitalDocument from com.google.android.apps.docs using seqno 0
02-24 10:19:38.144  3569 17433 I Icing   : Indexing com.google.android.apps.docs-internal.3p:DigitalDocument from com.google.android.apps.docs using seqno 0
02-24 10:19:38.144  3569 17433 I Icing   : Indexing com.google.android.apps.docs-internal.3p:DigitalDocument from com.google.android.apps.docs using seqno 0
02-24 10:19:38.144 22086 22086 I libpersona: KNOX_SDCARD checking this for 10072
02-24 10:19:38.144 22086 22086 I libpersona: KNOX_SDCARD not a persona
02-24 10:19:38.144  2772  3305 I ActivityManager: Start proc 22086:com.android.documentsui/u0a72 for broadcast-3 com.android.documentsui/.PackageReceiver
02-24 10:19:38.144  2772  3305 I ActivityManager: Killing 21642:com.samsung.android.intelligenceservice2/5010 (adj 15): DHA:empty #17
02-24 10:19:38.154  3569 17433 I Icing   : Indexing com.google.android.apps.docs-internal.3p:DigitalDocument from com.google.android.apps.docs using seqno 0
02-24 10:19:38.154  3569 17433 I Icing   : Indexing com.google.android.apps.docs-internal.3p:DigitalDocument from com.google.android.apps.docs using seqno 0
02-24 10:19:38.154  2772  2786 D ActivityManager: cleanUpApplicationRecord -- 21642
02-24 10:19:38.164  3569 17433 I Icing   : Indexing com.google.android.apps.docs-internal.3p:DigitalDocument from com.google.android.apps.docs using seqno 0
02-24 10:19:38.164  2772  2786 D ActivityManager: removeProcessNameLocked mProcessNames.remove pid=21642 ,hash=256880403 ,name=com.samsung.android.intelligenceservice2
02-24 10:19:38.164  3569 17433 I Icing   : Indexing com.google.android.apps.docs-internal.3p:DigitalDocument from com.google.android.apps.docs using seqno 0
02-24 10:19:38.164 22086 22086 D TimaKeyStoreProvider: TimaSignature is unavailable
02-24 10:19:38.164 22086 22086 D ActivityThread: Added TimaKeyStore provider
02-24 10:19:38.164  3569 17433 I Icing   : Indexing com.google.android.apps.docs-internal.3p:DigitalDocument from com.google.android.apps.docs using seqno 0
02-24 10:19:38.164  3569 17433 I Icing   : Indexing com.google.android.apps.docs-internal.3p:DigitalDocument from com.google.android.apps.docs using seqno 0
02-24 10:19:38.164  2772  2786 D ActivityManager: isAutoRunBlockedApp:: com.samsung.android.intelligenceservice2, Auto Run ON
02-24 10:19:38.174  3569 17433 I Icing   : Indexing com.google.android.apps.docs-internal.3p:DigitalDocument from com.google.android.apps.docs using seqno 0
02-24 10:19:38.174  3569 17433 I Icing   : Indexing com.google.android.apps.docs-internal.3p:DigitalDocument from com.google.android.apps.docs using seqno 0
02-24 10:19:38.174  3569 17433 I Icing   : Indexing com.google.android.apps.docs-internal.3p:DigitalDocument from com.google.android.apps.docs using seqno 0
02-24 10:19:38.174  2772  4080 V BroadcastQueue: [background] Process cur broadcast BroadcastRecord{79752cd u0 android.intent.action.PACKAGE_FULLY_REMOVED qIdx=4}, state= (APP_RECEIVE) DELIVERED for app ProcessRecord{2a90d0b 22086:com.android.documentsui/u0a72}
02-24 10:19:38.184 21902 21902 I Finsky  : [1] trt.a(37): Cancelling existing jobscheduler jobs: 9007 9009 9006 9015 9014 9005 9004 9016 
02-24 10:19:38.194 21902 21902 I Finsky  : [1] trt.a(30): Scheduling job Id: 9000, L: 14780, D: 72685151, C: false, I: false, N: 1
02-24 10:19:38.194 21902 21902 I Finsky  : [1] trt.a(14): Throttling wakeup for job 9001 (expected to run in 0 ms) due to recent wakeup
02-24 10:19:38.194 21902 21902 I Finsky  : [1] trt.a(30): Scheduling job Id: 9001, L: 30000, D: 1282386030, C: false, I: true, N: 2
02-24 10:19:38.194 21902 21902 I Finsky  : [1] trt.a(14): Throttling wakeup for job 9002 (expected to run in 0 ms) due to recent wakeup
02-24 10:19:38.194 21902 21902 I Finsky  : [1] trt.a(30): Scheduling job Id: 9002, L: 30000, D: 86375040, C: true, I: true, N: 2
02-24 10:19:38.194 21902 21902 I Finsky  : [1] trt.a(30): Scheduling job Id: 9003, L: 29159, D: 59159, C: false, I: false, N: 0
02-24 10:19:38.194 22086 22086 D ResourcesManager: For user 0 new overlays fetched Null
02-24 10:19:38.204 21902 21902 I Finsky  : [1] trt.a(30): Scheduling job Id: 9008, L: 14780, D: 72685151, C: false, I: false, N: 1
02-24 10:19:38.204 21902 21902 I Finsky  : [1] trt.a(14): Throttling wakeup for job 9010 (expected to run in 0 ms) due to recent wakeup
02-24 10:19:38.204 21902 21902 I Finsky  : [1] trt.a(30): Scheduling job Id: 9010, L: 30000, D: 1282386030, C: false, I: true, N: 2
02-24 10:19:38.204 21902 21902 I Finsky  : [1] trt.a(14): Throttling wakeup for job 9011 (expected to run in 0 ms) due to recent wakeup
02-24 10:19:38.204 21902 21902 I Finsky  : [1] trt.a(30): Scheduling job Id: 9011, L: 30000, D: 86375040, C: true, I: true, N: 2
02-24 10:19:38.204 21902 21902 I Finsky  : [1] trt.a(30): Scheduling job Id: 9012, L: 29159, D: 59159, C: false, I: false, N: 0
02-24 10:19:38.224 21902 21902 I Finsky  : [1] tss.a(3): SCH: Canceling job 3-28394
02-24 10:19:38.224 21902 21902 I Finsky  : [1] ttj.a(7): SCH: Jobs in database: 1-1337 12-1 26-1414141414 29-29 34-529 34-534 34-535 
02-24 10:19:38.224 22086 22086 W System  : ClassLoader referenced unknown path: /system/app/DocumentsUI/lib/arm
02-24 10:19:38.224 21902 21902 I Finsky  : [1] tpg.a(58): SCH: ConstraintMapping: 34-534, 12-1, 1-1337,  -> L: 14667ms, D: 72685038ms, C: false, I: false, N: 1
02-24 10:19:38.224 21902 21902 I Finsky  : [1] tpg.a(58): SCH: ConstraintMapping: 34-529, 34-535,  -> L: 0ms, D: 1282385917ms, C: false, I: true, N: 2
02-24 10:19:38.224 21902 21902 I Finsky  : [1] tpg.a(58): SCH: ConstraintMapping: 34-529, 34-535,  -> L: 0ms, D: 1282385917ms, C: true, I: true, N: 2
02-24 10:19:38.224 21902 21902 I Finsky  : [1] tpg.a(58): SCH: ConstraintMapping: 29-29, 26-1414141414,  -> L: 29046ms, D: 59046ms, C: false, I: false, N: 0
02-24 10:19:38.254  3569 17433 I Icing   : Indexing com.google.android.apps.docs-internal.3p:DigitalDocument from com.google.android.apps.docs using seqno 0
02-24 10:19:38.254 21902 22060 I Finsky  : [74782] nan.c(27): IQ: Creating job 28395, for (REQ_CHARGING, REQ_GEARHEAD_PROJECTION_OFF, NETWORK=UNMETERED, PROVISIONING_STATE=PROVISIONED)
02-24 10:19:38.254  3569 17433 I Icing   : Indexing com.google.android.apps.docs-internal.3p:DigitalDocument from com.google.android.apps.docs using seqno 0
02-24 10:19:38.264  3569 17433 I Icing   : Indexing com.google.android.apps.docs-internal.3p:DigitalDocument from com.google.android.apps.docs using seqno 0
02-24 10:19:38.274  3569 17433 I Icing   : Indexing com.google.android.apps.docs-internal.3p:DigitalDocument from com.google.android.apps.docs using seqno 0
02-24 10:19:38.274  3569 17433 I Icing   : Indexing com.google.android.apps.docs-internal.3p:DigitalDocument from com.google.android.apps.docs using seqno 0
02-24 10:19:38.274 22102 22102 E Zygote  : v2
02-24 10:19:38.274 22102 22102 W SELinux : Function: selinux_compare_spd_ram, index[1], priority [2], priority version is VE=SEPF_SECMOBILE_6.0.1_0034
02-24 10:19:38.274  3569 17433 I Icing   : Indexing com.google.android.apps.docs-internal.3p:DigitalDocument from com.google.android.apps.docs using seqno 0
02-24 10:19:38.274 22102 22102 E Zygote  : accessInfo : 0
02-24 10:19:38.274 22102 22102 W SELinux : SELinux: seapp_context_lookup: seinfo=platform, level=s0:c512,c768, pkgname=com.android.externalstorage 
02-24 10:19:38.274  3569 17433 I Icing   : Indexing com.google.android.apps.docs-internal.3p:DigitalDocument from com.google.android.apps.docs using seqno 0
02-24 10:19:38.274 22102 22102 I libpersona: KNOX_SDCARD checking this for 10011
02-24 10:19:38.274 22102 22102 I libpersona: KNOX_SDCARD not a persona
02-24 10:19:38.274  2772  4272 I ActivityManager: Start proc 22102:com.android.externalstorage/u0a11 for content provider com.android.externalstorage/.ExternalStorageProvider
02-24 10:19:38.284 18160 18216 D ScanRecord: parseFromBytes
02-24 10:19:38.284 18160 18216 D ScanRecord: first manudata for manu ID
02-24 10:19:38.284 18160 18216 D ScanRecord: parseFromBytes
02-24 10:19:38.284 18160 18216 D ScanRecord: first manudata for manu ID
02-24 10:19:38.284 18160 16515 D BtGatt.ContextMap: sendClientScanResult for app id 8
02-24 10:19:38.284  3569 17433 I Icing   : Indexing com.google.android.apps.docs-internal.3p:DigitalDocument from com.google.android.apps.docs using seqno 0
02-24 10:19:38.284 11718 11729 D ScanRecord: parseFromBytes
02-24 10:19:38.284 11718 11729 D ScanRecord: first manudata for manu ID
02-24 10:19:38.284  3569 17433 I Icing   : Indexing com.google.android.apps.docs-internal.3p:DigitalDocument from com.google.android.apps.docs using seqno 0
02-24 10:19:38.284  3027  3418 D NetworkController.MobileSignalController(0/12): onDataActivity: direction=3
02-24 10:19:38.284  3569 17433 I Icing   : Indexing com.google.android.apps.docs-internal.3p:DigitalDocument from com.google.android.apps.docs using seqno 0
02-24 10:19:38.284  2772  2961 V AlarmManager:  remove PendingIntent] PendingIntent{2b3a2f5: PendingIntentRecord{18aabb3 com.android.bluetooth broadcastIntent}}
02-24 10:19:38.294 21902 21902 I Finsky  : [1] trt.a(37): Cancelling existing jobscheduler jobs: 9010 9001 9000 9011 9008 9003 9002 9012 
02-24 10:19:38.294 21902 21902 I Finsky  : [1] trt.a(30): Scheduling job Id: 9004, L: 14667, D: 72685038, C: false, I: false, N: 1
02-24 10:19:38.294  3569 17433 I Icing   : Indexing com.google.android.apps.docs-internal.3p:DigitalDocument from com.google.android.apps.docs using seqno 0
02-24 10:19:38.294  3569 17433 I Icing   : Indexing com.google.android.apps.docs-internal.3p:DigitalDocument from com.google.android.apps.docs using seqno 0
02-24 10:19:38.294  3569 17433 I Icing   : Indexing com.google.android.apps.docs-internal.3p:DigitalDocument from com.google.android.apps.docs using seqno 0
02-24 10:19:38.294 22114 22114 E Zygote  : v2
02-24 10:19:38.294 22102 22102 D TimaKeyStoreProvider: TimaSignature is unavailable
02-24 10:19:38.294 22102 22102 D ActivityThread: Added TimaKeyStore provider
02-24 10:19:38.294 22114 22114 W SELinux : Function: selinux_compare_spd_ram, index[1], priority [2], priority version is VE=SEPF_SECMOBILE_6.0.1_0034
02-24 10:19:38.294 22114 22114 I libpersona: KNOX_SDCARD checking this for 10067
02-24 10:19:38.294 22114 22114 I libpersona: KNOX_SDCARD not a persona
02-24 10:19:38.304 22114 22114 E Zygote  : accessInfo : 0
02-24 10:19:38.304 22114 22114 W SELinux : SELinux: seapp_context_lookup: seinfo=chrome, level=s0:c512,c768, pkgname=com.android.chrome 
02-24 10:19:38.304  3569 17433 I Icing   : Indexing com.google.android.apps.docs-internal.3p:DigitalDocument from com.google.android.apps.docs using seqno 0
02-24 10:19:38.304  3569 17433 I Icing   : Indexing com.google.android.apps.docs-internal.3p:DigitalDocument from com.google.android.apps.docs using seqno 0
02-24 10:19:38.304 18160 18216 D ScanRecord: parseFromBytes
02-24 10:19:38.304 18160 18216 D ScanRecord: first manudata for manu ID
02-24 10:19:38.304 18160 18216 D ScanRecord: parseFromBytes
02-24 10:19:38.304 18160 18216 D ScanRecord: first manudata for manu ID
02-24 10:19:38.304 18160 16515 D BtGatt.ContextMap: sendClientScanResult for app id 8
02-24 10:19:38.304 21902 21902 I Finsky  : [1] trt.a(14): Throttling wakeup for job 9005 (expected to run in 0 ms) due to recent wakeup
02-24 10:19:38.304 21902 21902 I Finsky  : [1] trt.a(30): Scheduling job Id: 9005, L: 30000, D: 1282385917, C: false, I: true, N: 2
02-24 10:19:38.304 11718 11728 D ScanRecord: parseFromBytes
02-24 10:19:38.304 11718 11728 D ScanRecord: first manudata for manu ID
02-24 10:19:38.304  3569 17433 I Icing   : Indexing com.google.android.apps.docs-internal.3p:DigitalDocument from com.google.android.apps.docs using seqno 0
02-24 10:19:38.304 18160 18216 D ScanRecord: parseFromBytes
02-24 10:19:38.304 18160 18216 D ScanRecord: first manudata for manu ID
02-24 10:19:38.304  2772  4080 I ActivityManager: Start proc 22114:com.android.chrome/u0a67 for broadcast-3 com.android.chrome/org.chromium.chrome.browser.browserservices.ClientAppBroadcastReceiver
02-24 10:19:38.304  2772  4080 I ActivityManager: Killing 21470:com.sec.android.provider.badge/u0a3 (adj 15): DHA:empty #17
02-24 10:19:38.304  2772  4243 I ActivityManager: Killing 21655:com.wssnps/1000 (adj 15): DHA:empty #17
02-24 10:19:38.314 18160 18216 D ScanRecord: parseFromBytes
02-24 10:19:38.314 18160 18216 D ScanRecord: first manudata for manu ID
02-24 10:19:38.314 18160 16515 D BtGatt.ContextMap: sendClientScanResult for app id 8
02-24 10:19:38.314  3569 17433 I Icing   : Indexing com.google.android.apps.docs-internal.3p:DigitalDocument from com.google.android.apps.docs using seqno 0
02-24 10:19:38.314  3569 17433 I Icing   : Indexing com.google.android.apps.docs-internal.3p:DigitalDocument from com.google.android.apps.docs using seqno 0
02-24 10:19:38.314  3569 17433 I Icing   : Indexing com.google.android.apps.docs-internal.3p:DigitalDocument from com.google.android.apps.docs using seqno 0
02-24 10:19:38.314 11718 11729 D ScanRecord: parseFromBytes
02-24 10:19:38.314  2772  2961 V AlarmManager:  remove PendingIntent] PendingIntent{9e87971: PendingIntentRecord{a1388a com.android.bluetooth broadcastIntent}}
02-24 10:19:38.324 11718 11729 D ScanRecord: first manudata for manu ID
02-24 10:19:38.324  3569 17433 I Icing   : Indexing com.google.android.apps.docs-internal.3p:DigitalDocument from com.google.android.apps.docs using seqno 0
02-24 10:19:38.324  3569 17433 I Icing   : Indexing com.google.android.apps.docs-internal.3p:DigitalDocument from com.google.android.apps.docs using seqno 0
02-24 10:19:38.324  3569 17433 I Icing   : Indexing com.google.android.apps.docs-internal.3p:DigitalDocument from com.google.android.apps.docs using seqno 0
02-24 10:19:38.334 21902 21902 I Finsky  : [1] trt.a(14): Throttling wakeup for job 9006 (expected to run in 0 ms) due to recent wakeup
02-24 10:19:38.334 21902 21902 I Finsky  : [1] trt.a(30): Scheduling job Id: 9006, L: 30000, D: 1282385917, C: true, I: true, N: 2
02-24 10:19:38.334  3569 17433 I Icing   : Indexing com.google.android.apps.docs-internal.3p:DigitalDocument from com.google.android.apps.docs using seqno 0
02-24 10:19:38.334  2772  4273 D ActivityManager: removeProcessNameLocked mProcessNames.remove pid=21470 ,hash=175147908 ,name=com.sec.android.provider.badge
02-24 10:19:38.334 21902 21902 I Finsky  : [1] trt.a(30): Scheduling job Id: 9007, L: 29046, D: 59046, C: false, I: false, N: 0
02-24 10:19:38.334  2772  3305 D ActivityManager: removeProcessNameLocked mProcessNames.remove pid=21655 ,hash=133662032 ,name=com.wssnps
02-24 10:19:38.334  3569 17433 I Icing   : Indexing com.google.android.apps.docs-internal.3p:DigitalDocument from com.google.android.apps.docs using seqno 0
02-24 10:19:38.334  3569 17433 I Icing   : Indexing com.google.android.apps.docs-internal.3p:DigitalDocument from com.google.android.apps.docs using seqno 0
02-24 10:19:38.334 22114 22114 D TimaKeyStoreProvider: TimaSignature is unavailable
02-24 10:19:38.334 22114 22114 D ActivityThread: Added TimaKeyStore provider
02-24 10:19:38.334  2772  4273 D ActivityManager: cleanUpApplicationRecord -- 21470
02-24 10:19:38.334  2772  4273 D ActivityManager: isAutoRunBlockedApp:: com.sec.android.provider.badge, Auto Run ON
02-24 10:19:38.334  2772  3305 D ActivityManager: cleanUpApplicationRecord -- 21655
02-24 10:19:38.334  2772  3305 D ActivityManager: isAutoRunBlockedApp:: com.wssnps, Auto Run ON
02-24 10:19:38.334  2772  3314 V AlarmManager:  remove PendingIntent] PendingIntent{9ba3bad: PendingIntentRecord{a1388a com.android.bluetooth broadcastIntent}}
02-24 10:19:38.344 21902 21902 I Finsky  : [1] trt.a(30): Scheduling job Id: 9009, L: 14667, D: 72685038, C: false, I: false, N: 1
02-24 10:19:38.344  3569 17433 I Icing   : Indexing com.google.android.apps.docs-internal.3p:DigitalDocument from com.google.android.apps.docs using seqno 0
02-24 10:19:38.344  3569 17433 I Icing   : Indexing com.google.android.apps.docs-internal.3p:DigitalDocument from com.google.android.apps.docs using seqno 0
02-24 10:19:38.344 21902 21902 I Finsky  : [1] trt.a(14): Throttling wakeup for job 9013 (expected to run in 0 ms) due to recent wakeup
02-24 10:19:38.344 21902 21902 I Finsky  : [1] trt.a(30): Scheduling job Id: 9013, L: 30000, D: 1282385917, C: false, I: true, N: 2
02-24 10:19:38.344  3569 17433 I Icing   : Indexing com.google.android.apps.docs-internal.3p:DigitalDocument from com.google.android.apps.docs using seqno 0
02-24 10:19:38.344 22102 22102 D ResourcesManager: For user 0 new overlays fetched Null
02-24 10:19:38.344  2772  4273 V BroadcastQueue: [background] Process cur broadcast BroadcastRecord{79752cd u0 android.intent.action.PACKAGE_FULLY_REMOVED qIdx=4}, state= (APP_RECEIVE) DELIVERED for app ProcessRecord{d534b18 22114:com.android.chrome/u0a67}
02-24 10:19:38.354  3569 17433 I Icing   : Indexing com.google.android.apps.docs-internal.3p:DigitalDocument from com.google.android.apps.docs using seqno 0
02-24 10:19:38.354 21902 21902 I Finsky  : [1] trt.a(14): Throttling wakeup for job 9014 (expected to run in 0 ms) due to recent wakeup
02-24 10:19:38.354 21902 21902 I Finsky  : [1] trt.a(30): Scheduling job Id: 9014, L: 30000, D: 1282385917, C: true, I: true, N: 2
02-24 10:19:38.354 21902 21902 I Finsky  : [1] trt.a(30): Scheduling job Id: 9015, L: 29046, D: 59046, C: false, I: false, N: 0
02-24 10:19:38.354  3569 17433 I Icing   : Indexing com.google.android.apps.docs-internal.3p:DigitalDocument from com.google.android.apps.docs using seqno 0
02-24 10:19:38.354  3569 17433 I Icing   : Indexing com.google.android.apps.docs-internal.3p:DigitalDocument from com.google.android.apps.docs using seqno 0
02-24 10:19:38.354  3569 17433 I Icing   : Indexing com.google.android.apps.docs-internal.3p:DigitalDocument from com.google.android.apps.docs using seqno 0
02-24 10:19:38.354 22102 22102 W System  : ClassLoader referenced unknown path: /system/priv-app/ExternalStorageProvider/lib/arm
02-24 10:19:38.364 21902 22127 I System.out: (HTTPLog)-Static: isSBSettingEnabled false
02-24 10:19:38.364 21902 22127 I System.out: (HTTPLog)-Static: isSBSettingEnabled false
02-24 10:19:38.364 22102 22102 D VolumeInfo: VolumeInfo from Parcel: id private ,type 1 ,disk null
02-24 10:19:38.364 22102 22102 D VolumeInfo: VolumeInfo from Parcel: id emulated ,type 2 ,disk null
02-24 10:19:38.364 22102 22102 D ExternalStorage: After updating volumes, found 1 active roots
02-24 10:19:38.364 21902 21902 I Finsky  : [1] ttj.a(7): SCH: Jobs in database: 1-1337 3-28395 12-1 26-1414141414 29-29 34-529 34-534 34-535 
02-24 10:19:38.364 21902 21902 I Finsky  : [1] tpg.a(58): SCH: ConstraintMapping: 34-534, 1-1337, 12-1,  -> L: 14526ms, D: 72684897ms, C: false, I: false, N: 1
02-24 10:19:38.364 21902 21902 I Finsky  : [1] tpg.a(58): SCH: ConstraintMapping: 3-28395,  -> L: 0ms, D: 86399895ms, C: true, I: false, N: 2
02-24 10:19:38.374 21902 21902 I Finsky  : [1] tpg.a(58): SCH: ConstraintMapping: 34-535, 34-529,  -> L: 0ms, D: 1282385776ms, C: false, I: true, N: 2
02-24 10:19:38.374 21902 21902 I Finsky  : [1] tpg.a(58): SCH: ConstraintMapping: 34-535, 34-529,  -> L: 0ms, D: 1282385776ms, C: true, I: true, N: 2
02-24 10:19:38.374 21902 21902 I Finsky  : [1] tpg.a(58): SCH: ConstraintMapping: 29-29, 26-1414141414,  -> L: 28905ms, D: 58905ms, C: false, I: false, N: 0
02-24 10:19:38.404 18160 18216 D ScanRecord: parseFromBytes
02-24 10:19:38.404 18160 18216 D ScanRecord: first manudata for manu ID
02-24 10:19:38.404 18160 18216 D ScanRecord: parseFromBytes
02-24 10:19:38.404 18160 18216 D ScanRecord: first manudata for manu ID
02-24 10:19:38.404 18160 16515 D BtGatt.ContextMap: sendClientScanResult for app id 8
02-24 10:19:38.404 11718 11728 D ScanRecord: parseFromBytes
02-24 10:19:38.404 11718 11728 D ScanRecord: first manudata for manu ID
02-24 10:19:38.404  2772  3066 V AlarmManager:  remove PendingIntent] PendingIntent{6a0772e: PendingIntentRecord{a1388a com.android.bluetooth broadcastIntent}}
02-24 10:19:38.404 22114 22114 D ResourcesManager: For user 0 new overlays fetched Null
02-24 10:19:38.414 18160 18216 D ScanRecord: parseFromBytes
02-24 10:19:38.414 18160 18216 D ScanRecord: first manudata for manu ID
02-24 10:19:38.414 18160 18216 D ScanRecord: parseFromBytes
02-24 10:19:38.414 18160 18216 D ScanRecord: first manudata for manu ID
02-24 10:19:38.414 18160 16515 D BtGatt.ContextMap: sendClientScanResult for app id 8
02-24 10:19:38.414 11718 11729 D ScanRecord: parseFromBytes
02-24 10:19:38.414 11718 11729 D ScanRecord: first manudata for manu ID
02-24 10:19:38.414  3569 17433 I Icing   : Indexing com.google.android.apps.docs-internal.3p:DigitalDocument from com.google.android.apps.docs using seqno 0
02-24 10:19:38.414 21902 21902 I Finsky  : [1] trt.a(37): Cancelling existing jobscheduler jobs: 9013 9009 9004 9006 9005 9015 9007 9014 
02-24 10:19:38.414 21902 21902 I Finsky  : [1] trt.a(30): Scheduling job Id: 9000, L: 14526, D: 72684897, C: false, I: false, N: 1
02-24 10:19:38.414  3569 17433 I Icing   : Indexing com.google.android.apps.docs-internal.3p:DigitalDocument from com.google.android.apps.docs using seqno 0
02-24 10:19:38.414  2772  3150 V AlarmManager:  remove PendingIntent] PendingIntent{236f2cf: PendingIntentRecord{a1388a com.android.bluetooth broadcastIntent}}
02-24 10:19:38.424  3569 17433 I Icing   : Indexing com.google.android.apps.docs-internal.3p:DigitalDocument from com.google.android.apps.docs using seqno 0
02-24 10:19:38.424 21902 21902 I Finsky  : [1] trt.a(14): Throttling wakeup for job 9001 (expected to run in 0 ms) due to recent wakeup
02-24 10:19:38.424 21902 21902 I Finsky  : [1] trt.a(30): Scheduling job Id: 9001, L: 30000, D: 86399895, C: true, I: false, N: 2
02-24 10:19:38.424 21902 21902 I Finsky  : [1] trt.a(14): Throttling wakeup for job 9002 (expected to run in 0 ms) due to recent wakeup
02-24 10:19:38.424 21902 21902 I Finsky  : [1] trt.a(30): Scheduling job Id: 9002, L: 30000, D: 1282385776, C: false, I: true, N: 2
02-24 10:19:38.424  3569 17433 I Icing   : Indexing com.google.android.apps.docs-internal.3p:DigitalDocument from com.google.android.apps.docs using seqno 0
02-24 10:19:38.424 21902 21902 I Finsky  : [1] trt.a(14): Throttling wakeup for job 9003 (expected to run in 0 ms) due to recent wakeup
02-24 10:19:38.424 21902 21902 I Finsky  : [1] trt.a(30): Scheduling job Id: 9003, L: 30000, D: 1282385776, C: true, I: true, N: 2
02-24 10:19:38.424 21902 21902 I Finsky  : [1] trt.a(30): Scheduling job Id: 9008, L: 28905, D: 58905, C: false, I: false, N: 0
02-24 10:19:38.424  3569 17433 I Icing   : Indexing com.google.android.apps.docs-internal.3p:DigitalDocument from com.google.android.apps.docs using seqno 0
02-24 10:19:38.434  3569 17433 I Icing   : Indexing com.google.android.apps.docs-internal.3p:DigitalDocument from com.google.android.apps.docs using seqno 0
02-24 10:19:38.434 21902 21902 I Finsky  : [1] trt.a(30): Scheduling job Id: 9010, L: 14526, D: 72684897, C: false, I: false, N: 1
02-24 10:19:38.434 21902 21902 I Finsky  : [1] trt.a(14): Throttling wakeup for job 9011 (expected to run in 0 ms) due to recent wakeup
02-24 10:19:38.434 21902 21902 I Finsky  : [1] trt.a(30): Scheduling job Id: 9011, L: 30000, D: 86399895, C: true, I: false, N: 2
02-24 10:19:38.434  3569 17433 I Icing   : Indexing com.google.android.apps.docs-internal.3p:DigitalDocument from com.google.android.apps.docs using seqno 0
02-24 10:19:38.434 21902 21902 I Finsky  : [1] trt.a(14): Throttling wakeup for job 9012 (expected to run in 0 ms) due to recent wakeup
02-24 10:19:38.434 21902 21902 I Finsky  : [1] trt.a(30): Scheduling job Id: 9012, L: 30000, D: 1282385776, C: false, I: true, N: 2
02-24 10:19:38.434  3569 17433 I Icing   : Indexing com.google.android.apps.docs-internal.3p:DigitalDocument from com.google.android.apps.docs using seqno 0
02-24 10:19:38.434 21902 21902 I Finsky  : [1] trt.a(14): Throttling wakeup for job 9016 (expected to run in 0 ms) due to recent wakeup
02-24 10:19:38.434 21902 21902 I Finsky  : [1] trt.a(30): Scheduling job Id: 9016, L: 30000, D: 1282385776, C: true, I: true, N: 2
02-24 10:19:38.444 21902 21902 I Finsky  : [1] trt.a(30): Scheduling job Id: 9017, L: 28905, D: 58905, C: false, I: false, N: 0
02-24 10:19:38.444  3569 17433 I Icing   : Indexing com.google.android.apps.docs-internal.3p:DigitalDocument from com.google.android.apps.docs using seqno 0
02-24 10:19:38.444 21902 21902 I Finsky  : [1] ttj.a(7): SCH: Jobs in database: 1-1337 3-28395 12-1 26-1414141414 29-29 34-529 34-534 34-535 
02-24 10:19:38.444  3569 17433 I Icing   : Indexing com.google.android.apps.docs-internal.3p:DigitalDocument from com.google.android.apps.docs using seqno 0
02-24 10:19:38.444 21902 21902 I Finsky  : [1] tpg.a(58): SCH: ConstraintMapping: 34-534, 1-1337, 12-1,  -> L: 14450ms, D: 72684821ms, C: false, I: false, N: 1
02-24 10:19:38.444 21902 21902 I Finsky  : [1] tpg.a(58): SCH: ConstraintMapping: 3-28395,  -> L: 0ms, D: 86399819ms, C: true, I: false, N: 2
02-24 10:19:38.444 21902 21902 I Finsky  : [1] tpg.a(58): SCH: ConstraintMapping: 34-535, 34-529,  -> L: 0ms, D: 1282385700ms, C: false, I: true, N: 2
02-24 10:19:38.444 21902 21902 I Finsky  : [1] tpg.a(58): SCH: ConstraintMapping: 34-535, 34-529,  -> L: 0ms, D: 1282385700ms, C: true, I: true, N: 2
02-24 10:19:38.444 21902 21902 I Finsky  : [1] tpg.a(58): SCH: ConstraintMapping: 29-29, 26-1414141414,  -> L: 28828ms, D: 58828ms, C: false, I: false, N: 0
02-24 10:19:38.444  3569 17433 I Icing   : Indexing com.google.android.apps.docs-internal.3p:DigitalDocument from com.google.android.apps.docs using seqno 0
02-24 10:19:38.444  3569 17433 I Icing   : Indexing com.google.android.apps.docs-internal.3p:DigitalDocument from com.google.android.apps.docs using seqno 0
02-24 10:19:38.454  3569 17433 I Icing   : Indexing com.google.android.apps.docs-internal.3p:DigitalDocument from com.google.android.apps.docs using seqno 0
02-24 10:19:38.454  3569 17433 I Icing   : Indexing com.google.android.apps.docs-internal.3p:DigitalDocument from com.google.android.apps.docs using seqno 0
02-24 10:19:38.454  3569 17433 I Icing   : Indexing com.google.android.apps.docs-internal.3p:DigitalDocument from com.google.android.apps.docs using seqno 0
02-24 10:19:38.464  3569 17433 I Icing   : Indexing com.google.android.apps.docs-internal.3p:DigitalDocument from com.google.android.apps.docs using seqno 0
02-24 10:19:38.464  3569 17433 I Icing   : Indexing com.google.android.apps.docs-internal.3p:DigitalDocument from com.google.android.apps.docs using seqno 0
02-24 10:19:38.464 13023 19897 W CelloCake: [LOGGING68f5d8f9-6] Completed: updateFile(request=# com.google.apps.drive.dataservice.UpdateItemRequest@3e91eb1c){account=68f5d8f9, submitTimeMs=475860806, startTimeMs=475860827, waitTimeMs=21, endTimeMs=475890850, durationMs=30044, succeeded, timedOut}
02-24 10:19:38.464  3569 17433 I Icing   : Indexing com.google.android.apps.docs-internal.3p:DigitalDocument from com.google.android.apps.docs using seqno 0
02-24 10:19:38.474  3569 17433 I Icing   : Indexing com.google.android.apps.docs-internal.3p:DigitalDocument from com.google.android.apps.docs using seqno 0
02-24 10:19:38.474  3569 17433 I Icing   : Indexing com.google.android.apps.docs-internal.3p:DigitalDocument from com.google.android.apps.docs using seqno 0
02-24 10:19:38.474  3569 17433 I Icing   : Indexing com.google.android.apps.docs-internal.3p:DigitalDocument from com.google.android.apps.docs using seqno 0
02-24 10:19:38.484  3569 17433 I Icing   : Indexing com.google.android.apps.docs-internal.3p:DigitalDocument from com.google.android.apps.docs using seqno 0
02-24 10:19:38.484  3569 17433 I Icing   : Indexing com.google.android.apps.docs-internal.3p:DigitalDocument from com.google.android.apps.docs using seqno 0
02-24 10:19:38.484  3569 17433 I Icing   : Indexing com.google.android.apps.docs-internal.3p:DigitalDocument from com.google.android.apps.docs using seqno 0
02-24 10:19:38.484 22129 22129 E Zygote  : v2
02-24 10:19:38.484 22129 22129 W SELinux : Function: selinux_compare_spd_ram, index[1], priority [2], priority version is VE=SEPF_SECMOBILE_6.0.1_0034
02-24 10:19:38.484 22129 22129 E Zygote  : accessInfo : 0
02-24 10:19:38.484 22129 22129 I libpersona: KNOX_SDCARD checking this for 2000
02-24 10:19:38.484 22129 22129 I libpersona: KNOX_SDCARD not a persona
02-24 10:19:38.494  3569 17433 I Icing   : Indexing com.google.android.apps.docs-internal.3p:DigitalDocument from com.google.android.apps.docs using seqno 0
02-24 10:19:38.494  3569 17433 I Icing   : Indexing com.google.android.apps.docs-internal.3p:DigitalDocument from com.google.android.apps.docs using seqno 0
02-24 10:19:38.494  3569 17433 I Icing   : Indexing com.google.android.apps.docs-internal.3p:DigitalDocument from com.google.android.apps.docs using seqno 0
02-24 10:19:38.494 13023 19897 W CelloCake: [LOGGING68f5d8f9-6] Completed: updateFile(request=# com.google.apps.drive.dataservice.UpdateItemRequest@6f2dfa55){account=68f5d8f9, submitTimeMs=475860806, startTimeMs=475860827, waitTimeMs=21, endTimeMs=475890881, durationMs=30075, succeeded, timedOut}
02-24 10:19:38.494  3569 17433 I Icing   : Indexing com.google.android.apps.docs-internal.3p:DigitalDocument from com.google.android.apps.docs using seqno 0
02-24 10:19:38.494  2772  2961 I ActivityManager: Start proc 22129:com.android.shell/2000 for content provider com.android.shell/.BugreportStorageProvider
02-24 10:19:38.504  3569 17433 I Icing   : Indexing com.google.android.apps.docs-internal.3p:DigitalDocument from com.google.android.apps.docs using seqno 0
