02-24 10:19:28.234  2772  3305 D SettingsProvider: selectionArgs: false
02-24 10:19:28.234  2772  3305 D SettingsProvider: selectionArgs: 10053
02-24 10:19:28.234  2772  3305 D SettingsProvider: ret = -1
02-24 10:19:28.234  2772  3066 D SettingsProvider: isChangeAllowed() : name = easy_mode_home
02-24 10:19:28.234  2772  3066 D SettingsProvider: edmUri: content://com.sec.knox.provider/RestrictionPolicy3
02-24 10:19:28.234  2772  3066 D SettingsProvider: projectionArgs: isSettingsChangesAllowed
02-24 10:19:28.234  2772  3066 D SettingsProvider: selectionArgs: false
02-24 10:19:28.234  2772  3066 D SettingsProvider: selectionArgs: 10053
02-24 10:19:28.234  2772  3066 D SettingsProvider: ret = -1
02-24 10:19:28.234  2772  2842 V MARsPolicyManager: updatePackagesScore PackageInfo name -- com.sec.android.app.launcher
02-24 10:19:28.244  2772  2842 V BroadcastQueue: [background] Process cur broadcast BroadcastRecord{9745e74 u0 com.android.launcher.action.HOME_MODE_CHANGE qIdx=4}, state= (APP_RECEIVE) DELIVERED for app ProcessRecord{9f5ae4a 21199:com.sec.android.app.clockpackage/u0a69}
02-24 10:19:28.264  2772  3150 V AlarmManager:  remove PendingIntent] PendingIntent{2d09c12: PendingIntentRecord{f675013 com.android.bluetooth broadcastIntent}}
02-24 10:19:28.264  2772  3305 I ActivityManager: Killing 21145:com.google.android.apps.photos/u0a102 (adj 15): DHA:empty #17
02-24 10:19:28.274  2772  2964 D NetworkPolicy: isUidForegroundLocked: 10556, mScreenOn: true, uidstate: 16, mProxSensorScreenOff: false
02-24 10:19:28.284  2772  4081 V AlarmManager:  remove PendingIntent] PendingIntent{a4c1fe3: PendingIntentRecord{f675013 com.android.bluetooth broadcastIntent}}
02-24 10:19:28.304  2772  3315 D ActivityManager: cleanUpApplicationRecord -- 21145
02-24 10:19:28.304  2772  3315 D ActivityManager: isAutoRunBlockedApp:: com.google.android.apps.photos, Auto Run ON
02-24 10:19:28.354  2772  3314 V AlarmManager:  remove PendingIntent] PendingIntent{b2ede0: PendingIntentRecord{f675013 com.android.bluetooth broadcastIntent}}
02-24 10:19:28.384  2772  3304 V AlarmManager:  remove PendingIntent] PendingIntent{be9b899: PendingIntentRecord{f675013 com.android.bluetooth broadcastIntent}}
02-24 10:19:28.434  2772  4272 V AlarmManager:  remove PendingIntent] PendingIntent{818675e: PendingIntentRecord{f675013 com.android.bluetooth broadcastIntent}}
02-24 10:19:28.434  2772  3150 V AlarmManager:  remove PendingIntent] PendingIntent{296d73f: PendingIntentRecord{f675013 com.android.bluetooth broadcastIntent}}
02-24 10:19:28.454  2772  3304 V AlarmManager:  remove PendingIntent] PendingIntent{989080c: PendingIntentRecord{f675013 com.android.bluetooth broadcastIntent}}
02-24 10:19:28.484  2772  4272 V AlarmManager:  remove PendingIntent] PendingIntent{5144555: PendingIntentRecord{f675013 com.android.bluetooth broadcastIntent}}
02-24 10:19:28.494  2772  2961 V AlarmManager:  remove PendingIntent] PendingIntent{b7f9b6a: PendingIntentRecord{f675013 com.android.bluetooth broadcastIntent}}
02-24 10:19:28.504  2772  3304 V AlarmManager:  remove PendingIntent] PendingIntent{4aba85b: PendingIntentRecord{f675013 com.android.bluetooth broadcastIntent}}
02-24 10:19:28.564  2772  3305 V AlarmManager:  remove PendingIntent] PendingIntent{bc498f8: PendingIntentRecord{f675013 com.android.bluetooth broadcastIntent}}
02-24 10:19:28.594  2772  4273 V AlarmManager:  remove PendingIntent] PendingIntent{120e1d1: PendingIntentRecord{f675013 com.android.bluetooth broadcastIntent}}
02-24 10:19:28.614  2772  4077 V AlarmManager:  remove PendingIntent] PendingIntent{8740436: PendingIntentRecord{f675013 com.android.bluetooth broadcastIntent}}
02-24 10:19:28.614  2772  4081 V AlarmManager:  remove PendingIntent] PendingIntent{a726f37: PendingIntentRecord{f675013 com.android.bluetooth broadcastIntent}}
02-24 10:19:28.624  2772  3154 V AlarmManager:  remove PendingIntent] PendingIntent{c264ca4: PendingIntentRecord{f675013 com.android.bluetooth broadcastIntent}}
02-24 10:19:28.664  2772  4077 V AlarmManager:  remove PendingIntent] PendingIntent{280ca0d: PendingIntentRecord{f675013 com.android.bluetooth broadcastIntent}}
02-24 10:19:28.684  2772  4272 V AlarmManager:  remove PendingIntent] PendingIntent{1742dc2: PendingIntentRecord{f675013 com.android.bluetooth broadcastIntent}}
02-24 10:19:28.684  2772  3150 V AlarmManager:  remove PendingIntent] PendingIntent{a74c7d3: PendingIntentRecord{f675013 com.android.bluetooth broadcastIntent}}
02-24 10:19:28.694  2772  3066 V AlarmManager:  remove PendingIntent] PendingIntent{8cd8f10: PendingIntentRecord{f675013 com.android.bluetooth broadcastIntent}}
02-24 10:19:28.704  2772  5592 D SSRM:n  : SIOP:: AP = 400, CUR = 171, LCD = 118
02-24 10:19:28.724  2772  4080 V AlarmManager:  remove PendingIntent] PendingIntent{77cfa09: PendingIntentRecord{f675013 com.android.bluetooth broadcastIntent}}
02-24 10:19:28.744  2772  3314 V AlarmManager:  remove PendingIntent] PendingIntent{5b640e: PendingIntentRecord{f675013 com.android.bluetooth broadcastIntent}}
02-24 10:19:28.744  2772  4273 V AlarmManager:  remove PendingIntent] PendingIntent{3a0e2f: PendingIntentRecord{f675013 com.android.bluetooth broadcastIntent}}
02-24 10:19:28.784  2772  3314 V AlarmManager:  remove PendingIntent] PendingIntent{e635e4b: PendingIntentRecord{f675013 com.android.bluetooth broadcastIntent}}
02-24 10:19:28.794  2772  4273 V AlarmManager:  remove PendingIntent] PendingIntent{c3028: PendingIntentRecord{f675013 com.android.bluetooth broadcastIntent}}
02-24 10:19:28.804  2772  4077 V AlarmManager:  remove PendingIntent] PendingIntent{2cce141: PendingIntentRecord{f675013 com.android.bluetooth broadcastIntent}}
02-24 10:19:28.834  2772  2845 D StatusBarManagerService: manageDisableList userId=0 what=0x0 pkg=Window{7b1b2c3 u0 d0 com.sec.android.app.launcher/com.sec.android.app.launcher.activities.LauncherActivity}
02-24 10:19:28.844  2772  4080 V AlarmManager:  remove PendingIntent] PendingIntent{6879427: PendingIntentRecord{f675013 com.android.bluetooth broadcastIntent}}
02-24 10:19:28.844  2772  2787 I ActivityManager: Process com.flashdev.tahara_android (pid 21515)(adj 9) has died(62,672)
02-24 10:19:28.844  2772  2787 D ActivityManager: cleanUpApplicationRecord -- 21515
02-24 10:19:28.844  2772  2786 W InputMethodManagerService: Window already focused, ignoring focus gain of: com.android.internal.view.IInputMethodClient$Stub$Proxy@40826d4 attribute=null, token = android.os.BinderProxy@d972e72
02-24 10:19:28.844  2772  2786 D InputMethodManagerService: [HARDWARE_KEYBOARD] (refreshImeWindowVis) mImeWindowVis= 0 inputVisible = falsehaveHardKeyboard = false hardKeyShown = false
02-24 10:19:28.844  2772  2787 D ActivityManager: isAutoRunBlockedApp:: com.flashdev.tahara_android, Auto Run ON
02-24 10:19:28.854  2772  3150 V AlarmManager:  remove PendingIntent] PendingIntent{f45507d: PendingIntentRecord{f675013 com.android.bluetooth broadcastIntent}}
02-24 10:19:28.854  2772  2787 W ContextImpl: Calling a method in the system process without a qualified user: android.app.ContextImpl.sendBroadcast:836 com.android.server.am.ActivityManagerService.updateOomAdjLocked:26918 com.android.server.am.ActivityManagerService.appDiedLocked:7636 com.android.server.am.ActivityManagerService$AppDeathRecipient.binderDied:1918 android.os.BinderProxy.sendDeathNotice:558 
02-24 10:19:29.024  2772  2864 W AppOps  : Finishing op nesting under-run: uid 1000 pkg android code 24 time=0 duration=0 nesting=0
02-24 10:19:29.244  3123  3123 D Recents : onTaskStackChanged
02-24 10:19:29.634  2772  2961 D CustomFrequencyManagerService: releaseDVFSLockLocked : Getting Lock type frm List : DVFS_MIN_LIMIT  frequency : 1586000  uid : 1000  pid : 2772  tag : LAUNCHER_APP_BOOSTER_CPU@7
02-24 10:19:30.164  2772  2902 D PowerManagerService: [api] userActivityFromNative : 40 (event: 2 flags: 0) eventTime = 180345999
02-24 10:19:30.164  2772  2961 D CustomFrequencyManagerService: acquireDVFSLockLocked : type : DVFS_MIN_LIMIT  frequency : 1144000  uid : 1000  pid : 2772  pkgName : com.sec.android.app.launcher@1
02-24 10:19:30.644  2772  2842 D CustomFrequencyManagerService: releaseDVFSLockLocked : Getting Lock type frm List : DVFS_MIN_LIMIT  frequency : 1482000  uid : 1000  pid : 2772  tag : ACTIVITY_RESUME_BOOSTER@4
02-24 10:19:30.644  2772  2842 D ActivityManager: mDVFSHelper.release()
02-24 10:19:30.644  2772  2842 D CustomFrequencyManagerService: acquireDVFSLockLocked : type : DVFS_MIN_LIMIT  frequency : 1482000  uid : 1000  pid : 2772  pkgName : ACTIVITY_RESUME_BOOSTER@10
02-24 10:19:30.774  2772  2845 W ContextImpl: Calling a method in the system process without a qualified user: android.app.ContextImpl.sendBroadcast:836 com.android.server.policy.PhoneWindowManager.notifyToSSRM:8740 com.android.server.policy.PhoneWindowManager.access$1500:309 com.android.server.policy.PhoneWindowManager$PolicyHandler.handleMessage:1213 android.os.Handler.dispatchMessage:102 
02-24 10:19:31.174  2772  3305 D CustomFrequencyManagerService: releaseDVFSLockLocked : Getting Lock type frm List : DVFS_MIN_LIMIT  frequency : 1144000  uid : 1000  pid : 2772  tag : com.sec.android.app.launcher@1
02-24 10:19:31.244  2772  2772 D CustomFrequencyManagerService: releaseDVFSLockLocked : Getting Lock type frm List : DVFS_MIN_LIMIT  frequency : 1482000  uid : 1000  pid : 2772  tag : ACTIVITY_RESUME_BOOSTER@10
02-24 10:19:31.414  2772  4273 D ResourcesManager: For user 0 new overlays fetched Null
02-24 10:19:31.414  2772  4273 D CustomFrequencyManagerService: acquireDVFSLockLocked : type : DVFS_MIN_LIMIT  frequency : 1482000  uid : 1000  pid : 2772  pkgName : ACTIVITY_RESUME_BOOSTER@4
02-24 10:19:31.414  2772  4273 D ActivityManager: mDVFSHelper.acquire()
02-24 10:19:31.414  2772  4273 V WindowManager: addAppToken: AppWindowToken{d05db7779 token=Token{72adc40 ActivityRecord{2cf4bc3 u0 com.google.android.packageinstaller/com.android.packageinstaller.UninstallerActivity t34180}}} to stack=2 task=34180 at 0
02-24 10:19:31.424  2772  3305 V WindowOrientationListener: OrientationSensorJudge.getProposedRotation, Rotation: -1
02-24 10:19:31.424  2772  3305 V WindowManager: rotationForOrientationLw(orient=1, last=0); user=0  sensorRotation=-1 mLidState=-1 mDockMode=0 mHdmiPlugged=false mMobileKeyboardEnabled=false displayId=0
02-24 10:19:31.424  2772  3305 V WindowOrientationListener: OrientationSensorJudge.getProposedRotation, Rotation: -1
02-24 10:19:31.424  2772  3305 W WindowManager: Drag is in progress but there is no drag window handle.
02-24 10:19:31.444 21535 21535 I libpersona: KNOX_SDCARD checking this for 10017
02-24 10:19:31.444 21535 21535 I libpersona: KNOX_SDCARD not a persona
02-24 10:19:31.444  2772  4273 I ActivityManager: Start proc 21535:com.google.android.packageinstaller/u0a17 for activity com.google.android.packageinstaller/com.android.packageinstaller.UninstallerActivity
02-24 10:19:31.464  2772  3066 D ActivityManager:  Launching com.google.android.packageinstaller, updated priority
02-24 10:19:31.464  2772  2842 V MARsPolicyManager: updatePackagesScore PackageInfo name -- com.google.android.packageinstaller
02-24 10:19:31.474 21535 21535 D ResourcesManager: For user 0 new overlays fetched Null
02-24 10:19:31.494 21535 21535 D ContextRelationManager: ContextRelationManager() : FEATURE_ENABLED=true
02-24 10:19:31.514 21535 21535 D ResourcesManager: For user 0 new overlays fetched Null
02-24 10:19:31.574  2772  2845 D StatusBarManagerService: manageDisableList userId=0 what=0x0 pkg=Window{5ef9cb1 u0 d0 com.google.android.packageinstaller/com.android.packageinstaller.UninstallerActivity}
02-24 10:19:31.754  2772  2845 W ContextImpl: Calling a method in the system process without a qualified user: android.app.ContextImpl.sendBroadcast:836 com.android.server.policy.PhoneWindowManager.notifyToSSRM:8740 com.android.server.policy.PhoneWindowManager.access$1500:309 com.android.server.policy.PhoneWindowManager$PolicyHandler.handleMessage:1213 android.os.Handler.dispatchMessage:102 
02-24 10:19:31.854  2772  2901 V AlarmManager: Expired Alarm result :4
02-24 10:19:31.924  2772  2864 D CustomFrequencyManagerService: releaseDVFSLockLocked : Getting Lock type frm List : DVFS_MIN_LIMIT  frequency : 1482000  uid : 1000  pid : 2772  tag : ACTIVITY_RESUME_BOOSTER@4
02-24 10:19:31.924  2772  2864 D ActivityManager: mDVFSHelper.release()
02-24 10:19:31.924  2772  2842 D CustomFrequencyManagerService: acquireDVFSLockLocked : type : DVFS_MIN_LIMIT  frequency : 1482000  uid : 1000  pid : 2772  pkgName : ACTIVITY_RESUME_BOOSTER@10
02-24 10:19:31.944  3297  3297 V ActivityThread: updateVisibility : ActivityRecord{39ce26d token=android.os.BinderProxy@2efa251 {com.sec.android.app.launcher/com.sec.android.app.launcher.activities.LauncherActivity}} show : true
02-24 10:19:32.284  2772  3154 D CustomFrequencyManagerService: acquireDVFSLockLocked : type : DVFS_MIN_LIMIT  frequency : 1482000  uid : 1000  pid : 2772  pkgName : ACTIVITY_RESUME_BOOSTER@4
02-24 10:19:32.284  2772  3154 D ActivityManager: mDVFSHelper.acquire()
02-24 10:19:32.284  2772  3154 V WindowManager: addAppToken: AppWindowToken{d0a8e016e token=Token{e4c30e9 ActivityRecord{7cdd570 u0 com.google.android.packageinstaller/com.android.packageinstaller.UninstallAppProgress t34180}}} to stack=2 task=34180 at 1
02-24 10:19:32.294  2772  2845 D StatusBarManagerService: manageDisableList userId=0 what=0x0 pkg=Window{7b1b2c3 u0 d0 com.sec.android.app.launcher/com.sec.android.app.launcher.activities.LauncherActivity}
02-24 10:19:32.294  2772  4243 V WindowOrientationListener: setCurrentAppOrientation :-1
02-24 10:19:32.294  2772  4243 V WindowOrientationListener: OrientationSensorJudge.getProposedRotation, Rotation: -1
02-24 10:19:32.294  2772  4243 V WindowManager: rotationForOrientationLw(orient=-1, last=0); user=0  sensorRotation=-1 mLidState=-1 mDockMode=0 mHdmiPlugged=false mMobileKeyboardEnabled=false displayId=0
02-24 10:19:32.294  2772  4243 V WindowOrientationListener: OrientationSensorJudge.getProposedRotation, Rotation: -1
02-24 10:19:32.304  3297  3297 V ActivityThread: updateVisibility : ActivityRecord{39ce26d token=android.os.BinderProxy@2efa251 {com.sec.android.app.launcher/com.sec.android.app.launcher.activities.LauncherActivity}} show : false
02-24 10:19:32.304  2772  2842 V MARsPolicyManager: updatePackagesScore PackageInfo name -- com.google.android.packageinstaller
02-24 10:19:32.344  2772  2842 I ActivityManager: Force stopping com.flashdev.tahara_android appid=10556 user=-1: uninstall pkg
02-24 10:19:32.354  2772  2901 V AlarmManager: Expired Alarm result :8
02-24 10:19:32.364  2772  2845 D StatusBarManagerService: manageDisableList userId=0 what=0x0 pkg=Window{91cc67a u0 d0 com.google.android.packageinstaller/com.android.packageinstaller.UninstallAppProgress}
02-24 10:19:32.524  2772  2772 D CustomFrequencyManagerService: releaseDVFSLockLocked : Getting Lock type frm List : DVFS_MIN_LIMIT  frequency : 1482000  uid : 1000  pid : 2772  tag : ACTIVITY_RESUME_BOOSTER@10
02-24 10:19:32.694  2772  2864 D CustomFrequencyManagerService: releaseDVFSLockLocked : Getting Lock type frm List : DVFS_MIN_LIMIT  frequency : 1482000  uid : 1000  pid : 2772  tag : ACTIVITY_RESUME_BOOSTER@4
02-24 10:19:32.694  2772  2864 D ActivityManager: mDVFSHelper.release()
02-24 10:19:32.694  2772  2842 D CustomFrequencyManagerService: acquireDVFSLockLocked : type : DVFS_MIN_LIMIT  frequency : 1482000  uid : 1000  pid : 2772  pkgName : ACTIVITY_RESUME_BOOSTER@10
02-24 10:19:33.254  2772  3304 V AlarmManager:  remove PendingIntent] PendingIntent{d797aa0: PendingIntentRecord{18aabb3 com.android.bluetooth broadcastIntent}}
02-24 10:19:33.284  2772  3305 V AlarmManager:  remove PendingIntent] PendingIntent{7d62659: PendingIntentRecord{18aabb3 com.android.bluetooth broadcastIntent}}
02-24 10:19:33.294  2772  2772 D CustomFrequencyManagerService: releaseDVFSLockLocked : Getting Lock type frm List : DVFS_MIN_LIMIT  frequency : 1482000  uid : 1000  pid : 2772  tag : ACTIVITY_RESUME_BOOSTER@10
02-24 10:19:33.304  3123  3123 D Recents : onTaskStackChanged
02-24 10:19:33.364  2772  3066 V AlarmManager:  remove PendingIntent] PendingIntent{7b3a21e: PendingIntentRecord{18aabb3 com.android.bluetooth broadcastIntent}}
02-24 10:19:33.374  2772  4077 V AlarmManager:  remove PendingIntent] PendingIntent{4155aff: PendingIntentRecord{18aabb3 com.android.bluetooth broadcastIntent}}
02-24 10:19:33.464  2772  4243 V AlarmManager:  remove PendingIntent] PendingIntent{f0ba0cc: PendingIntentRecord{18aabb3 com.android.bluetooth broadcastIntent}}
02-24 10:19:33.474  2772  3304 V AlarmManager:  remove PendingIntent] PendingIntent{cb9cf15: PendingIntentRecord{18aabb3 com.android.bluetooth broadcastIntent}}
02-24 10:19:33.554  2772  2871 D ResourcesManager: For user 0 new overlays fetched Null
02-24 10:19:33.564  2772  3315 V AlarmManager:  remove PendingIntent] PendingIntent{7b7fdb8: PendingIntentRecord{18aabb3 com.android.bluetooth broadcastIntent}}
02-24 10:19:33.574  2772  4081 V AlarmManager:  remove PendingIntent] PendingIntent{cf54791: PendingIntentRecord{18aabb3 com.android.bluetooth broadcastIntent}}
02-24 10:19:33.574  2772  3150 W VirtualScreenManagerService: failed to move task TaskRecord{b63d6f6 #34180 A=com.google.android.packageinstaller U=0 sz=1}
02-24 10:19:33.614  2772  2961 V AlarmManager:  remove PendingIntent] PendingIntent{d45aaf7: PendingIntentRecord{18aabb3 com.android.bluetooth broadcastIntent}}
02-24 10:19:33.624  2772  2786 V MARsPolicyManager: handelAlertToastWindowStarted pkgName = com.google.android.packageinstaller
02-24 10:19:33.624  2772  3305 D CustomFrequencyManagerService: acquireDVFSLockLocked : type : DVFS_MIN_LIMIT  frequency : 1482000  uid : 1000  pid : 2772  pkgName : ACTIVITY_RESUME_BOOSTER@4
02-24 10:19:33.624  2772  3305 D ActivityManager: mDVFSHelper.acquire()
02-24 10:19:33.624  2772  3305 V WindowOrientationListener: setCurrentAppOrientation :1
02-24 10:19:33.624  2772  3305 V WindowOrientationListener: OrientationSensorJudge.getProposedRotation, Rotation: -1
02-24 10:19:33.624  2772  3305 V WindowManager: rotationForOrientationLw(orient=1, last=0); user=0  sensorRotation=-1 mLidState=-1 mDockMode=0 mHdmiPlugged=false mMobileKeyboardEnabled=false displayId=0
02-24 10:19:33.624  2772  3305 V WindowOrientationListener: OrientationSensorJudge.getProposedRotation, Rotation: -1
02-24 10:19:33.624  2772  2842 V MARsPolicyManager: updatePackagesScore PackageInfo name -- com.sec.android.app.launcher
02-24 10:19:33.634  2772  4081 D SettingsProvider: isChangeAllowed() : name = kids_home_mode
02-24 10:19:33.634  2772  4081 D SettingsProvider: edmUri: content://com.sec.knox.provider/RestrictionPolicy3
02-24 10:19:33.634  2772  4081 D SettingsProvider: projectionArgs: isSettingsChangesAllowed
02-24 10:19:33.634  2772  4081 D SettingsProvider: selectionArgs: false
02-24 10:19:33.634  2772  4081 D SettingsProvider: selectionArgs: 10053
02-24 10:19:33.634  2772  4081 D SettingsProvider: ret = -1
02-24 10:19:33.644  2772  2787 D SettingsProvider: isChangeAllowed() : name = easy_mode_home
02-24 10:19:33.644  2772  2787 D SettingsProvider: edmUri: content://com.sec.knox.provider/RestrictionPolicy3
02-24 10:19:33.644  2772  2787 D SettingsProvider: projectionArgs: isSettingsChangesAllowed
02-24 10:19:33.644  2772  2787 D SettingsProvider: selectionArgs: false
02-24 10:19:33.644  2772  2787 D SettingsProvider: selectionArgs: 10053
02-24 10:19:33.644  2772  2787 D SettingsProvider: ret = -1
02-24 10:19:33.644  2772  4243 D PowerManagerService: [api] acquire WakeLock flags=0x2000000a tag=WindowManager uid=1000 pid=2772
02-24 10:19:33.654  2772  2842 V BroadcastQueue: [background] Process cur broadcast BroadcastRecord{d6e6c82 u0 com.android.launcher.action.HOME_MODE_CHANGE qIdx=4}, state= (APP_RECEIVE) DELIVERED for app ProcessRecord{9f5ae4a 21199:com.sec.android.app.clockpackage/u0a69}
02-24 10:19:33.674  2772  4243 V AlarmManager:  remove PendingIntent] PendingIntent{99acece: PendingIntentRecord{18aabb3 com.android.bluetooth broadcastIntent}}
02-24 10:19:33.684  2772  2845 D StatusBarManagerService: manageDisableList userId=0 what=0x0 pkg=Window{7b1b2c3 u0 d0 com.sec.android.app.launcher/com.sec.android.app.launcher.activities.LauncherActivity}
02-24 10:19:33.694  2772  3305 V AlarmManager:  remove PendingIntent] PendingIntent{34101ef: PendingIntentRecord{18aabb3 com.android.bluetooth broadcastIntent}}
02-24 10:19:33.734  2772  2871 D ResourcesManager: For user 0 new overlays fetched Null
02-24 10:19:33.754 21571 21571 I libpersona: KNOX_SDCARD checking this for 10008
02-24 10:19:33.754 21571 21571 I libpersona: KNOX_SDCARD not a persona
02-24 10:19:33.754 21571 21571 E libpersona: scanKnoxPersonas
02-24 10:19:33.754 21571 21571 E libpersona: Couldn't open the File - /data/system/users/0/personalist.xml - No such file or directory
02-24 10:19:33.754 21571 21571 E libpersona: scanKnoxPersonas
02-24 10:19:33.754 21571 21571 E libpersona: Couldn't open the File - /data/system/users/0/personalist.xml - No such file or directory
02-24 10:19:33.754  2772  2871 I ActivityManager: Start proc 21571:com.android.defcontainer/u0a8 for service com.android.defcontainer/.DefaultContainerService
02-24 10:19:33.754  2772  2871 I ActivityManager: Force stopping com.flashdev.tahara_android appid=10556 user=0: pkg removed
02-24 10:19:33.774  2772  3304 V AlarmManager:  remove PendingIntent] PendingIntent{a663701: PendingIntentRecord{18aabb3 com.android.bluetooth broadcastIntent}}
02-24 10:19:33.804  2772  2772 D ResourcesManager: For user 0 new overlays fetched Null
02-24 10:19:33.804  2772  2834 D ResourcesManager: For user 0 new overlays fetched Null
02-24 10:19:33.814  2772  2772 D ResourcesManager: For user 0 new overlays fetched Null
02-24 10:19:33.814  3027  3027 D CoverUpdateMonitor: received broadcast android.intent.action.PACKAGE_REMOVED
02-24 10:19:33.834  2772  2772 D ResourcesManager: For user 0 new overlays fetched Null
02-24 10:19:33.844  2772  2772 D ResourcesManager: For user 0 new overlays fetched Null
02-24 10:19:33.844  2772  2772 D ResourcesManager: For user 0 new overlays fetched Null
02-24 10:19:33.844  2772  2864 D ResourcesManager: For user 0 new overlays fetched Null
02-24 10:19:33.844  2772  2772 D ResourcesManager: For user 0 new overlays fetched Null
02-24 10:19:33.854  2772  2842 V BroadcastQueue: [background] Process cur broadcast BroadcastRecord{a3f752c u0 android.intent.action.PACKAGE_REMOVED qIdx=4}, state= (APP_RECEIVE) DELIVERED for app ProcessRecord{a07899d 12445:com.samsung.klmsagent/u0a22}
02-24 10:19:33.864  2772  2963 V NetworkStats: removeUidsLocked() for UIDs [10556]
02-24 10:19:33.864  2772  2963 V NetworkStats: performPollLocked(flags=0x3)
02-24 10:19:33.874  2772  2834 D ResourcesManager: For user 0 new overlays fetched Null
02-24 10:19:33.894  2772  2834 D ResourcesManager: For user 0 new overlays fetched Null
02-24 10:19:33.894  2772  2834 D ResourcesManager: For user 0 new overlays fetched Null
02-24 10:19:33.904  2772  3066 V BroadcastQueue: [background] Process cur broadcast BroadcastRecord{a3f752c u0 android.intent.action.PACKAGE_REMOVED qIdx=4}, state= (APP_RECEIVE) DELIVERED for app ProcessRecord{7ec1c61 2772:system/1000}
02-24 10:19:33.914 21571 21571 D ResourcesManager: For user 0 new overlays fetched Null
02-24 10:19:33.914  2772  2834 D ResourcesManager: For user 0 new overlays fetched Null
02-24 10:19:33.924  3267  3267 D ResourcesManager: For user 0 new overlays fetched Null
02-24 10:19:33.954  2772  2834 D ResourcesManager: For user 0 new overlays fetched Null
02-24 10:19:33.964  2772  2772 D ResourcesManager: For user 0 new overlays fetched Null
02-24 10:19:33.974  2772  2772 D ResourcesManager: For user 0 new overlays fetched Null
02-24 10:19:33.974  3267 21588 D ResourcesManager: For user 0 new overlays fetched Null
02-24 10:19:33.974  2772  2772 D ResourcesManager: For user 0 new overlays fetched Null
02-24 10:19:33.984  2772  2772 D ResourcesManager: For user 0 new overlays fetched Null
02-24 10:19:33.984  2772  2772 D ResourcesManager: For user 0 new overlays fetched Null
02-24 10:19:33.994  2772  2772 D ResourcesManager: For user 0 new overlays fetched Null
02-24 10:19:33.994  2772  2772 D ResourcesManager: For user 0 new overlays fetched Null
02-24 10:19:33.994  2772  2772 D ResourcesManager: For user 0 new overlays fetched Null
02-24 10:19:33.994  2772  3305 D SettingsProvider: isChangeAllowed() : name = klm_eula_shown
02-24 10:19:33.994  2772  3305 D SettingsProvider: edmUri: content://com.sec.knox.provider/RestrictionPolicy3
02-24 10:19:33.994  2772  3305 D SettingsProvider: projectionArgs: isSettingsChangesAllowed
02-24 10:19:33.994  2772  3305 D SettingsProvider: selectionArgs: false
02-24 10:19:33.994  2772  3305 D SettingsProvider: selectionArgs: 10022
02-24 10:19:33.994  2772  2772 D ResourcesManager: For user 0 new overlays fetched Null
02-24 10:19:34.004  2772  3305 D SettingsProvider: ret = -1
02-24 10:19:34.004  2772  2834 D ResourcesManager: For user 0 new overlays fetched Null
02-24 10:19:34.004  2772  2772 D ResourcesManager: For user 0 new overlays fetched Null
02-24 10:19:34.004  2772  2834 D ResourcesManager: For user 0 new overlays fetched Null
02-24 10:19:34.004  2772  2834 D ResourcesManager: For user 0 new overlays fetched Null
02-24 10:19:34.004  2772  2963 D NetworkStatsRecorder: entry.iface is null
02-24 10:19:34.004  2772  2963 D NetworkStatsRecorder: entry.iface is null
02-24 10:19:34.014  2772  2963 D NetworkStatsRecorder: entry.iface is null
02-24 10:19:34.014  2772  2963 D NetworkStatsRecorder: entry.iface is null
02-24 10:19:34.014  2772  2834 D ResourcesManager: For user 0 new overlays fetched Null
02-24 10:19:34.014  2772  2834 D ResourcesManager: For user 0 new overlays fetched Null
02-24 10:19:34.014  2772  2772 D ResourcesManager: For user 0 new overlays fetched Null
02-24 10:19:34.024  2772  2834 D ResourcesManager: For user 0 new overlays fetched Null
02-24 10:19:34.024  2772  2834 D ResourcesManager: For user 0 new overlays fetched Null
02-24 10:19:34.034  2772  2772 D ResourcesManager: For user 0 new overlays fetched Null
02-24 10:19:34.034  2772  2772 D ResourcesManager: For user 0 new overlays fetched Null
02-24 10:19:34.034  2772  2772 V AlarmManager: Remove alarm for next reason : android.intent.action.PACKAGE_REMOVED : package: com.flashdev.tahara_android
02-24 10:19:34.034  2772  2834 D ResourcesManager: For user 0 new overlays fetched Null
02-24 10:19:34.044  2772  2834 D ResourcesManager: For user 0 new overlays fetched Null
02-24 10:19:34.044  2772  2834 D ResourcesManager: For user 0 new overlays fetched Null
02-24 10:19:34.054  2772  2772 D JobSchedulerService: Receieved: android.intent.action.PACKAGE_REMOVED
02-24 10:19:34.054  2772  2834 D ResourcesManager: For user 0 new overlays fetched Null
02-24 10:19:34.064  2772  2834 D ResourcesManager: For user 0 new overlays fetched Null
02-24 10:19:34.074  2164  2221 D epmd    : Partition obj created
02-24 10:19:34.074  2164  2221 D epmd    : Partition::dump============== 0
02-24 10:19:34.074  2164  2221 D epmd    : Partition::mType > INTERNAL-SDCARD mSrcPath > /data/knox/secure_fs/enc_user mMntPath > /data/enc_user
02-24 10:19:34.074  2164  2221 D epmd    : Partition::SDP > not supported
02-24 10:19:34.074  2164  2221 D epmd    : Input srcpath - src: /data/enc_user/0/com.flashdev.tahara_android
02-24 10:19:34.074  2164  2221 D epmd    : Resolved srcpath - srcPath: /data/enc_user/0/com.flashdev.tahara_android
02-24 10:19:34.074  2772  2834 D ResourcesManager: For user 0 new overlays fetched Null
02-24 10:19:34.074  2164  2221 D epmd    : real path - rtStr: (null)
02-24 10:19:34.074  2164  2221 D epmd    : /data/enc_user/0/com.flashdev.tahara_android is absolute path Skipped..
02-24 10:19:34.074  2164  2221 E epmd    : Only canonical path can be handled..
02-24 10:19:34.074  2164  2221 E epmd    : removeEncPkgDir ERROR
02-24 10:19:34.074  2164  2221 D epmd    : deleting Partition object.
02-24 10:19:34.074  2164  2221 W FrameworkListener: Handler 'secure_fs' error (No such file or directory)
02-24 10:19:34.074  2772  2834 D ResourcesManager: For user 0 new overlays fetched Null
02-24 10:19:34.084  2772  5592 D SSRM:ba : MSG_TYPE_APP_REMOVED::
02-24 10:19:34.094  2772  5592 D SSRM:ba : MSG_TYPE_UID_REMOVED::
02-24 10:19:34.104 21592 21592 I libpersona: KNOX_SDCARD checking this for 1000
02-24 10:19:34.104 21592 21592 I libpersona: KNOX_SDCARD not a persona
02-24 10:19:34.104  2772  2862 I ActivityManager: Start proc 21592:com.samsung.android.sm.provider/1000 for content provider com.samsung.android.sm.provider/com.samsung.android.sm.database.SmProvider
02-24 10:19:34.104  2772  2834 D ResourcesManager: For user 0 new overlays fetched Null
02-24 10:19:34.114 21602 21602 I libpersona: KNOX_SDCARD checking this for 10001
02-24 10:19:34.114 21602 21602 I libpersona: KNOX_SDCARD not a persona
02-24 10:19:34.114  2772  2772 I ActivityManager: Start proc 21602:com.samsung.android.asksmanager/u0a1 for broadcast-3 com.samsung.android.asksmanager/.PackageReceiver
02-24 10:19:34.114  2772  2772 D AccessibilityManagerService: checkUniversalSwitchState start:
02-24 10:19:34.114  2772  2772 D AccessibilityManagerService: checkUniversalSwitchState universalSwitchEnabled:false
02-24 10:19:34.114  2772  2772 D AccessibilityManagerService: updateInputFilter universalSwitchState:false
02-24 10:19:34.114  2772  2772 D AccessibilityManagerService: updateInputFilter userState.mIsUniversalSwitchEnabled:false
02-24 10:19:34.114  2772  2772 V AlarmManagerEXT: com.flashdev.tahara_android(10556) is removed.
02-24 10:19:34.114  2772  2963 V NetworkStats: performPollLocked() took 258ms
02-24 10:19:34.124  2772  2842 D CustomFrequencyManagerService: releaseDVFSLockLocked : Getting Lock type frm List : DVFS_MIN_LIMIT  frequency : 1482000  uid : 1000  pid : 2772  tag : ACTIVITY_RESUME_BOOSTER@4
02-24 10:19:34.124  2772  2842 D ActivityManager: mDVFSHelper.release()
02-24 10:19:34.124  2772  2842 D CustomFrequencyManagerService: acquireDVFSLockLocked : type : DVFS_MIN_LIMIT  frequency : 1482000  uid : 1000  pid : 2772  pkgName : ACTIVITY_RESUME_BOOSTER@10
02-24 10:19:34.144  2772  2834 D UsbSettingsManager: clearDefaults: com.flashdev.tahara_android
02-24 10:19:34.154  2772  4080 V BroadcastQueue: [background] Process cur broadcast BroadcastRecord{a3f752c u0 android.intent.action.PACKAGE_REMOVED qIdx=4}, state= (APP_RECEIVE) DELIVERED for app ProcessRecord{855bc76 21602:com.samsung.android.asksmanager/u0a1}
02-24 10:19:34.164 21592 21592 D ResourcesManager: For user 0 new overlays fetched Null
02-24 10:19:34.164 21602 21602 D ResourcesManager: For user 0 new overlays fetched Null
02-24 10:19:34.194  2772  2862 D MARsDBManager: onChange - mSmartManagerObserver! Uri = content://com.samsung.android.sm/AppFreezer
02-24 10:19:34.194  2772  2862 V MARsDBManager: getManagedPackagesFromDB!
02-24 10:19:34.194  2772  2772 I ActivityManager: Killing 20811:com.sec.android.app.sbrowser/u0a106 (adj 15): DHA:empty #17
02-24 10:19:34.214  2772  2787 V BroadcastQueue: [background] Process cur broadcast BroadcastRecord{a3f752c u0 android.intent.action.PACKAGE_REMOVED qIdx=4}, state= (APP_RECEIVE) DELIVERED for app ProcessRecord{226fff5 11011:android.process.acore/u0a4}
02-24 10:19:34.214  2772  2862 V MARsPolicyManager: updateManagedPackages! size = 37
02-24 10:19:34.224  2772  2772 I ActivityManager: Killing 21029:com.google.android.apps.enterprise.dmagent/u0a182 (adj 15): DHA:empty #17
02-24 10:19:34.224  2772  4272 D ActivityManager: cleanUpApplicationRecord -- 20811
02-24 10:19:34.224  2772  4272 D ActivityManager: isAutoRunBlockedApp:: com.sec.android.app.sbrowser, Auto Run ON
02-24 10:19:34.234  2772  3150 D ActivityManager: cleanUpApplicationRecord -- 21029
02-24 10:19:34.234  2772  3150 D ActivityManager: isAutoRunBlockedApp:: com.google.android.apps.enterprise.dmagent, Auto Run ON
02-24 10:19:34.254  2772  3304 I ActivityManager: Start proc 21616:com.android.settings/1000 for broadcast-3 com.android.settings/.applock.PackageActionReceiver
02-24 10:19:34.254 21616 21616 I libpersona: KNOX_SDCARD checking this for 1000
02-24 10:19:34.254 21616 21616 I libpersona: KNOX_SDCARD not a persona
02-24 10:19:34.294  2772  3305 V BroadcastQueue: [background] Process cur broadcast BroadcastRecord{a3f752c u0 android.intent.action.PACKAGE_REMOVED qIdx=4}, state= (APP_RECEIVE) DELIVERED for app ProcessRecord{7a70f4d 21616:com.android.settings/1000}
02-24 10:19:34.304 21616 21616 D ResourcesManager: For user 0 new overlays fetched Null
02-24 10:19:34.414  2772  4077 V BroadcastQueue: [background] Process cur broadcast BroadcastRecord{a3f752c u0 android.intent.action.PACKAGE_REMOVED qIdx=4}, state= (APP_RECEIVE) DELIVERED for app ProcessRecord{7a70f4d 21616:com.android.settings/1000}
02-24 10:19:34.414  2772  4077 V BroadcastQueue: [background] Process cur broadcast BroadcastRecord{a3f752c u0 android.intent.action.PACKAGE_REMOVED qIdx=4}, state= (APP_RECEIVE) DELIVERED for app ProcessRecord{7a70f4d 21616:com.android.settings/1000}
02-24 10:19:34.424 21629 21629 I libpersona: KNOX_SDCARD checking this for 5012
02-24 10:19:34.424 21629 21629 I libpersona: KNOX_SDCARD not a persona
02-24 10:19:34.424  2772  3150 I ActivityManager: Start proc 21629:com.samsung.android.sm.devicesecurity/5012 for broadcast-3 com.samsung.android.sm.devicesecurity/.PackageReceiver
02-24 10:19:34.424  2772  3150 I ActivityManager: Killing 21297:com.microsoft.office.excel/u0a10 (adj 15): DHA:empty #17
02-24 10:19:34.444  2772  3304 V BroadcastQueue: [background] Process cur broadcast BroadcastRecord{a3f752c u0 android.intent.action.PACKAGE_REMOVED qIdx=4}, state= (APP_RECEIVE) DELIVERED for app ProcessRecord{b592a02 21629:com.samsung.android.sm.devicesecurity/5012}
02-24 10:19:34.444  2772  3314 D ActivityManager: cleanUpApplicationRecord -- 21297
02-24 10:19:34.444  2772  3314 D ActivityManager: isAutoRunBlockedApp:: com.microsoft.office.excel, Auto Run ON
02-24 10:19:34.454 21629 21629 D ResourcesManager: For user 0 new overlays fetched Null
02-24 10:19:34.474  2772  4080 V BroadcastQueue: [background] Process cur broadcast BroadcastRecord{a3f752c u0 android.intent.action.PACKAGE_REMOVED qIdx=4}, state= (APP_RECEIVE) DELIVERED for app ProcessRecord{c4464f9 21185:com.samsung.android.sm/1000}
02-24 10:19:34.484  2772  3305 I ActivityManager: Killing 21128:com.sec.android.daemonapp/u0a125 (adj 15): DHA:empty #17
02-24 10:19:34.484  2772  3305 V BroadcastQueue: [background] Process cur broadcast BroadcastRecord{a3f752c u0 android.intent.action.PACKAGE_REMOVED qIdx=4}, state= (APP_RECEIVE) DELIVERED for app ProcessRecord{c64ffd6 3278:com.android.phone/1001}
02-24 10:19:34.494 21642 21642 I libpersona: KNOX_SDCARD checking this for 5010
02-24 10:19:34.494 21642 21642 I libpersona: KNOX_SDCARD not a persona
02-24 10:19:34.494  2772  4272 I ActivityManager: Start proc 21642:com.samsung.android.intelligenceservice2/5010 for broadcast-3 com.samsung.android.intelligenceservice2/com.samsung.android.intelligenceservice.useranalysis.UserAnalysisBroadcastReceiver
02-24 10:19:34.504  2772  4243 D ActivityManager: cleanUpApplicationRecord -- 21128
02-24 10:19:34.504  2772  4243 D ActivityManager: isAutoRunBlockedApp:: com.sec.android.daemonapp, Auto Run ON
02-24 10:19:34.524  2772  3304 V BroadcastQueue: [background] Process cur broadcast BroadcastRecord{a3f752c u0 android.intent.action.PACKAGE_REMOVED qIdx=4}, state= (APP_RECEIVE) DELIVERED for app ProcessRecord{f4faf13 21642:com.samsung.android.intelligenceservice2/5010}
02-24 10:19:34.524 21642 21642 D ResourcesManager: For user 0 new overlays fetched Null
02-24 10:19:34.604 21655 21655 I libpersona: KNOX_SDCARD checking this for 1000
02-24 10:19:34.604 21655 21655 I libpersona: KNOX_SDCARD not a persona
02-24 10:19:34.614  2772  2787 I ActivityManager: Start proc 21655:com.wssnps/1000 for broadcast-3 com.wssnps/.stubdownload.smlNpsPackageReceiver
02-24 10:19:34.614  2772  2787 I ActivityManager: Killing 21212:com.sec.spp.push:RemoteDlcProcess/u0a31 (adj 15): DHA:empty #17
02-24 10:19:34.624  2772  3305 D ActivityManager: cleanUpApplicationRecord -- 21212
02-24 10:19:34.624  2772  3305 D ActivityManager: isAutoRunBlockedApp:: com.sec.spp.push, Auto Run ON
02-24 10:19:34.634  2772  3066 V BroadcastQueue: [background] Process cur broadcast BroadcastRecord{a3f752c u0 android.intent.action.PACKAGE_REMOVED qIdx=4}, state= (APP_RECEIVE) DELIVERED for app ProcessRecord{7f78550 21655:com.wssnps/1000}
02-24 10:19:34.634  3123  3123 D Recents : onTaskStackChanged
02-24 10:19:34.634  2772  4080 V AlarmManager:  remove PendingIntent] PendingIntent{ae25349: PendingIntentRecord{6fc296f com.samsung.android.intelligenceservice2 broadcastIntent}}
02-24 10:19:34.634 21655 21655 D ResourcesManager: For user 0 new overlays fetched Null
02-24 10:19:34.664 21668 21668 I libpersona: KNOX_SDCARD checking this for 10082
02-24 10:19:34.664 21668 21668 I libpersona: KNOX_SDCARD not a persona
02-24 10:19:34.664  2772  2961 I ActivityManager: Start proc 21668:com.sec.android.widgetapp.samsungapps/u0a82 for broadcast-3 com.sec.android.widgetapp.samsungapps/.PackageChangeReceiver
02-24 10:19:34.664  2772  2961 I ActivityManager: Killing 20842:com.sec.android.app.shealth:remote/u0a29 (adj 15): DHA:empty #17
02-24 10:19:34.684  2772  3066 V AlarmManager:  remove PendingIntent] PendingIntent{736ae68: PendingIntentRecord{6fc296f com.samsung.android.intelligenceservice2 broadcastIntent}}
02-24 10:19:34.694  2772  4080 V BroadcastQueue: [background] Process cur broadcast BroadcastRecord{a3f752c u0 android.intent.action.PACKAGE_REMOVED qIdx=4}, state= (APP_RECEIVE) DELIVERED for app ProcessRecord{8d7a67c 21668:com.sec.android.widgetapp.samsungapps/u0a82}
02-24 10:19:34.694  2772  4243 D ActivityManager: cleanUpApplicationRecord -- 20842
02-24 10:19:34.694  2772  4243 D ActivityManager: isAutoRunBlockedApp:: com.sec.android.app.shealth, Auto Run ON
02-24 10:19:34.694 21668 21668 D ResourcesManager: For user 0 new overlays fetched Null
02-24 10:19:34.714 21681 21681 I libpersona: KNOX_SDCARD checking this for 10083
02-24 10:19:34.714 21681 21681 I libpersona: KNOX_SDCARD not a persona
02-24 10:19:34.724  2772  4272 I ActivityManager: Start proc 21681:com.samsung.android.app.watchmanagerstub/u0a83 for broadcast-3 com.samsung.android.app.watchmanagerstub/com.sec.android.applicationmgr.PackageIntentReceiver
02-24 10:19:34.724  2772  4272 I ActivityManager: Killing 20927:com.google.process.gapps/u0a14 (adj 15): DHA:empty #17
02-24 10:19:34.724  2772  2772 D CustomFrequencyManagerService: releaseDVFSLockLocked : Getting Lock type frm List : DVFS_MIN_LIMIT  frequency : 1482000  uid : 1000  pid : 2772  tag : ACTIVITY_RESUME_BOOSTER@10
02-24 10:19:34.734  2772  3314 D ActivityManager: cleanUpApplicationRecord -- 20927
02-24 10:19:34.734  2772  3314 D ActivityManager: isAutoRunBlockedApp:: com.google.android.gsf, Auto Run ON
02-24 10:19:34.744  2772  2961 V BroadcastQueue: [background] Process cur broadcast BroadcastRecord{a3f752c u0 android.intent.action.PACKAGE_REMOVED qIdx=4}, state= (APP_RECEIVE) DELIVERED for app ProcessRecord{7dc2281 21681:com.samsung.android.app.watchmanagerstub/u0a83}
02-24 10:19:34.744 21681 21681 D ResourcesManager: For user 0 new overlays fetched Null
02-24 10:19:34.764 21695 21695 I libpersona: KNOX_SDCARD checking this for 1000
02-24 10:19:34.764 21695 21695 I libpersona: KNOX_SDCARD not a persona
02-24 10:19:34.764  2772  3314 I ActivityManager: Start proc 21695:com.android.keychain/1000 for broadcast-3 com.android.keychain/.KeyChainBroadcastReceiver
02-24 10:19:34.764  2772  3314 I ActivityManager: Killing 21341:com.android.calendar/u0a109 (adj 15): DHA:empty #17
02-24 10:19:34.784  2772  3066 D ActivityManager: cleanUpApplicationRecord -- 21341
02-24 10:19:34.784  2772  3066 D ActivityManager: isAutoRunBlockedApp:: com.android.calendar, Auto Run ON
02-24 10:19:34.784  2772  4272 V BroadcastQueue: [background] Process cur broadcast BroadcastRecord{a3f752c u0 android.intent.action.PACKAGE_REMOVED qIdx=4}, state= (APP_RECEIVE) DELIVERED for app ProcessRecord{c042f26 21695:com.android.keychain/1000}
02-24 10:19:34.794 21695 21695 D ResourcesManager: For user 0 new overlays fetched Null
02-24 10:19:34.804 21695 21695 W ContextImpl: Calling a method in the system process without a qualified user: android.app.ContextImpl.startService:1311 android.content.ContextWrapper.startService:606 android.content.ContextWrapper.startService:606 com.android.keychain.KeyChainBroadcastReceiver.onReceive:12 android.app.ActivityThread.handleReceiver:3636 
02-24 10:19:34.814 21709 21709 I libpersona: KNOX_SDCARD checking this for 1000
02-24 10:19:34.814 21709 21709 I libpersona: KNOX_SDCARD not a persona
02-24 10:19:34.814  2772  4077 I ActivityManager: Start proc 21709:com.sec.android.app.popupuireceiver/1000 for broadcast-3 com.sec.android.app.popupuireceiver/.PopupuiReceiver
02-24 10:19:34.824  2772  3315 I ActivityManager: Killing 21368:com.android.providers.calendar/u0a37 (adj 15): DHA:empty #17
02-24 10:19:34.834  2772  3154 D ActivityManager: cleanUpApplicationRecord -- 21368
02-24 10:19:34.834  2772  3154 D ActivityManager: isAutoRunBlockedApp:: com.android.providers.calendar, Auto Run ON
02-24 10:19:34.844  2772  4243 V BroadcastQueue: [background] Process cur broadcast BroadcastRecord{a3f752c u0 android.intent.action.PACKAGE_REMOVED qIdx=4}, state= (APP_RECEIVE) DELIVERED for app ProcessRecord{7fc4914 21709:com.sec.android.app.popupuireceiver/1000}
02-24 10:19:34.854 21709 21709 D ResourcesManager: For user 0 new overlays fetched Null
02-24 10:19:34.884 21721 21721 I libpersona: KNOX_SDCARD checking this for 10109
02-24 10:19:34.884 21721 21721 I libpersona: KNOX_SDCARD not a persona
02-24 10:19:34.884  2772  3314 I ActivityManager: Start proc 21721:com.android.calendar/u0a109 for broadcast-3 com.android.calendar/.subscription.SubscriptionAppUninstallReceiver
02-24 10:19:34.884  2772  3314 I ActivityManager: Killing 21232:com.android.vending/u0a25 (adj 15): DHA:empty #17
02-24 10:19:34.884  2772  2961 I ActivityManager: Process com.sec.android.app.popupuireceiver (pid 21709)(adj 9) has died(33,675)
02-24 10:19:34.884  2772  2961 D ActivityManager: cleanUpApplicationRecord -- 21709
02-24 10:19:34.884  2772  2961 D ActivityManager: isAutoRunBlockedApp:: com.sec.android.app.popupuireceiver, Auto Run ON
02-24 10:19:34.894  2772  2961 W ContextImpl: Calling a method in the system process without a qualified user: android.app.ContextImpl.sendBroadcast:836 com.android.server.am.ActivityManagerService.updateOomAdjLocked:26918 com.android.server.am.ActivityManagerService.appDiedLocked:7636 com.android.server.am.ActivityManagerService$AppDeathRecipient.binderDied:1918 android.os.BinderProxy.sendDeathNotice:558 
02-24 10:19:34.894  2772  2842 V MARsPolicyManager: executePolicy policy  spcmpolicy(1) reason Adj 14 BG Killed
02-24 10:19:34.894  2772  2842 V MARsPolicyManager: CurrentImportantPackage net.sf.times -has running widgets 1
02-24 10:19:34.894  2772  2842 V MARsPolicyManager: CurrentImportantPackage com.urbandroid.lux -hasOngoingNotification!
02-24 10:19:34.894  2772  2842 V MARsPolicyManager: CurrentImportantPackage com.google.android.calendar -has running widgets 1
02-24 10:19:34.894  2772  2842 V MARsPolicyManager: CurrentImportantPackage com.kidscrape.king -hasOngoingNotification!
02-24 10:19:34.904  2772  3315 V BroadcastQueue: [background] Process cur broadcast BroadcastRecord{a3f752c u0 android.intent.action.PACKAGE_REMOVED qIdx=4}, state= (APP_RECEIVE) DELIVERED for app ProcessRecord{e2765bd 21721:com.android.calendar/u0a109}
02-24 10:19:34.914 21721 21721 D ResourcesManager: For user 0 new overlays fetched Null
02-24 10:19:34.924  2772  3314 D ConnectivityService: ConnectivityService NetworkRequestInfo binderDied(NetworkRequest [ id=1295, legacyType=-1, [ Capabilities: INTERNET&NOT_RESTRICTED&TRUSTED] ], android.os.BinderProxy@4f417b2)
02-24 10:19:34.924  2772  2973 D ConnectivityService: releasing NetworkRequest NetworkRequest [ id=1295, legacyType=-1, [ Capabilities: INTERNET&NOT_RESTRICTED&TRUSTED] ]
02-24 10:19:34.924  2772  2973 D ConnectivityService: sending notification RELEASED for NetworkRequest [ id=1295, legacyType=-1, [ Capabilities: INTERNET&NOT_RESTRICTED&TRUSTED] ]
02-24 10:19:34.924  2772  3315 D ActivityManager: cleanUpApplicationRecord -- 21232
02-24 10:19:34.924  2772  3315 D ActivityManager: isAutoRunBlockedApp:: com.android.vending, Auto Run ON
02-24 10:19:34.924  2772  2973 E ConnectivityService: RemoteException caught trying to send a callback msg for NetworkRequest [ id=1295, legacyType=-1, [ Capabilities: INTERNET&NOT_RESTRICTED&TRUSTED] ]
02-24 10:19:34.994 21734 21734 I libpersona: KNOX_SDCARD checking this for 10122
02-24 10:19:34.994 21734 21734 I libpersona: KNOX_SDCARD not a persona
02-24 10:19:34.994  2772  3314 I ActivityManager: Start proc 21734:com.sec.enterprise.knox.cloudmdm.smdms/u0a122 for broadcast-3 com.sec.enterprise.knox.cloudmdm.smdms/.core.CoreReceiver
02-24 10:19:35.014  2772  2787 V BroadcastQueue: [background] Process cur broadcast BroadcastRecord{a3f752c u0 android.intent.action.PACKAGE_REMOVED qIdx=4}, state= (APP_RECEIVE) DELIVERED for app ProcessRecord{d28303 21734:com.sec.enterprise.knox.cloudmdm.smdms/u0a122}
02-24 10:19:35.014 21734 21734 D ResourcesManager: For user 0 new overlays fetched Null
02-24 10:19:35.184 21749 21749 I libpersona: KNOX_SDCARD checking this for 10010
02-24 10:19:35.184 21749 21749 I libpersona: KNOX_SDCARD not a persona
02-24 10:19:35.184  2772  4272 I ActivityManager: Start proc 21749:com.microsoft.office.excel/u0a10 for broadcast-3 com.microsoft.office.excel/com.microsoft.office.notification.SystemBroadcastReceiver
02-24 10:19:35.184  2772  4272 I ActivityManager: Killing 21396:com.google.android.calendar/u0a85 (adj 15): DHA:empty #17
02-24 10:19:35.214  2772  4081 D ActivityManager: cleanUpApplicationRecord -- 21396
02-24 10:19:35.214  2772  4081 D ActivityManager: isAutoRunBlockedApp:: com.google.android.calendar, Auto Run ON
02-24 10:19:35.224  2772  3154 V BroadcastQueue: [background] Process cur broadcast BroadcastRecord{a3f752c u0 android.intent.action.PACKAGE_REMOVED qIdx=4}, state= (APP_RECEIVE) DELIVERED for app ProcessRecord{4dee280 21749:com.microsoft.office.excel/u0a10}
02-24 10:19:35.234 21749 21749 D ResourcesManager: For user 0 new overlays fetched Null
02-24 10:19:35.394  2772  3315 V BroadcastQueue: [background] Process cur broadcast BroadcastRecord{a3f752c u0 android.intent.action.PACKAGE_REMOVED qIdx=4}, state= (APP_RECEIVE) DELIVERED for app ProcessRecord{4dee280 21749:com.microsoft.office.excel/u0a10}
02-24 10:19:35.404 21775 21775 I libpersona: KNOX_SDCARD checking this for 10010
02-24 10:19:35.404 21775 21775 I libpersona: KNOX_SDCARD not a persona
02-24 10:19:35.414  2772  3066 I ActivityManager: Start proc 21775:com.microsoft.office.word/u0a10 for broadcast-3 com.microsoft.office.word/com.microsoft.office.notification.SystemBroadcastReceiver
02-24 10:19:35.414  2772  3066 I ActivityManager: Killing 21498:com.android.vending:download_service/u0a25 (adj 15): DHA:empty #17
02-24 10:19:35.434  2772  4243 D ActivityManager: cleanUpApplicationRecord -- 21498
02-24 10:19:35.434  2772  4243 D ActivityManager: isAutoRunBlockedApp:: com.android.vending, Auto Run ON
02-24 10:19:35.434  2772  3304 V BroadcastQueue: [background] Process cur broadcast BroadcastRecord{a3f752c u0 android.intent.action.PACKAGE_REMOVED qIdx=4}, state= (APP_RECEIVE) DELIVERED for app ProcessRecord{ae9a0b9 21775:com.microsoft.office.word/u0a10}
02-24 10:19:35.444 21775 21775 D ResourcesManager: For user 0 new overlays fetched Null
02-24 10:19:35.464 21749 21788 W ActivityThread: ClassLoader.loadClass: The class loader returned by Thread.getContextClassLoader() may fail for processes that host multiple applications. You should explicitly specify a context class loader. For example: Thread.setContextClassLoader(getClass().getClassLoader());
02-24 10:19:35.464 21749 21771 D ResourcesManager: For user 0 new overlays fetched Null
02-24 10:19:35.474 21749 21771 D ResourcesManager: For user 0 new overlays fetched Null
02-24 10:19:35.474 21749 21771 D ResourcesManager: For user 0 new overlays fetched Null
02-24 10:19:35.614  2772  4077 V BroadcastQueue: [background] Process cur broadcast BroadcastRecord{a3f752c u0 android.intent.action.PACKAGE_REMOVED qIdx=4}, state= (APP_RECEIVE) DELIVERED for app ProcessRecord{ae9a0b9 21775:com.microsoft.office.word/u0a10}
02-24 10:19:35.624 21807 21807 I libpersona: KNOX_SDCARD checking this for 10013
02-24 10:19:35.624 21807 21807 I libpersona: KNOX_SDCARD not a persona
02-24 10:19:35.634  2772  4243 I ActivityManager: Start proc 21807:com.sec.android.app.samsungapps/u0a13 for broadcast-3 com.sec.android.app.samsungapps/com.samsung.android.iap.receiver.IapReceiver
02-24 10:19:35.634  2772  4243 I ActivityManager: Killing 21199:com.sec.android.app.clockpackage/u0a69 (adj 15): DHA:empty #17
02-24 10:19:35.644  2772  3154 D ActivityManager: cleanUpApplicationRecord -- 21199
02-24 10:19:35.644  2772  3154 D ActivityManager: isAutoRunBlockedApp:: com.sec.android.app.clockpackage, Auto Run ON
02-24 10:19:35.654  2772  2961 V BroadcastQueue: [background] Process cur broadcast BroadcastRecord{a3f752c u0 android.intent.action.PACKAGE_REMOVED qIdx=4}, state= (APP_RECEIVE) DELIVERED for app ProcessRecord{ef74f7b 21807:com.sec.android.app.samsungapps/u0a13}
02-24 10:19:35.664 21775 21820 W ActivityThread: ClassLoader.loadClass: The class loader returned by Thread.getContextClassLoader() may fail for processes that host multiple applications. You should explicitly specify a context class loader. For example: Thread.setContextClassLoader(getClass().getClassLoader());
02-24 10:19:35.664 21807 21807 D ResourcesManager: For user 0 new overlays fetched Null
02-24 10:19:35.664 21775 21803 D ResourcesManager: For user 0 new overlays fetched Null
