02-24 10:19:35.664 21775 21803 D ResourcesManager: For user 0 new overlays fetched Null
02-24 10:19:35.674 21775 21803 D ResourcesManager: For user 0 new overlays fetched Null
02-24 10:19:35.854 21807 21834 E ActivityThread: Failed to find provider info for null
02-24 10:19:35.914  2772  3066 I ActivityManager: Killing 21571:com.android.defcontainer/u0a8 (adj 15): DHA:empty #17
02-24 10:19:35.924  2772  3066 V BroadcastQueue: [background] Process cur broadcast BroadcastRecord{a3f752c u0 android.intent.action.PACKAGE_REMOVED qIdx=4}, state= (APP_RECEIVE) DELIVERED for app ProcessRecord{7a613bb 11192:com.sec.spp.push/u0a31}
02-24 10:19:35.924  2772  3154 V BroadcastQueue: [background] Process cur broadcast BroadcastRecord{a3f752c u0 android.intent.action.PACKAGE_REMOVED qIdx=4}, state= (APP_RECEIVE) DELIVERED for app ProcessRecord{b399fcd 32039:com.google.android.googlequicksearchbox:search/u0a55}
02-24 10:19:35.934 21846 21846 I libpersona: KNOX_SDCARD checking this for 10106
02-24 10:19:35.934 21846 21846 I libpersona: KNOX_SDCARD not a persona
02-24 10:19:35.934  2772  3304 I ActivityManager: Start proc 21846:com.sec.android.app.sbrowser/u0a106 for broadcast-3 com.sec.android.app.sbrowser/.webcontentsprovider.WebContentsProviderReceiver
02-24 10:19:35.934  2772  2961 D ActivityManager: cleanUpApplicationRecord -- 21571
02-24 10:19:35.934  2772  2961 D ActivityManager: isAutoRunBlockedApp:: com.android.defcontainer, Auto Run ON
02-24 10:19:35.964  2772  4080 V BroadcastQueue: [background] Process cur broadcast BroadcastRecord{a3f752c u0 android.intent.action.PACKAGE_REMOVED qIdx=4}, state= (APP_RECEIVE) DELIVERED for app ProcessRecord{2afebb0 21846:com.sec.android.app.sbrowser/u0a106}
02-24 10:19:35.974 21846 21846 D ResourcesManager: For user 0 new overlays fetched Null
02-24 10:19:36.184  2772  4080 I ActivityManager: Killing 21602:com.samsung.android.asksmanager/u0a1 (adj 15): DHA:empty #17
02-24 10:19:36.184  2772  2787 D ConnectivityService: returning getNetworkInfo for network type 0 : [type: MOBILE[LTE] - MOBILE, state: CONNECTED/CONNECTED, reason: (unspecified), extra: sphone.pelephone.net.il, roaming: false, failover: false, isAvailable: true]
02-24 10:19:36.184  2772  4272 D ConnectivityService: returning getNetworkInfo for network type 1 : [type: WIFI[] - WIFI, state: DISCONNECTED/DISCONNECTED, reason: (unspecified), extra: (none), roaming: false, failover: false, isAvailable: true]
02-24 10:19:36.184  2772  3066 D ConnectivityService: returning getNetworkInfo for network type 7 : [type: BLUETOOTH[] - BLUETOOTH, state: DISCONNECTED/DISCONNECTED, reason: (unspecified), extra: (none), roaming: false, failover: false, isAvailable: true]
02-24 10:19:36.194 21870 21870 I libpersona: KNOX_SDCARD checking this for 10029
02-24 10:19:36.194 21870 21870 I libpersona: KNOX_SDCARD not a persona
02-24 10:19:36.204  2772  4273 I ActivityManager: Start proc 21870:com.sec.android.app.shealth:remote/u0a29 for broadcast-3 com.sec.android.app.shealth/com.samsung.android.service.health.status.PackageDelegateReceiver
02-24 10:19:36.204  2772  3154 D ActivityManager: cleanUpApplicationRecord -- 21602
02-24 10:19:36.204  2772  3154 D ActivityManager: isAutoRunBlockedApp:: com.samsung.android.asksmanager, Auto Run ON
02-24 10:19:36.224  2772  3304 V BroadcastQueue: [background] Process cur broadcast BroadcastRecord{a3f752c u0 android.intent.action.PACKAGE_REMOVED qIdx=4}, state= (APP_RECEIVE) DELIVERED for app ProcessRecord{36b0b4f 21870:com.sec.android.app.shealth:remote/u0a29}
02-24 10:19:36.234 21870 21870 D ResourcesManager: For user 0 new overlays fetched Null
02-24 10:19:36.444  2772  3150 V AlarmManager:  remove PendingIntent] PendingIntent{af8f561: PendingIntentRecord{ca3886 com.sec.android.app.shealth broadcastIntent}}
02-24 10:19:36.494  2772  2961 V BroadcastQueue: [background] Process cur broadcast BroadcastRecord{a3f752c u0 android.intent.action.PACKAGE_REMOVED qIdx=4}, state= (APP_RECEIVE) DELIVERED for app ProcessRecord{9eb88b4 3569:com.google.android.gms/u0a14}
02-24 10:19:36.504  2772  2786 V BroadcastQueue: [background] Process cur broadcast BroadcastRecord{a3f752c u0 android.intent.action.PACKAGE_REMOVED qIdx=4}, state= (APP_RECEIVE) DELIVERED for app ProcessRecord{36a0216 3158:com.google.android.gms.persistent/u0a14}
02-24 10:19:36.514 21902 21902 I libpersona: KNOX_SDCARD checking this for 10025
02-24 10:19:36.514 21902 21902 I libpersona: KNOX_SDCARD not a persona
02-24 10:19:36.514  2772  4080 I ActivityManager: Start proc 21902:com.android.vending/u0a25 for broadcast-3 com.android.vending/com.google.android.finsky.packagemanager.impl.PackageMonitorReceiverImpl$RegisteredReceiver
02-24 10:19:36.534  2772  2786 I ActivityManager: Killing 21592:com.samsung.android.sm.provider/1000 (adj 15): DHA:empty #17
02-24 10:19:36.544  2772  3066 V BroadcastQueue: [background] Process cur broadcast BroadcastRecord{a3f752c u0 android.intent.action.PACKAGE_REMOVED qIdx=4}, state= (APP_RECEIVE) DELIVERED for app ProcessRecord{ba8ec55 21902:com.android.vending/u0a25}
02-24 10:19:36.564  2772  4243 D ActivityManager: cleanUpApplicationRecord -- 21592
02-24 10:19:36.574 21902 21902 D ResourcesManager: For user 0 new overlays fetched Null
02-24 10:19:36.574  2772  4243 D ActivityManager: isAutoRunBlockedApp:: com.samsung.android.sm.provider, Auto Run ON
02-24 10:19:36.774  2772  2901 V AlarmManager: Expired Alarm result :4
02-24 10:19:36.854 21960 21960 I libpersona: KNOX_SDCARD checking this for 10014
02-24 10:19:36.854 21960 21960 I libpersona: KNOX_SDCARD not a persona
02-24 10:19:36.854  2772  4272 I ActivityManager: Start proc 21960:com.google.process.gapps/u0a14 for content provider com.google.android.gsf/.gservices.GservicesProvider
02-24 10:19:36.884 21960 21960 D ResourcesManager: For user 0 new overlays fetched Null
02-24 10:19:37.074  2772  2772 I ActivityManager: Killing 21535:com.google.android.packageinstaller/u0a17 (adj 15): DHA:empty #17
02-24 10:19:37.154  2772  4077 D SettingsProvider: isChangeAllowed() : name = homescreenPreview_capturetime
02-24 10:19:37.154  2772  4077 D SettingsProvider: edmUri: content://com.sec.knox.provider/RestrictionPolicy3
02-24 10:19:37.154  2772  4077 D SettingsProvider: projectionArgs: isSettingsChangesAllowed
02-24 10:19:37.154  2772  4077 D SettingsProvider: selectionArgs: false
02-24 10:19:37.154  2772  4077 D SettingsProvider: selectionArgs: 10053
02-24 10:19:37.154  2772  4077 D SettingsProvider: ret = -1
02-24 10:19:37.174  2772  3304 I WindowState: WIN DEATH: Window{c95cbcd u0 d0 Toast}
02-24 10:19:37.174  2772  4077 D ActivityManager: cleanUpApplicationRecord -- 21535
02-24 10:19:37.184  2772  3304 D PowerManagerService: [api] [s] userActivity : event: 0 flags: 0 (uid: 1000 pid: 2772) eventTime = 180353024
02-24 10:19:37.184  2772  3304 D PowerManagerService: [api] release WakeLock flags=0x2000000a tag=WindowManager uid=1000 pid=2772 (0x0)
02-24 10:19:37.184  2772  4077 D ActivityManager: isAutoRunBlockedApp:: com.google.android.packageinstaller, Auto Run ON
02-24 10:19:37.184  2772  3304 D PowerManagerService: [api] applyWakeLockFlagsOnReleaseLocked : userActivityNoUpdateLocked is called : SCREEN_BRIGHT_WAKE_LOCK        'WindowManager' ON_AFTER_RELEASE (uid=1000, pid=2772, ws=WorkSource{10017}) (elapsedTime=3537)
02-24 10:19:37.214  2772  2864 W WindowAnimator: Failed to dispatch window animation state change.
02-24 10:19:37.214  2772  2864 W WindowAnimator: android.os.DeadObjectException
02-24 10:19:37.214  2772  2864 W WindowAnimator: 	at android.os.BinderProxy.transactNative(Native Method)
02-24 10:19:37.214  2772  2864 W WindowAnimator: 	at android.os.BinderProxy.transact(Binder.java:503)
02-24 10:19:37.214  2772  2864 W WindowAnimator: 	at android.view.IWindow$Stub$Proxy.onAnimationStarted(IWindow.java:593)
02-24 10:19:37.214  2772  2864 W WindowAnimator: 	at com.android.server.wm.WindowAnimator.updateWindowsLocked(WindowAnimator.java:531)
02-24 10:19:37.214  2772  2864 W WindowAnimator: 	at com.android.server.wm.WindowAnimator.animateLocked(WindowAnimator.java:1203)
02-24 10:19:37.214  2772  2864 W WindowAnimator: 	at com.android.server.wm.WindowAnimator.access$000(WindowAnimator.java:95)
02-24 10:19:37.214  2772  2864 W WindowAnimator: 	at com.android.server.wm.WindowAnimator$1.doFrame(WindowAnimator.java:182)
02-24 10:19:37.214  2772  2864 W WindowAnimator: 	at android.view.Choreographer$CallbackRecord.run(Choreographer.java:918)
02-24 10:19:37.214  2772  2864 W WindowAnimator: 	at android.view.Choreographer.doCallbacks(Choreographer.java:695)
02-24 10:19:37.214  2772  2864 W WindowAnimator: 	at android.view.Choreographer.doFrame(Choreographer.java:628)
02-24 10:19:37.214  2772  2864 W WindowAnimator: 	at android.view.Choreographer$FrameDisplayEventReceiver.run(Choreographer.java:906)
02-24 10:19:37.214  2772  2864 W WindowAnimator: 	at android.os.Handler.handleCallback(Handler.java:739)
02-24 10:19:37.214  2772  2864 W WindowAnimator: 	at android.os.Handler.dispatchMessage(Handler.java:95)
02-24 10:19:37.214  2772  2864 W WindowAnimator: 	at android.os.Looper.loop(Looper.java:158)
02-24 10:19:37.214  2772  2864 W WindowAnimator: 	at android.os.HandlerThread.run(HandlerThread.java:61)
02-24 10:19:37.214  2772  2864 W WindowAnimator: 	at com.android.server.ServiceThread.run(ServiceThread.java:46)
02-24 10:19:37.264  2772  3305 D BatteryService: !@BatteryListener : batteryPropertiesChanged!
02-24 10:19:37.264  2772  3305 D BatteryService: level:87, scale:100, status:2, health:2, present:true, voltage: 4148, temperature: 315, technology: Li-ion, AC powered:false, USB powered:true, POGO powered:false, Wireless powered:false, icon:17303414, invalid charger:0, maxChargingCurrent:0
02-24 10:19:37.264  2772  3305 D BatteryService: online:4, current avg:-1, charge type:1, power sharing:false, high voltage charger:false, capacity:280000, batterySWSelfDischarging:false, current_now:-167
02-24 10:19:37.264  2772  2772 D BatteryService: Sending ACTION_BATTERY_CHANGED.
02-24 10:19:37.264  2772  2772 I MotionRecognitionService: Plugged
02-24 10:19:37.264  2772  2772 I MotionRecognitionService: connected - grip disable
02-24 10:19:37.264  2772  2772 D MotionRecognitionService:   cableConnection= 1
02-24 10:19:37.264  2772  2772 D MotionRecognitionService: setPowerConnected clear backoff  = 1
02-24 10:19:37.264  2772  2909 D MotionRecognitionService: handleMessage: event 200 value : 1
02-24 10:19:37.264  2772  2909 D MotionRecognitionService:  clear backoffstate  = 1 , currentstate : 1028
02-24 10:19:37.264  2772  2909 D MotionRecognitionService:  skip. backoffstate was not changed : 1028
02-24 10:19:37.264  3027  3027 D PowerUI : priorPlugType = 2 mPlugType =  2
02-24 10:19:37.264  3027  3027 D PowerUI.Notification: Charging remaining time is not supported and connected cable is not a fast/slow charger, so return!
02-24 10:19:37.294  3027  3027 D BatteryMeterView: ACTION_BATTERY_CHANGED : level:87 status:2 health:2
02-24 10:19:37.294  3027  3027 D BatteryMeterView: ACTION_BATTERY_CHANGED : level:87 status:2 health:2
02-24 10:19:37.294  3027  3027 D CoverUpdateMonitor: received broadcast android.intent.action.BATTERY_CHANGED
02-24 10:19:37.304 21902 21957 D ContextRelationManager: ContextRelationManager() : FEATURE_ENABLED=true
--------- beginning of main
02-24 10:19:37.324 13023 13158 W CelloCake: [CELLO_TASK_RUNNER_MONITOR68f5d8f9-0] [Account=68f5d8f9:Task=64233083]Slow task still running after 13s. updateFile(request=# com.google.apps.drive.dataservice.UpdateItemRequest@86623012){account=68f5d8f9, submitTimeMs=475875742, startTimeMs=475875742, waitTimeMs=0, timedOut}
02-24 10:19:37.324 13023 13158 W CelloCake: [CELLO_TASK_RUNNER_MONITOR68f5d8f9-0] [Account=68f5d8f9:Task=12362904]Slow task still running after 13s. updateFile(request=# com.google.apps.drive.dataservice.UpdateItemRequest@86623012){account=68f5d8f9, submitTimeMs=475875766, startTimeMs=475875766, waitTimeMs=0, timedOut}
02-24 10:19:37.324 13023 13158 W CelloCake: [CELLO_TASK_RUNNER_MONITOR68f5d8f9-0] [Account=68f5d8f9:Task=562417]Slow task still running after 13s. updateFile(request=# com.google.apps.drive.dataservice.UpdateItemRequest@7b154701){account=68f5d8f9, submitTimeMs=475875766, startTimeMs=475875767, waitTimeMs=1, timedOut}
02-24 10:19:37.324 13023 13158 W CelloCake: [CELLO_TASK_RUNNER_MONITOR68f5d8f9-0] [Account=68f5d8f9:Task=74385622]Slow task still running after 13s. updateFile(request=# com.google.apps.drive.dataservice.UpdateItemRequest@7b154701){account=68f5d8f9, submitTimeMs=475875788, startTimeMs=475875788, waitTimeMs=0, timedOut}
02-24 10:19:37.324 13023 13158 W CelloCake: [CELLO_TASK_RUNNER_MONITOR68f5d8f9-0] [Account=68f5d8f9:Task=58468183]Slow task still running after 13s. updateFile(request=# com.google.apps.drive.dataservice.UpdateItemRequest@bec701ba){account=68f5d8f9, submitTimeMs=475875789, startTimeMs=475875789, waitTimeMs=0, timedOut}
02-24 10:19:37.324 13023 13158 W CelloCake: [CELLO_TASK_RUNNER_MONITOR68f5d8f9-0] [Account=68f5d8f9:Task=69431876]Slow task still running after 13s. updateFile(request=# com.google.apps.drive.dataservice.UpdateItemRequest@bec701ba){account=68f5d8f9, submitTimeMs=475875811, startTimeMs=475875811, waitTimeMs=0, timedOut}
02-24 10:19:37.324 13023 13158 W CelloCake: [CELLO_TASK_RUNNER_MONITOR68f5d8f9-0] [Account=68f5d8f9:Task=75534125]Slow task still running after 13s. updateFile(request=# com.google.apps.drive.dataservice.UpdateItemRequest@fc9317ec){account=68f5d8f9, submitTimeMs=475875811, startTimeMs=475875811, waitTimeMs=0, timedOut}
02-24 10:19:37.324 13023 13158 W CelloCake: [CELLO_TASK_RUNNER_MONITOR68f5d8f9-0] [Account=68f5d8f9:Task=2808930]Slow task still running after 13s. updateFile(request=# com.google.apps.drive.dataservice.UpdateItemRequest@fc9317ec){account=68f5d8f9, submitTimeMs=475875832, startTimeMs=475875832, waitTimeMs=0, timedOut}
02-24 10:19:37.324 13023 13158 W CelloCake: [CELLO_TASK_RUNNER_MONITOR68f5d8f9-0] [Account=68f5d8f9:Task=120709619]Slow task still running after 13s. updateFile(request=# com.google.apps.drive.dataservice.UpdateItemRequest@97cde095){account=68f5d8f9, submitTimeMs=475875833, startTimeMs=475875833, waitTimeMs=0, timedOut}
02-24 10:19:37.324 13023 13158 W CelloCake: [CELLO_TASK_RUNNER_MONITOR68f5d8f9-0] [Account=68f5d8f9:Task=134704816]Slow task still running after 13s. updateFile(request=# com.google.apps.drive.dataservice.UpdateItemRequest@97cde095){account=68f5d8f9, submitTimeMs=475875854, startTimeMs=475875854, waitTimeMs=0, timedOut}
02-24 10:19:37.324 13023 13158 W CelloCake: [CELLO_TASK_RUNNER_MONITOR68f5d8f9-0] [Account=68f5d8f9:Task=184807721]Slow task still running after 13s. updateFile(request=# com.google.apps.drive.dataservice.UpdateItemRequest@7be408e7){account=68f5d8f9, submitTimeMs=475875854, startTimeMs=475875854, waitTimeMs=0, timedOut}
02-24 10:19:37.324 13023 13158 W CelloCake: [CELLO_TASK_RUNNER_MONITOR68f5d8f9-0] [Account=68f5d8f9:Task=48127150]Slow task still running after 13s. updateFile(request=# com.google.apps.drive.dataservice.UpdateItemRequest@7be408e7){account=68f5d8f9, submitTimeMs=475875875, startTimeMs=475875875, waitTimeMs=0, timedOut}
02-24 10:19:37.324 13023 13158 W CelloCake: [CELLO_TASK_RUNNER_MONITOR68f5d8f9-0] [Account=68f5d8f9:Task=92187215]Slow task still running after 13s. updateFile(request=# com.google.apps.drive.dataservice.UpdateItemRequest@abbdf048){account=68f5d8f9, submitTimeMs=475875875, startTimeMs=475875875, waitTimeMs=0, timedOut}
02-24 10:19:37.324 13023 13158 W CelloCake: [CELLO_TASK_RUNNER_MONITOR68f5d8f9-0] [Account=68f5d8f9:Task=116180444]Slow task still running after 13s. updateFile(request=# com.google.apps.drive.dataservice.UpdateItemRequest@abbdf048){account=68f5d8f9, submitTimeMs=475875895, startTimeMs=475875895, waitTimeMs=0, timedOut}
02-24 10:19:37.324 13023 13158 W CelloCake: [CELLO_TASK_RUNNER_MONITOR68f5d8f9-0] [Account=68f5d8f9:Task=188839653]Slow task still running after 13s. updateFile(request=# com.google.apps.drive.dataservice.UpdateItemRequest@ed59339a){account=68f5d8f9, submitTimeMs=475875895, startTimeMs=475875896, waitTimeMs=1, timedOut}
02-24 10:19:37.324 13023 13158 W CelloCake: [CELLO_TASK_RUNNER_MONITOR68f5d8f9-0] [Account=68f5d8f9:Task=121083322]Slow task still running after 13s. updateFile(request=# com.google.apps.drive.dataservice.UpdateItemRequest@ed59339a){account=68f5d8f9, submitTimeMs=475875916, startTimeMs=475875916, waitTimeMs=0, timedOut}
02-24 10:19:37.324 13023 13158 W CelloCake: [CELLO_TASK_RUNNER_MONITOR68f5d8f9-0] [Account=68f5d8f9:Task=170237035]Slow task still running after 13s. updateFile(request=# com.google.apps.drive.dataservice.UpdateItemRequest@fa0f71de){account=68f5d8f9, submitTimeMs=475875917, startTimeMs=475875917, waitTimeMs=0, timedOut}
02-24 10:19:37.324 13023 13158 W CelloCake: [CELLO_TASK_RUNNER_MONITOR68f5d8f9-0] [Account=68f5d8f9:Task=225338312]Slow task still running after 13s. updateFile(request=# com.google.apps.drive.dataservice.UpdateItemRequest@fa0f71de){account=68f5d8f9, submitTimeMs=475875946, startTimeMs=475875946, waitTimeMs=0, timedOut}
02-24 10:19:37.324 13023 13158 W CelloCake: [CELLO_TASK_RUNNER_MONITOR68f5d8f9-0] [Account=68f5d8f9:Task=253205601]Slow task still running after 13s. updateFile(request=# com.google.apps.drive.dataservice.UpdateItemRequest@f0b6d8a0){account=68f5d8f9, submitTimeMs=475875947, startTimeMs=475875947, waitTimeMs=0, timedOut}
02-24 10:19:37.324 13023 13158 W CelloCake: [CELLO_TASK_RUNNER_MONITOR68f5d8f9-0] [Account=68f5d8f9:Task=45699974]Slow task still running after 13s. updateFile(request=# com.google.apps.drive.dataservice.UpdateItemRequest@f0b6d8a0){account=68f5d8f9, submitTimeMs=475875974, startTimeMs=475875975, waitTimeMs=1, timedOut}
02-24 10:19:37.324 13023 13158 W CelloCake: [CELLO_TASK_RUNNER_MONITOR68f5d8f9-0] [Account=68f5d8f9:Task=268407879]Slow task still running after 13s. updateFile(request=# com.google.apps.drive.dataservice.UpdateItemRequest@465c9d6){account=68f5d8f9, submitTimeMs=475875975, startTimeMs=475875975, waitTimeMs=0, timedOut}
02-24 10:19:37.324 13023 13158 W CelloCake: [CELLO_TASK_RUNNER_MONITOR68f5d8f9-0] [Account=68f5d8f9:Task=82441332]Slow task still running after 13s. updateFile(request=# com.google.apps.drive.dataservice.UpdateItemRequest@465c9d6){account=68f5d8f9, submitTimeMs=475876004, startTimeMs=475876004, waitTimeMs=0, timedOut}
02-24 10:19:37.324 13023 13158 W CelloCake: [CELLO_TASK_RUNNER_MONITOR68f5d8f9-0] [Account=68f5d8f9:Task=97557917]Slow task still running after 13s. updateFile(request=# com.google.apps.drive.dataservice.UpdateItemRequest@3455b542){account=68f5d8f9, submitTimeMs=475876005, startTimeMs=475876005, waitTimeMs=0, timedOut}
02-24 10:19:37.324 13023 13158 W CelloCake: [CELLO_TASK_RUNNER_MONITOR68f5d8f9-0] [Account=68f5d8f9:Task=239542802]Slow task still running after 13s. updateFile(request=# com.google.apps.drive.dataservice.UpdateItemRequest@3455b542){account=68f5d8f9, submitTimeMs=475876087, startTimeMs=475876087, waitTimeMs=0, timedOut}
02-24 10:19:37.324 13023 13158 W CelloCake: [CELLO_TASK_RUNNER_MONITOR68f5d8f9-0] [Account=68f5d8f9:Task=211234275]Slow task still running after 13s. updateFile(request=# com.google.apps.drive.dataservice.UpdateItemRequest@2116221b){account=68f5d8f9, submitTimeMs=475876088, startTimeMs=475876093, waitTimeMs=5, timedOut}
02-24 10:19:37.324 13023 13158 W CelloCake: [CELLO_TASK_RUNNER_MONITOR68f5d8f9-0] [Account=68f5d8f9:Task=216785888]Slow task still running after 13s. updateFile(request=# com.google.apps.drive.dataservice.UpdateItemRequest@2116221b){account=68f5d8f9, submitTimeMs=475876109, startTimeMs=475876109, waitTimeMs=0, timedOut}
02-24 10:19:37.324 13023 13158 W CelloCake: [CELLO_TASK_RUNNER_MONITOR68f5d8f9-0] [Account=68f5d8f9:Task=253654681]Slow task still running after 13s. updateFile(request=# com.google.apps.drive.dataservice.UpdateItemRequest@ec916b20){account=68f5d8f9, submitTimeMs=475876110, startTimeMs=475876110, waitTimeMs=0, timedOut}
02-24 10:19:37.324 13023 13158 W CelloCake: [CELLO_TASK_RUNNER_MONITOR68f5d8f9-0] [Account=68f5d8f9:Task=191974750]Slow task still running after 13s. updateFile(request=# com.google.apps.drive.dataservice.UpdateItemRequest@ec916b20){account=68f5d8f9, submitTimeMs=475876145, startTimeMs=475876145, waitTimeMs=0, timedOut}
02-24 10:19:37.324 13023 13158 W CelloCake: [CELLO_TASK_RUNNER_MONITOR68f5d8f9-0] [Account=68f5d8f9:Task=159696191]Slow task still running after 13s. updateFile(request=# com.google.apps.drive.dataservice.UpdateItemRequest@ece4d14d){account=68f5d8f9, submitTimeMs=475876145, startTimeMs=475876146, waitTimeMs=1, timedOut}
02-24 10:19:37.324 13023 13158 W CelloCake: [CELLO_TASK_RUNNER_MONITOR68f5d8f9-0] [Account=68f5d8f9:Task=257646092]Slow task still running after 13s. updateFile(request=# com.google.apps.drive.dataservice.UpdateItemRequest@ece4d14d){account=68f5d8f9, submitTimeMs=475876174, startTimeMs=475876174, waitTimeMs=0, timedOut}
02-24 10:19:37.324 13023 13158 W CelloCake: [CELLO_TASK_RUNNER_MONITOR68f5d8f9-0] [Account=68f5d8f9:Task=165077845]Slow task still running after 13s. updateFile(request=# com.google.apps.drive.dataservice.UpdateItemRequest@ed8d92f0){account=68f5d8f9, submitTimeMs=475876175, startTimeMs=475876175, waitTimeMs=0, timedOut}
02-24 10:19:37.324 13023 13158 W CelloCake: [CELLO_TASK_RUNNER_MONITOR68f5d8f9-0] [Account=68f5d8f9:Task=42000746]Slow task still running after 13s. updateFile(request=# com.google.apps.drive.dataservice.UpdateItemRequest@ed8d92f0){account=68f5d8f9, submitTimeMs=475876197, startTimeMs=475876197, waitTimeMs=0, timedOut}
02-24 10:19:37.324 13023 13158 W CelloCake: [CELLO_TASK_RUNNER_MONITOR68f5d8f9-0] [Account=68f5d8f9:Task=126514779]Slow task still running after 13s. updateFile(request=# com.google.apps.drive.dataservice.UpdateItemRequest@a9ed8b06){account=68f5d8f9, submitTimeMs=475876198, startTimeMs=475876198, waitTimeMs=0, timedOut}
02-24 10:19:37.324 13023 13158 W CelloCake: [CELLO_TASK_RUNNER_MONITOR68f5d8f9-0] [Account=68f5d8f9:Task=191254264]Slow task still running after 13s. updateFile(request=# com.google.apps.drive.dataservice.UpdateItemRequest@a9ed8b06){account=68f5d8f9, submitTimeMs=475876222, startTimeMs=475876222, waitTimeMs=0, timedOut}
02-24 10:19:37.324 13023 13158 W CelloCake: [CELLO_TASK_RUNNER_MONITOR68f5d8f9-0] [Account=68f5d8f9:Task=40853457]Slow task still running after 13s. updateFile(request=# com.google.apps.drive.dataservice.UpdateItemRequest@52783574){account=68f5d8f9, submitTimeMs=475876223, startTimeMs=475876223, waitTimeMs=0, timedOut}
02-24 10:19:37.324 13023 13158 W CelloCake: [CELLO_TASK_RUNNER_MONITOR68f5d8f9-0] [Account=68f5d8f9:Task=88320566]Slow task still running after 13s. updateFile(request=# com.google.apps.drive.dataservice.UpdateItemRequest@52783574){account=68f5d8f9, submitTimeMs=475876244, startTimeMs=475876245, waitTimeMs=1, timedOut}
02-24 10:19:37.324 13023 13158 W CelloCake: [CELLO_TASK_RUNNER_MONITOR68f5d8f9-0] [Account=68f5d8f9:Task=124788023]Slow task still running after 13s. updateFile(request=# com.google.apps.drive.dataservice.UpdateItemRequest@4a9782f3){account=68f5d8f9, submitTimeMs=475876245, startTimeMs=475876246, waitTimeMs=1, timedOut}
02-24 10:19:37.324 13023 13158 W CelloCake: [CELLO_TASK_RUNNER_MONITOR68f5d8f9-0] [Account=68f5d8f9:Task=53306020]Slow task still running after 13s. updateFile(request=# com.google.apps.drive.dataservice.UpdateItemRequest@4a9782f3){account=68f5d8f9, submitTimeMs=475876268, startTimeMs=475876268, waitTimeMs=0, timedOut}
02-24 10:19:37.324 13023 13158 W CelloCake: [CELLO_TASK_RUNNER_MONITOR68f5d8f9-0] [Account=68f5d8f9:Task=221849613]Slow task still running after 13s. updateFile(request=# com.google.apps.drive.dataservice.UpdateItemRequest@211fe8fa){account=68f5d8f9, submitTimeMs=475876269, startTimeMs=475876269, waitTimeMs=0, timedOut}
02-24 10:19:37.324 13023 13158 W CelloCake: [CELLO_TASK_RUNNER_MONITOR68f5d8f9-0] [Account=68f5d8f9:Task=43529154]Slow task still running after 13s. updateFile(request=# com.google.apps.drive.dataservice.UpdateItemRequest@211fe8fa){account=68f5d8f9, submitTimeMs=475876306, startTimeMs=475876306, waitTimeMs=0, timedOut}
02-24 10:19:37.324 13023 13158 W CelloCake: [CELLO_TASK_RUNNER_MONITOR68f5d8f9-0] [Account=68f5d8f9:Task=77551059]Slow task still running after 13s. updateFile(request=# com.google.apps.drive.dataservice.UpdateItemRequest@d03d7dae){account=68f5d8f9, submitTimeMs=475876306, startTimeMs=475876306, waitTimeMs=0, timedOut}
02-24 10:19:37.324 13023 13158 W CelloCake: [CELLO_TASK_RUNNER_MONITOR68f5d8f9-0] [Account=68f5d8f9:Task=137364752]Slow task still running after 13s. updateFile(request=# com.google.apps.drive.dataservice.UpdateItemRequest@d03d7dae){account=68f5d8f9, submitTimeMs=475876326, startTimeMs=475876326, waitTimeMs=0, timedOut}
02-24 10:19:37.324 13023 13158 W CelloCake: [CELLO_TASK_RUNNER_MONITOR68f5d8f9-0] [Account=68f5d8f9:Task=140326921]Slow task still running after 13s. updateFile(request=# com.google.apps.drive.dataservice.UpdateItemRequest@7c5ec353){account=68f5d8f9, submitTimeMs=475876327, startTimeMs=475876327, waitTimeMs=0, timedOut}
02-24 10:19:37.324 13023 13158 W CelloCake: [CELLO_TASK_RUNNER_MONITOR68f5d8f9-0] [Account=68f5d8f9:Task=112839182]Slow task still running after 13s. updateFile(request=# com.google.apps.drive.dataservice.UpdateItemRequest@7c5ec353){account=68f5d8f9, submitTimeMs=475876350, startTimeMs=475876350, waitTimeMs=0, timedOut}
02-24 10:19:37.324 13023 13158 W CelloCake: [CELLO_TASK_RUNNER_MONITOR68f5d8f9-0] [Account=68f5d8f9:Task=226458671]Slow task still running after 13s. updateFile(request=# com.google.apps.drive.dataservice.UpdateItemRequest@fe7eaac9){account=68f5d8f9, submitTimeMs=475876351, startTimeMs=475876351, waitTimeMs=0, timedOut}
02-24 10:19:37.324 13023 13158 W CelloCake: [CELLO_TASK_RUNNER_MONITOR68f5d8f9-0] [Account=68f5d8f9:Task=41443900]Slow task still running after 13s. updateFile(request=# com.google.apps.drive.dataservice.UpdateItemRequest@fe7eaac9){account=68f5d8f9, submitTimeMs=475876391, startTimeMs=475876391, waitTimeMs=0, timedOut}
02-24 10:19:37.324 13023 13158 W CelloCake: [CELLO_TASK_RUNNER_MONITOR68f5d8f9-0] [Account=68f5d8f9:Task=26758085]Slow task still running after 13s. updateFile(request=# com.google.apps.drive.dataservice.UpdateItemRequest@30f30e1c){account=68f5d8f9, submitTimeMs=475876392, startTimeMs=475876392, waitTimeMs=0, timedOut}
02-24 10:19:37.324 13023 13158 W CelloCake: [CELLO_TASK_RUNNER_MONITOR68f5d8f9-0] [Account=68f5d8f9:Task=72120602]Slow task still running after 13s. updateFile(request=# com.google.apps.drive.dataservice.UpdateItemRequest@30f30e1c){account=68f5d8f9, submitTimeMs=475876425, startTimeMs=475876425, waitTimeMs=0, timedOut}
02-24 10:19:37.324 13023 13158 W CelloCake: [CELLO_TASK_RUNNER_MONITOR68f5d8f9-0] [Account=68f5d8f9:Task=93432907]Slow task still running after 13s. updateFile(request=# com.google.apps.drive.dataservice.UpdateItemRequest@bac6ffa7){account=68f5d8f9, submitTimeMs=475876425, startTimeMs=475876426, waitTimeMs=1, timedOut}
02-24 10:19:37.324 13023 13158 W CelloCake: [CELLO_TASK_RUNNER_MONITOR68f5d8f9-0] [Account=68f5d8f9:Task=243754536]Slow task still running after 13s. updateFile(request=# com.google.apps.drive.dataservice.UpdateItemRequest@bac6ffa7){account=68f5d8f9, submitTimeMs=475876440, startTimeMs=475876440, waitTimeMs=0, timedOut}
02-24 10:19:37.324 13023 13158 W CelloCake: [CELLO_TASK_RUNNER_MONITOR68f5d8f9-0] [Account=68f5d8f9:Task=196534081]Slow task still running after 13s. updateFile(request=# com.google.apps.drive.dataservice.UpdateItemRequest@42350b6a){account=68f5d8f9, submitTimeMs=475876441, startTimeMs=475876441, waitTimeMs=0, timedOut}
02-24 10:19:37.324  2772  4077 V AlarmManager:  remove PendingIntent] PendingIntent{ad9d2b: PendingIntentRecord{61e935c com.sec.android.app.shealth broadcastIntent}}
02-24 10:19:37.334 13023 13158 W CelloCake: [CELLO_TASK_RUNNER_MONITOR68f5d8f9-0] [Account=68f5d8f9:Task=36244710]Slow task still running after 13s. updateFile(request=# com.google.apps.drive.dataservice.UpdateItemRequest@42350b6a){account=68f5d8f9, submitTimeMs=475876461, startTimeMs=475876461, waitTimeMs=0, timedOut}
02-24 10:19:37.334 13023 13158 W CelloCake: [CELLO_TASK_RUNNER_MONITOR68f5d8f9-0] [Account=68f5d8f9:Task=223134247]Slow task still running after 13s. updateFile(request=# com.google.apps.drive.dataservice.UpdateItemRequest@4a02b2c9){account=68f5d8f9, submitTimeMs=475876461, startTimeMs=475876461, waitTimeMs=0, timedOut}
02-24 10:19:37.334 13023 13158 W CelloCake: [CELLO_TASK_RUNNER_MONITOR68f5d8f9-0] [Account=68f5d8f9:Task=234929364]Slow task still running after 13s. updateFile(request=# com.google.apps.drive.dataservice.UpdateItemRequest@4a02b2c9){account=68f5d8f9, submitTimeMs=475876473, startTimeMs=475876474, waitTimeMs=1, timedOut}
02-24 10:19:37.334 13023 13158 W CelloCake: [CELLO_TASK_RUNNER_MONITOR68f5d8f9-0] [Account=68f5d8f9:Task=265367165]Slow task still running after 13s. updateFile(request=# com.google.apps.drive.dataservice.UpdateItemRequest@2874d83){account=68f5d8f9, submitTimeMs=475876474, startTimeMs=475876483, waitTimeMs=9, timedOut}
02-24 10:19:37.334 13023 13158 W CelloCake: [CELLO_TASK_RUNNER_MONITOR68f5d8f9-0] [Account=68f5d8f9:Task=166269298]Slow task still running after 13s. updateFile(request=# com.google.apps.drive.dataservice.UpdateItemRequest@2874d83){account=68f5d8f9, submitTimeMs=475876495, startTimeMs=475876495, waitTimeMs=0, timedOut}
02-24 10:19:37.334 13023 13158 W CelloCake: [CELLO_TASK_RUNNER_MONITOR68f5d8f9-0] [Account=68f5d8f9:Task=196696515]Slow task still running after 13s. updateFile(request=# com.google.apps.drive.dataservice.UpdateItemRequest@4e27f5d0){account=68f5d8f9, submitTimeMs=475876495, startTimeMs=475876495, waitTimeMs=0, timedOut}
02-24 10:19:37.334 13023 13158 W CelloCake: [CELLO_TASK_RUNNER_MONITOR68f5d8f9-0] [Account=68f5d8f9:Task=118936128]Slow task still running after 13s. updateFile(request=# com.google.apps.drive.dataservice.UpdateItemRequest@4e27f5d0){account=68f5d8f9, submitTimeMs=475876523, startTimeMs=475876523, waitTimeMs=0, timedOut}
02-24 10:19:37.334 13023 13158 W CelloCake: [CELLO_TASK_RUNNER_MONITOR68f5d8f9-0] [Account=68f5d8f9:Task=105330041]Slow task still running after 13s. updateFile(request=# com.google.apps.drive.dataservice.UpdateItemRequest@f3c96619){account=68f5d8f9, submitTimeMs=475876523, startTimeMs=475876524, waitTimeMs=1, timedOut}
02-24 10:19:37.334 13023 13158 W CelloCake: [CELLO_TASK_RUNNER_MONITOR68f5d8f9-0] [Account=68f5d8f9:Task=53662398]Slow task still running after 13s. updateFile(request=# com.google.apps.drive.dataservice.UpdateItemRequest@f3c96619){account=68f5d8f9, submitTimeMs=475876543, startTimeMs=475876543, waitTimeMs=0, timedOut}
02-24 10:19:37.334 13023 13158 W CelloCake: [CELLO_TASK_RUNNER_MONITOR68f5d8f9-0] [Account=68f5d8f9:Task=97373983]Slow task still running after 13s. updateFile(request=# com.google.apps.drive.dataservice.UpdateItemRequest@cca0f00){account=68f5d8f9, submitTimeMs=475876544, startTimeMs=475876544, waitTimeMs=0, timedOut}
02-24 10:19:37.334 13023 13158 W CelloCake: [CELLO_TASK_RUNNER_MONITOR68f5d8f9-0] [Account=68f5d8f9:Task=246862444]Slow task still running after 13s. updateFile(request=# com.google.apps.drive.dataservice.UpdateItemRequest@cca0f00){account=68f5d8f9, submitTimeMs=475876563, startTimeMs=475876563, waitTimeMs=0, timedOut}
02-24 10:19:37.334 13023 13158 W CelloCake: [CELLO_TASK_RUNNER_MONITOR68f5d8f9-0] [Account=68f5d8f9:Task=58503221]Slow task still running after 13s. updateFile(request=# com.google.apps.drive.dataservice.UpdateItemRequest@4ffb2e35){account=68f5d8f9, submitTimeMs=475876563, startTimeMs=475876563, waitTimeMs=0, timedOut}
02-24 10:19:37.334 13023 13158 W CelloCake: [CELLO_TASK_RUNNER_MONITOR68f5d8f9-0] [Account=68f5d8f9:Task=130374858]Slow task still running after 13s. updateFile(request=# com.google.apps.drive.dataservice.UpdateItemRequest@4ffb2e35){account=68f5d8f9, submitTimeMs=475876595, startTimeMs=475876595, waitTimeMs=0, timedOut}
02-24 10:19:37.334 13023 13158 W CelloCake: [CELLO_TASK_RUNNER_MONITOR68f5d8f9-0] [Account=68f5d8f9:Task=260718139]Slow task still running after 13s. updateFile(request=# com.google.apps.drive.dataservice.UpdateItemRequest@867903d1){account=68f5d8f9, submitTimeMs=475876595, startTimeMs=475876595, waitTimeMs=0, timedOut}
02-24 10:19:37.334 13023 13158 W CelloCake: [CELLO_TASK_RUNNER_MONITOR68f5d8f9-0] [Account=68f5d8f9:Task=158640472]Slow task still running after 13s. updateFile(request=# com.google.apps.drive.dataservice.UpdateItemRequest@867903d1){account=68f5d8f9, submitTimeMs=475876624, startTimeMs=475876624, waitTimeMs=0, timedOut}
02-24 10:19:37.334 13023 13158 W CelloCake: [CELLO_TASK_RUNNER_MONITOR68f5d8f9-0] [Account=68f5d8f9:Task=72686257]Slow task still running after 13s. updateFile(request=# com.google.apps.drive.dataservice.UpdateItemRequest@ea54d6b){account=68f5d8f9, submitTimeMs=475876625, startTimeMs=475876625, waitTimeMs=0, timedOut}
02-24 10:19:37.334 13023 13158 W CelloCake: [CELLO_TASK_RUNNER_MONITOR68f5d8f9-0] [Account=68f5d8f9:Task=205814678]Slow task still running after 13s. updateFile(request=# com.google.apps.drive.dataservice.UpdateItemRequest@ea54d6b){account=68f5d8f9, submitTimeMs=475876652, startTimeMs=475876653, waitTimeMs=1, timedOut}
02-24 10:19:37.334 13023 13158 W CelloCake: [CELLO_TASK_RUNNER_MONITOR68f5d8f9-0] [Account=68f5d8f9:Task=47481623]Slow task still running after 13s. updateFile(request=# com.google.apps.drive.dataservice.UpdateItemRequest@f31271b5){account=68f5d8f9, submitTimeMs=475876653, startTimeMs=475876653, waitTimeMs=0, timedOut}
02-24 10:19:37.334 13023 13158 W CelloCake: [CELLO_TASK_RUNNER_MONITOR68f5d8f9-0] [Account=68f5d8f9:Task=255263492]Slow task still running after 13s. updateFile(request=# com.google.apps.drive.dataservice.UpdateItemRequest@f31271b5){account=68f5d8f9, submitTimeMs=475876677, startTimeMs=475876678, waitTimeMs=1, timedOut}
02-24 10:19:37.334 13023 13158 W CelloCake: [CELLO_TASK_RUNNER_MONITOR68f5d8f9-0] [Account=68f5d8f9:Task=107983085]Slow task still running after 13s. updateFile(request=# com.google.apps.drive.dataservice.UpdateItemRequest@ef945a55){account=68f5d8f9, submitTimeMs=475876678, startTimeMs=475876678, waitTimeMs=0, timedOut}
02-24 10:19:37.334 13023 13158 W CelloCake: [CELLO_TASK_RUNNER_MONITOR68f5d8f9-0] [Account=68f5d8f9:Task=163887906]Slow task still running after 13s. updateFile(request=# com.google.apps.drive.dataservice.UpdateItemRequest@ef945a55){account=68f5d8f9, submitTimeMs=475876703, startTimeMs=475876704, waitTimeMs=1, timedOut}
02-24 10:19:37.334 13023 13158 W CelloCake: [CELLO_TASK_RUNNER_MONITOR68f5d8f9-0] [Account=68f5d8f9:Task=135543219]Slow task still running after 13s. updateFile(request=# com.google.apps.drive.dataservice.UpdateItemRequest@eef321c8){account=68f5d8f9, submitTimeMs=475876704, startTimeMs=475876704, waitTimeMs=0, timedOut}
02-24 10:19:37.334 13023 13158 W CelloCake: [CELLO_TASK_RUNNER_MONITOR68f5d8f9-0] [Account=68f5d8f9:Task=228805488]Slow task still running after 12s. updateFile(request=# com.google.apps.drive.dataservice.UpdateItemRequest@eef321c8){account=68f5d8f9, submitTimeMs=475876726, startTimeMs=475876726, waitTimeMs=0, timedOut}
02-24 10:19:37.334 13023 13158 W CelloCake: [CELLO_TASK_RUNNER_MONITOR68f5d8f9-0] [Account=68f5d8f9:Task=136539881]Slow task still running after 12s. updateFile(request=# com.google.apps.drive.dataservice.UpdateItemRequest@32fe2d09){account=68f5d8f9, submitTimeMs=475876726, startTimeMs=475876726, waitTimeMs=0, timedOut}
02-24 10:19:37.334 13023 13158 W CelloCake: [CELLO_TASK_RUNNER_MONITOR68f5d8f9-0] [Account=68f5d8f9:Task=265230589]Slow task still running after 12s. updateFile(request=# com.google.apps.drive.dataservice.UpdateItemRequest@32fe2d09){account=68f5d8f9, submitTimeMs=475876746, startTimeMs=475876746, waitTimeMs=0, timedOut}
02-24 10:19:37.334 13023 13158 W CelloCake: [CELLO_TASK_RUNNER_MONITOR68f5d8f9-0] [Account=68f5d8f9:Task=91810290]Slow task still running after 12s. updateFile(request=# com.google.apps.drive.dataservice.UpdateItemRequest@63ec550f){account=68f5d8f9, submitTimeMs=475876747, startTimeMs=475876747, waitTimeMs=0, timedOut}
02-24 10:19:37.334 13023 13158 W CelloCake: [CELLO_TASK_RUNNER_MONITOR68f5d8f9-0] [Account=68f5d8f9:Task=250579011]Slow task still running after 12s. updateFile(request=# com.google.apps.drive.dataservice.UpdateItemRequest@63ec550f){account=68f5d8f9, submitTimeMs=475876768, startTimeMs=475876768, waitTimeMs=0, timedOut}
02-24 10:19:37.334 13023 13158 W CelloCake: [CELLO_TASK_RUNNER_MONITOR68f5d8f9-0] [Account=68f5d8f9:Task=240361152]Slow task still running after 12s. updateFile(request=# com.google.apps.drive.dataservice.UpdateItemRequest@a5d0206){account=68f5d8f9, submitTimeMs=475876768, startTimeMs=475876768, waitTimeMs=0, timedOut}
02-24 10:19:37.334 13023 13158 W CelloCake: [CELLO_TASK_RUNNER_MONITOR68f5d8f9-0] [Account=68f5d8f9:Task=209274873]Slow task still running after 12s. updateFile(request=# com.google.apps.drive.dataservice.UpdateItemRequest@a5d0206){account=68f5d8f9, submitTimeMs=475876790, startTimeMs=475876790, waitTimeMs=0, timedOut}
02-24 10:19:37.334 13023 13158 W CelloCake: [CELLO_TASK_RUNNER_MONITOR68f5d8f9-0] [Account=68f5d8f9:Task=120042302]Slow task still running after 12s. updateFile(request=# com.google.apps.drive.dataservice.UpdateItemRequest@a77cdd6a){account=68f5d8f9, submitTimeMs=475876790, startTimeMs=475876790, waitTimeMs=0, timedOut}
02-24 10:19:37.334 13023 13158 W CelloCake: [CELLO_TASK_RUNNER_MONITOR68f5d8f9-0] [Account=68f5d8f9:Task=74999199]Slow task still running after 12s. updateFile(request=# com.google.apps.drive.dataservice.UpdateItemRequest@a77cdd6a){account=68f5d8f9, submitTimeMs=475876815, startTimeMs=475876815, waitTimeMs=0, timedOut}
02-24 10:19:37.334 13023 13158 W CelloCake: [CELLO_TASK_RUNNER_MONITOR68f5d8f9-0] [Account=68f5d8f9:Task=238282476]Slow task still running after 12s. updateFile(request=# com.google.apps.drive.dataservice.UpdateItemRequest@3f344f77){account=68f5d8f9, submitTimeMs=475876815, startTimeMs=475876816, waitTimeMs=1, timedOut}
02-24 10:19:37.334 13023 13158 W CelloCake: [CELLO_TASK_RUNNER_MONITOR68f5d8f9-0] [Account=68f5d8f9:Task=50162357]Slow task still running after 12s. updateFile(request=# com.google.apps.drive.dataservice.UpdateItemRequest@3f344f77){account=68f5d8f9, submitTimeMs=475876835, startTimeMs=475876836, waitTimeMs=1, timedOut}
02-24 10:19:37.334 13023 13158 W CelloCake: [CELLO_TASK_RUNNER_MONITOR68f5d8f9-0] [Account=68f5d8f9:Task=157795658]Slow task still running after 12s. updateFile(request=# com.google.apps.drive.dataservice.UpdateItemRequest@ab763922){account=68f5d8f9, submitTimeMs=475876836, startTimeMs=475876836, waitTimeMs=0, timedOut}
02-24 10:19:37.334 13023 13158 W CelloCake: [CELLO_TASK_RUNNER_MONITOR68f5d8f9-0] [Account=68f5d8f9:Task=8895675]Slow task still running after 12s. updateFile(request=# com.google.apps.drive.dataservice.UpdateItemRequest@ab763922){account=68f5d8f9, submitTimeMs=475876856, startTimeMs=475876856, waitTimeMs=0, timedOut}
02-24 10:19:37.334 13023 13158 W CelloCake: [CELLO_TASK_RUNNER_MONITOR68f5d8f9-0] [Account=68f5d8f9:Task=149849560]Slow task still running after 12s. updateFile(request=# com.google.apps.drive.dataservice.UpdateItemRequest@41b97459){account=68f5d8f9, submitTimeMs=475876856, startTimeMs=475876856, waitTimeMs=0, timedOut}
02-24 10:19:37.334 13023 13158 W CelloCake: [CELLO_TASK_RUNNER_MONITOR68f5d8f9-0] [Account=68f5d8f9:Task=124190001]Slow task still running after 12s. updateFile(request=# com.google.apps.drive.dataservice.UpdateItemRequest@41b97459){account=68f5d8f9, submitTimeMs=475876876, startTimeMs=475876876, waitTimeMs=0, timedOut}
02-24 10:19:37.334 13023 13158 W CelloCake: [CELLO_TASK_RUNNER_MONITOR68f5d8f9-0] [Account=68f5d8f9:Task=216329238]Slow task still running after 12s. updateFile(request=# com.google.apps.drive.dataservice.UpdateItemRequest@11e6fbb5){account=68f5d8f9, submitTimeMs=475876877, startTimeMs=475876877, waitTimeMs=0, timedOut}
02-24 10:19:37.334 13023 13158 W CelloCake: [CELLO_TASK_RUNNER_MONITOR68f5d8f9-0] [Account=68f5d8f9:Task=208365975]Slow task still running after 12s. updateFile(request=# com.google.apps.drive.dataservice.UpdateItemRequest@11e6fbb5){account=68f5d8f9, submitTimeMs=475876900, startTimeMs=475876900, waitTimeMs=0, timedOut}
02-24 10:19:37.334 13023 13158 W CelloCake: [CELLO_TASK_RUNNER_MONITOR68f5d8f9-0] [Account=68f5d8f9:Task=95561604]Slow task still running after 12s. updateFile(request=# com.google.apps.drive.dataservice.UpdateItemRequest@33acd654){account=68f5d8f9, submitTimeMs=475876901, startTimeMs=475876901, waitTimeMs=0, timedOut}
02-24 10:19:37.334 13023 13158 W CelloCake: [CELLO_TASK_RUNNER_MONITOR68f5d8f9-0] [Account=68f5d8f9:Task=150813549]Slow task still running after 12s. updateFile(request=# com.google.apps.drive.dataservice.UpdateItemRequest@33acd654){account=68f5d8f9, submitTimeMs=475876921, startTimeMs=475876921, waitTimeMs=0, timedOut}
02-24 10:19:37.334 13023 13158 W CelloCake: [CELLO_TASK_RUNNER_MONITOR68f5d8f9-0] [Account=68f5d8f9:Task=255570850]Slow task still running after 12s. updateFile(request=# com.google.apps.drive.dataservice.UpdateItemRequest@c11b9286){account=68f5d8f9, submitTimeMs=475876921, startTimeMs=475876921, waitTimeMs=0, timedOut}
02-24 10:19:37.334 13023 13158 W CelloCake: [CELLO_TASK_RUNNER_MONITOR68f5d8f9-0] [Account=68f5d8f9:Task=242419763]Slow task still running after 12s. updateFile(request=# com.google.apps.drive.dataservice.UpdateItemRequest@c11b9286){account=68f5d8f9, submitTimeMs=475876941, startTimeMs=475876942, waitTimeMs=1, timedOut}
02-24 10:19:37.334 13023 13158 W CelloCake: [CELLO_TASK_RUNNER_MONITOR68f5d8f9-0] [Account=68f5d8f9:Task=233584624]Slow task still running after 12s. updateFile(request=# com.google.apps.drive.dataservice.UpdateItemRequest@3e91e855){account=68f5d8f9, submitTimeMs=475876942, startTimeMs=475876943, waitTimeMs=1, timedOut}
02-24 10:19:37.334 13023 13158 W CelloCake: [CELLO_TASK_RUNNER_MONITOR68f5d8f9-0] [Account=68f5d8f9:Task=171909481]Slow task still running after 12s. updateFile(request=# com.google.apps.drive.dataservice.UpdateItemRequest@3e91e855){account=68f5d8f9, submitTimeMs=475876961, startTimeMs=475876961, waitTimeMs=0, timedOut}
02-24 10:19:37.334 13023 13158 W CelloCake: [CELLO_TASK_RUNNER_MONITOR68f5d8f9-0] [Account=68f5d8f9:Task=155543534]Slow task still running after 12s. updateFile(request=# com.google.apps.drive.dataservice.UpdateItemRequest@545d3ab0){account=68f5d8f9, submitTimeMs=475876962, startTimeMs=475876962, waitTimeMs=0, timedOut}
02-24 10:19:37.334 13023 13158 W CelloCake: [CELLO_TASK_RUNNER_MONITOR68f5d8f9-0] [Account=68f5d8f9:Task=139195535]Slow task still running after 12s. updateFile(request=# com.google.apps.drive.dataservice.UpdateItemRequest@545d3ab0){account=68f5d8f9, submitTimeMs=475876982, startTimeMs=475876982, waitTimeMs=0, timedOut}
02-24 10:19:37.334 13023 13158 W CelloCake: [CELLO_TASK_RUNNER_MONITOR68f5d8f9-0] [Account=68f5d8f9:Task=41214748]Slow task still running after 12s. updateFile(request=# com.google.apps.drive.dataservice.UpdateItemRequest@5ba93e39){account=68f5d8f9, submitTimeMs=475876982, startTimeMs=475876982, waitTimeMs=0, timedOut}
02-24 10:19:37.334 13023 13158 W CelloCake: [CELLO_TASK_RUNNER_MONITOR68f5d8f9-0] [Account=68f5d8f9:Task=211774245]Slow task still running after 12s. updateFile(request=# com.google.apps.drive.dataservice.UpdateItemRequest@5ba93e39){account=68f5d8f9, submitTimeMs=475877003, startTimeMs=475877003, waitTimeMs=0, timedOut}
02-24 10:19:37.334 13023 13158 W CelloCake: [CELLO_TASK_RUNNER_MONITOR68f5d8f9-0] [Account=68f5d8f9:Task=103027962]Slow task still running after 12s. updateFile(request=# com.google.apps.drive.dataservice.UpdateItemRequest@3747e766){account=68f5d8f9, submitTimeMs=475877003, startTimeMs=475877003, waitTimeMs=0, timedOut}
02-24 10:19:37.334 13023 13158 W CelloCake: [CELLO_TASK_RUNNER_MONITOR68f5d8f9-0] [Account=68f5d8f9:Task=253577899]Slow task still running after 12s. updateFile(request=# com.google.apps.drive.dataservice.UpdateItemRequest@3747e766){account=68f5d8f9, submitTimeMs=475877016, startTimeMs=475877016, waitTimeMs=0, timedOut}
02-24 10:19:37.334 13023 13158 W CelloCake: [CELLO_TASK_RUNNER_MONITOR68f5d8f9-0] [Account=68f5d8f9:Task=125506824]Slow task still running after 12s. updateFile(request=# com.google.apps.drive.dataservice.UpdateItemRequest@19b1d029){account=68f5d8f9, submitTimeMs=475877016, startTimeMs=475877016, waitTimeMs=0, timedOut}
02-24 10:19:37.334 13023 13158 W CelloCake: [CELLO_TASK_RUNNER_MONITOR68f5d8f9-0] [Account=68f5d8f9:Task=201364641]Slow task still running after 12s. updateFile(request=# com.google.apps.drive.dataservice.UpdateItemRequest@19b1d029){account=68f5d8f9, submitTimeMs=475877036, startTimeMs=475877036, waitTimeMs=0, timedOut}
02-24 10:19:37.334 13023 13158 W CelloCake: [CELLO_TASK_RUNNER_MONITOR68f5d8f9-0] [Account=68f5d8f9:Task=252610246]Slow task still running after 12s. updateFile(request=# com.google.apps.drive.dataservice.UpdateItemRequest@9b28791d){account=68f5d8f9, submitTimeMs=475877036, startTimeMs=475877037, waitTimeMs=1, timedOut}
02-24 10:19:37.334 13023 13158 W CelloCake: [CELLO_TASK_RUNNER_MONITOR68f5d8f9-0] [Account=68f5d8f9:Task=157542023]Slow task still running after 12s. updateFile(request=# com.google.apps.drive.dataservice.UpdateItemRequest@9b28791d){account=68f5d8f9, submitTimeMs=475877057, startTimeMs=475877057, waitTimeMs=0, timedOut}
02-24 10:19:37.334 13023 13158 W CelloCake: [CELLO_TASK_RUNNER_MONITOR68f5d8f9-0] [Account=68f5d8f9:Task=53508532]Slow task still running after 12s. updateFile(request=# com.google.apps.drive.dataservice.UpdateItemRequest@b760f6f8){account=68f5d8f9, submitTimeMs=475877058, startTimeMs=475877063, waitTimeMs=5, timedOut}
02-24 10:19:37.334 13023 13158 W CelloCake: [CELLO_TASK_RUNNER_MONITOR68f5d8f9-0] [Account=68f5d8f9:Task=99670493]Slow task still running after 12s. updateFile(request=# com.google.apps.drive.dataservice.UpdateItemRequest@b760f6f8){account=68f5d8f9, submitTimeMs=475877079, startTimeMs=475877079, waitTimeMs=0, timedOut}
02-24 10:19:37.334 13023 13158 W CelloCake: [CELLO_TASK_RUNNER_MONITOR68f5d8f9-0] [Account=68f5d8f9:Task=131877202]Slow task still running after 12s. updateFile(request=# com.google.apps.drive.dataservice.UpdateItemRequest@78f5abe6){account=68f5d8f9, submitTimeMs=475877079, startTimeMs=475877080, waitTimeMs=1, timedOut}
02-24 10:19:37.334 13023 13158 W CelloCake: [CELLO_TASK_RUNNER_MONITOR68f5d8f9-0] [Account=68f5d8f9:Task=244212771]Slow task still running after 12s. updateFile(request=# com.google.apps.drive.dataservice.UpdateItemRequest@78f5abe6){account=68f5d8f9, submitTimeMs=475877099, startTimeMs=475877100, waitTimeMs=1, timedOut}
02-24 10:19:37.334 13023 13158 W CelloCake: [CELLO_TASK_RUNNER_MONITOR68f5d8f9-0] [Account=68f5d8f9:Task=188054816]Slow task still running after 12s. updateFile(request=# com.google.apps.drive.dataservice.UpdateItemRequest@a48a3416){account=68f5d8f9, submitTimeMs=475877100, startTimeMs=475877100, waitTimeMs=0, timedOut}
02-24 10:19:37.334 13023 13158 W CelloCake: [CELLO_TASK_RUNNER_MONITOR68f5d8f9-0] [Account=68f5d8f9:Task=145110745]Slow task still running after 12s. updateFile(request=# com.google.apps.drive.dataservice.UpdateItemRequest@a48a3416){account=68f5d8f9, submitTimeMs=475877121, startTimeMs=475877121, waitTimeMs=0, timedOut}
02-24 10:19:37.334 13023 13158 W CelloCake: [CELLO_TASK_RUNNER_MONITOR68f5d8f9-0] [Account=68f5d8f9:Task=139569310]Slow task still running after 12s. updateFile(request=# com.google.apps.drive.dataservice.UpdateItemRequest@a7b2b10e){account=68f5d8f9, submitTimeMs=475877121, startTimeMs=475877121, waitTimeMs=0, timedOut}
02-24 10:19:37.334 13023 13158 W CelloCake: [CELLO_TASK_RUNNER_MONITOR68f5d8f9-0] [Account=68f5d8f9:Task=72949631]Slow task still running after 12s. updateFile(request=# com.google.apps.drive.dataservice.UpdateItemRequest@a7b2b10e){account=68f5d8f9, submitTimeMs=475877134, startTimeMs=475877134, waitTimeMs=0, timedOut}
02-24 10:19:37.334 13023 13158 W CelloCake: [CELLO_TASK_RUNNER_MONITOR68f5d8f9-0] [Account=68f5d8f9:Task=214256460]Slow task still running after 12s. updateFile(request=# com.google.apps.drive.dataservice.UpdateItemRequest@1df14c67){account=68f5d8f9, submitTimeMs=475877134, startTimeMs=475877134, waitTimeMs=0, timedOut}
02-24 10:19:37.334 13023 13158 W CelloCake: [CELLO_TASK_RUNNER_MONITOR68f5d8f9-0] [Account=68f5d8f9:Task=96102293]Slow task still running after 12s. updateFile(request=# com.google.apps.drive.dataservice.UpdateItemRequest@1df14c67){account=68f5d8f9, submitTimeMs=475877154, startTimeMs=475877154, waitTimeMs=0, timedOut}
02-24 10:19:37.334 13023 13158 W CelloCake: [CELLO_TASK_RUNNER_MONITOR68f5d8f9-0] [Account=68f5d8f9:Task=237744298]Slow task still running after 12s. updateFile(request=# com.google.apps.drive.dataservice.UpdateItemRequest@ec9a2eb2){account=68f5d8f9, submitTimeMs=475877154, startTimeMs=475877154, waitTimeMs=0, timedOut}
02-24 10:19:37.334 13023 13158 W CelloCake: [CELLO_TASK_RUNNER_MONITOR68f5d8f9-0] [Account=68f5d8f9:Task=99234971]Slow task still running after 12s. updateFile(request=# com.google.apps.drive.dataservice.UpdateItemRequest@ec9a2eb2){account=68f5d8f9, submitTimeMs=475877174, startTimeMs=475877174, waitTimeMs=0, timedOut}
02-24 10:19:37.334 13023 13158 W CelloCake: [CELLO_TASK_RUNNER_MONITOR68f5d8f9-0] [Account=68f5d8f9:Task=195153976]Slow task still running after 12s. updateFile(request=# com.google.apps.drive.dataservice.UpdateItemRequest@8646a2b1){account=68f5d8f9, submitTimeMs=475877174, startTimeMs=475877174, waitTimeMs=0, timedOut}
